ARM GAS  C:\Users\Jeremias\AppData\Local\Temp\ccioPcmF.s 			page 1


   1              		.syntax unified
   2              		.cpu cortex-m0
   3              		.fpu softvfp
   4              		.eabi_attribute 20, 1
   5              		.eabi_attribute 21, 1
   6              		.eabi_attribute 23, 3
   7              		.eabi_attribute 24, 1
   8              		.eabi_attribute 25, 1
   9              		.eabi_attribute 26, 1
  10              		.eabi_attribute 30, 1
  11              		.eabi_attribute 34, 0
  12              		.eabi_attribute 18, 4
  13              		.thumb
  14              		.syntax unified
  15              		.file	"cyfitter_cfg.c"
  16              		.text
  17              	.Ltext0:
  18              		.cfi_sections	.debug_frame
  19              		.section	.text.cfg_write_bytes32,"ax",%progbits
  20              		.align	2
  21              		.code	16
  22              		.thumb_func
  23              		.type	cfg_write_bytes32, %function
  24              	cfg_write_bytes32:
  25              	.LFB3:
  26              		.file 1 "Generated_Source\\PSoC4\\cyfitter_cfg.c"
   1:Generated_Source\PSoC4/cyfitter_cfg.c **** 
   2:Generated_Source\PSoC4/cyfitter_cfg.c **** /*******************************************************************************
   3:Generated_Source\PSoC4/cyfitter_cfg.c **** * File Name: cyfitter_cfg.c
   4:Generated_Source\PSoC4/cyfitter_cfg.c **** * 
   5:Generated_Source\PSoC4/cyfitter_cfg.c **** * PSoC Creator  4.4
   6:Generated_Source\PSoC4/cyfitter_cfg.c **** *
   7:Generated_Source\PSoC4/cyfitter_cfg.c **** * Description:
   8:Generated_Source\PSoC4/cyfitter_cfg.c **** * This file contains device initialization code.
   9:Generated_Source\PSoC4/cyfitter_cfg.c **** * Except for the user defined sections in CyClockStartupError(), this file should not be modified.
  10:Generated_Source\PSoC4/cyfitter_cfg.c **** * This file is automatically generated by PSoC Creator.
  11:Generated_Source\PSoC4/cyfitter_cfg.c **** *
  12:Generated_Source\PSoC4/cyfitter_cfg.c **** ********************************************************************************
  13:Generated_Source\PSoC4/cyfitter_cfg.c **** * Copyright (c) 2007-2020 Cypress Semiconductor.  All rights reserved.
  14:Generated_Source\PSoC4/cyfitter_cfg.c **** * You may use this file only in accordance with the license, terms, conditions, 
  15:Generated_Source\PSoC4/cyfitter_cfg.c **** * disclaimers, and limitations in the end user license agreement accompanying 
  16:Generated_Source\PSoC4/cyfitter_cfg.c **** * the software package with which this file was provided.
  17:Generated_Source\PSoC4/cyfitter_cfg.c **** ********************************************************************************/
  18:Generated_Source\PSoC4/cyfitter_cfg.c **** 
  19:Generated_Source\PSoC4/cyfitter_cfg.c **** #include <string.h>
  20:Generated_Source\PSoC4/cyfitter_cfg.c **** #include "cytypes.h"
  21:Generated_Source\PSoC4/cyfitter_cfg.c **** #include "cydevice_trm.h"
  22:Generated_Source\PSoC4/cyfitter_cfg.c **** #include "cyfitter.h"
  23:Generated_Source\PSoC4/cyfitter_cfg.c **** #include "CyLib.h"
  24:Generated_Source\PSoC4/cyfitter_cfg.c **** #include "CyLFClk.h"
  25:Generated_Source\PSoC4/cyfitter_cfg.c **** #include "cyfitter_cfg.h"
  26:Generated_Source\PSoC4/cyfitter_cfg.c **** #include "cyapicallbacks.h"
  27:Generated_Source\PSoC4/cyfitter_cfg.c **** 
  28:Generated_Source\PSoC4/cyfitter_cfg.c **** 
  29:Generated_Source\PSoC4/cyfitter_cfg.c **** #if defined(__GNUC__) || defined(__ARMCC_VERSION)
  30:Generated_Source\PSoC4/cyfitter_cfg.c ****     #define CYPACKED 
  31:Generated_Source\PSoC4/cyfitter_cfg.c ****     #define CYPACKED_ATTR __attribute__ ((packed))
ARM GAS  C:\Users\Jeremias\AppData\Local\Temp\ccioPcmF.s 			page 2


  32:Generated_Source\PSoC4/cyfitter_cfg.c ****     #define CYALIGNED __attribute__ ((aligned))
  33:Generated_Source\PSoC4/cyfitter_cfg.c ****     #define CY_CFG_UNUSED __attribute__ ((unused))
  34:Generated_Source\PSoC4/cyfitter_cfg.c ****     #ifndef CY_CFG_SECTION
  35:Generated_Source\PSoC4/cyfitter_cfg.c ****         #define CY_CFG_SECTION __attribute__ ((section(".psocinit")))
  36:Generated_Source\PSoC4/cyfitter_cfg.c ****     #endif
  37:Generated_Source\PSoC4/cyfitter_cfg.c ****     
  38:Generated_Source\PSoC4/cyfitter_cfg.c ****     #if defined(__ARMCC_VERSION)
  39:Generated_Source\PSoC4/cyfitter_cfg.c ****         #define CY_CFG_MEMORY_BARRIER() __memory_changed()
  40:Generated_Source\PSoC4/cyfitter_cfg.c ****     #else
  41:Generated_Source\PSoC4/cyfitter_cfg.c ****         #define CY_CFG_MEMORY_BARRIER() __sync_synchronize()
  42:Generated_Source\PSoC4/cyfitter_cfg.c ****     #endif
  43:Generated_Source\PSoC4/cyfitter_cfg.c ****     
  44:Generated_Source\PSoC4/cyfitter_cfg.c **** #elif defined(__ICCARM__)
  45:Generated_Source\PSoC4/cyfitter_cfg.c ****     #include <intrinsics.h>
  46:Generated_Source\PSoC4/cyfitter_cfg.c **** 
  47:Generated_Source\PSoC4/cyfitter_cfg.c ****     #define CYPACKED __packed
  48:Generated_Source\PSoC4/cyfitter_cfg.c ****     #define CYPACKED_ATTR 
  49:Generated_Source\PSoC4/cyfitter_cfg.c ****     #define CYALIGNED _Pragma("data_alignment=4")
  50:Generated_Source\PSoC4/cyfitter_cfg.c ****     #define CY_CFG_UNUSED _Pragma("diag_suppress=Pe177")
  51:Generated_Source\PSoC4/cyfitter_cfg.c ****     #define CY_CFG_SECTION _Pragma("location=\".psocinit\"")
  52:Generated_Source\PSoC4/cyfitter_cfg.c ****     
  53:Generated_Source\PSoC4/cyfitter_cfg.c ****     #define CY_CFG_MEMORY_BARRIER() __DMB()
  54:Generated_Source\PSoC4/cyfitter_cfg.c ****     
  55:Generated_Source\PSoC4/cyfitter_cfg.c **** #else
  56:Generated_Source\PSoC4/cyfitter_cfg.c ****     #error Unsupported toolchain
  57:Generated_Source\PSoC4/cyfitter_cfg.c **** #endif
  58:Generated_Source\PSoC4/cyfitter_cfg.c **** 
  59:Generated_Source\PSoC4/cyfitter_cfg.c **** #ifndef CYCODE
  60:Generated_Source\PSoC4/cyfitter_cfg.c ****     #define CYCODE
  61:Generated_Source\PSoC4/cyfitter_cfg.c **** #endif
  62:Generated_Source\PSoC4/cyfitter_cfg.c **** #ifndef CYDATA
  63:Generated_Source\PSoC4/cyfitter_cfg.c ****     #define CYDATA
  64:Generated_Source\PSoC4/cyfitter_cfg.c **** #endif
  65:Generated_Source\PSoC4/cyfitter_cfg.c **** #ifndef CYFAR
  66:Generated_Source\PSoC4/cyfitter_cfg.c ****     #define CYFAR
  67:Generated_Source\PSoC4/cyfitter_cfg.c **** #endif
  68:Generated_Source\PSoC4/cyfitter_cfg.c **** #ifndef CYXDATA
  69:Generated_Source\PSoC4/cyfitter_cfg.c ****     #define CYXDATA
  70:Generated_Source\PSoC4/cyfitter_cfg.c **** #endif
  71:Generated_Source\PSoC4/cyfitter_cfg.c **** 
  72:Generated_Source\PSoC4/cyfitter_cfg.c **** 
  73:Generated_Source\PSoC4/cyfitter_cfg.c **** CY_CFG_UNUSED
  74:Generated_Source\PSoC4/cyfitter_cfg.c **** static void CYMEMZERO(void *s, size_t n);
  75:Generated_Source\PSoC4/cyfitter_cfg.c **** CY_CFG_UNUSED
  76:Generated_Source\PSoC4/cyfitter_cfg.c **** static void CYMEMZERO(void *s, size_t n)
  77:Generated_Source\PSoC4/cyfitter_cfg.c **** {
  78:Generated_Source\PSoC4/cyfitter_cfg.c **** 	(void)memset(s, 0, n);
  79:Generated_Source\PSoC4/cyfitter_cfg.c **** }
  80:Generated_Source\PSoC4/cyfitter_cfg.c **** CY_CFG_UNUSED
  81:Generated_Source\PSoC4/cyfitter_cfg.c **** static void CYCONFIGCPY(void *dest, const void *src, size_t n);
  82:Generated_Source\PSoC4/cyfitter_cfg.c **** CY_CFG_UNUSED
  83:Generated_Source\PSoC4/cyfitter_cfg.c **** static void CYCONFIGCPY(void *dest, const void *src, size_t n)
  84:Generated_Source\PSoC4/cyfitter_cfg.c **** {
  85:Generated_Source\PSoC4/cyfitter_cfg.c **** 	(void)memcpy(dest, src, n);
  86:Generated_Source\PSoC4/cyfitter_cfg.c **** }
  87:Generated_Source\PSoC4/cyfitter_cfg.c **** CY_CFG_UNUSED
  88:Generated_Source\PSoC4/cyfitter_cfg.c **** static void CYCONFIGCPYCODE(void *dest, const void *src, size_t n);
ARM GAS  C:\Users\Jeremias\AppData\Local\Temp\ccioPcmF.s 			page 3


  89:Generated_Source\PSoC4/cyfitter_cfg.c **** CY_CFG_UNUSED
  90:Generated_Source\PSoC4/cyfitter_cfg.c **** static void CYCONFIGCPYCODE(void *dest, const void *src, size_t n)
  91:Generated_Source\PSoC4/cyfitter_cfg.c **** {
  92:Generated_Source\PSoC4/cyfitter_cfg.c **** 	(void)memcpy(dest, src, n);
  93:Generated_Source\PSoC4/cyfitter_cfg.c **** }
  94:Generated_Source\PSoC4/cyfitter_cfg.c **** 
  95:Generated_Source\PSoC4/cyfitter_cfg.c **** 
  96:Generated_Source\PSoC4/cyfitter_cfg.c **** 
  97:Generated_Source\PSoC4/cyfitter_cfg.c **** 
  98:Generated_Source\PSoC4/cyfitter_cfg.c **** /* Clock startup error codes                                                   */
  99:Generated_Source\PSoC4/cyfitter_cfg.c **** #define CYCLOCKSTART_NO_ERROR    0u
 100:Generated_Source\PSoC4/cyfitter_cfg.c **** #define CYCLOCKSTART_XTAL_ERROR  1u
 101:Generated_Source\PSoC4/cyfitter_cfg.c **** #define CYCLOCKSTART_32KHZ_ERROR 2u
 102:Generated_Source\PSoC4/cyfitter_cfg.c **** #define CYCLOCKSTART_PLL_ERROR   3u
 103:Generated_Source\PSoC4/cyfitter_cfg.c **** #define CYCLOCKSTART_FLL_ERROR   4u
 104:Generated_Source\PSoC4/cyfitter_cfg.c **** #define CYCLOCKSTART_WCO_ERROR   5u
 105:Generated_Source\PSoC4/cyfitter_cfg.c **** 
 106:Generated_Source\PSoC4/cyfitter_cfg.c **** 
 107:Generated_Source\PSoC4/cyfitter_cfg.c **** #ifdef CY_NEED_CYCLOCKSTARTUPERROR
 108:Generated_Source\PSoC4/cyfitter_cfg.c **** /*******************************************************************************
 109:Generated_Source\PSoC4/cyfitter_cfg.c **** * Function Name: CyClockStartupError
 110:Generated_Source\PSoC4/cyfitter_cfg.c **** ********************************************************************************
 111:Generated_Source\PSoC4/cyfitter_cfg.c **** * Summary:
 112:Generated_Source\PSoC4/cyfitter_cfg.c **** *  If an error is encountered during clock configuration (crystal startup error,
 113:Generated_Source\PSoC4/cyfitter_cfg.c **** *  PLL lock error, etc.), the system will end up here.  Unless reimplemented by
 114:Generated_Source\PSoC4/cyfitter_cfg.c **** *  the customer, this function will stop in an infinite loop.
 115:Generated_Source\PSoC4/cyfitter_cfg.c **** *
 116:Generated_Source\PSoC4/cyfitter_cfg.c **** * Parameters:
 117:Generated_Source\PSoC4/cyfitter_cfg.c **** *   void
 118:Generated_Source\PSoC4/cyfitter_cfg.c **** *
 119:Generated_Source\PSoC4/cyfitter_cfg.c **** * Return:
 120:Generated_Source\PSoC4/cyfitter_cfg.c **** *   void
 121:Generated_Source\PSoC4/cyfitter_cfg.c **** *
 122:Generated_Source\PSoC4/cyfitter_cfg.c **** *******************************************************************************/
 123:Generated_Source\PSoC4/cyfitter_cfg.c **** CY_CFG_UNUSED
 124:Generated_Source\PSoC4/cyfitter_cfg.c **** static void CyClockStartupError(uint8 errorCode);
 125:Generated_Source\PSoC4/cyfitter_cfg.c **** CY_CFG_UNUSED
 126:Generated_Source\PSoC4/cyfitter_cfg.c **** static void CyClockStartupError(uint8 errorCode)
 127:Generated_Source\PSoC4/cyfitter_cfg.c **** {
 128:Generated_Source\PSoC4/cyfitter_cfg.c ****     /* To remove the compiler warning if errorCode not used.                */
 129:Generated_Source\PSoC4/cyfitter_cfg.c ****     errorCode = errorCode;
 130:Generated_Source\PSoC4/cyfitter_cfg.c **** 
 131:Generated_Source\PSoC4/cyfitter_cfg.c ****     /* If we have a clock startup error (bad MHz crystal, PLL lock, etc.),  */
 132:Generated_Source\PSoC4/cyfitter_cfg.c ****     /* we will end up here to allow the customer to implement something to  */
 133:Generated_Source\PSoC4/cyfitter_cfg.c ****     /* deal with the clock condition.                                       */
 134:Generated_Source\PSoC4/cyfitter_cfg.c **** 
 135:Generated_Source\PSoC4/cyfitter_cfg.c **** #ifdef CY_CFG_CLOCK_STARTUP_ERROR_CALLBACK
 136:Generated_Source\PSoC4/cyfitter_cfg.c ****     CY_CFG_Clock_Startup_ErrorCallback();
 137:Generated_Source\PSoC4/cyfitter_cfg.c **** #else
 138:Generated_Source\PSoC4/cyfitter_cfg.c ****     /*  If not using CY_CFG_CLOCK_STARTUP_ERROR_CALLBACK, place your clock startup code here. */
 139:Generated_Source\PSoC4/cyfitter_cfg.c ****     /* `#START CyClockStartupError` */
 140:Generated_Source\PSoC4/cyfitter_cfg.c **** 
 141:Generated_Source\PSoC4/cyfitter_cfg.c **** 
 142:Generated_Source\PSoC4/cyfitter_cfg.c **** 
 143:Generated_Source\PSoC4/cyfitter_cfg.c ****     /* `#END` */
 144:Generated_Source\PSoC4/cyfitter_cfg.c **** 
 145:Generated_Source\PSoC4/cyfitter_cfg.c ****     while(1) {}
ARM GAS  C:\Users\Jeremias\AppData\Local\Temp\ccioPcmF.s 			page 4


 146:Generated_Source\PSoC4/cyfitter_cfg.c **** #endif /* CY_CFG_CLOCK_STARTUP_ERROR_CALLBACK */
 147:Generated_Source\PSoC4/cyfitter_cfg.c **** }
 148:Generated_Source\PSoC4/cyfitter_cfg.c **** #endif
 149:Generated_Source\PSoC4/cyfitter_cfg.c **** 
 150:Generated_Source\PSoC4/cyfitter_cfg.c **** #define CY_CFG_BASE_ADDR_COUNT 7u
 151:Generated_Source\PSoC4/cyfitter_cfg.c **** CYPACKED typedef struct
 152:Generated_Source\PSoC4/cyfitter_cfg.c **** {
 153:Generated_Source\PSoC4/cyfitter_cfg.c **** 	uint8 offset;
 154:Generated_Source\PSoC4/cyfitter_cfg.c **** 	uint8 value;
 155:Generated_Source\PSoC4/cyfitter_cfg.c **** } CYPACKED_ATTR cy_cfg_addrvalue_t;
 156:Generated_Source\PSoC4/cyfitter_cfg.c **** 
 157:Generated_Source\PSoC4/cyfitter_cfg.c **** 
 158:Generated_Source\PSoC4/cyfitter_cfg.c **** 
 159:Generated_Source\PSoC4/cyfitter_cfg.c **** /*******************************************************************************
 160:Generated_Source\PSoC4/cyfitter_cfg.c **** * Function Name: cfg_write_bytes32
 161:Generated_Source\PSoC4/cyfitter_cfg.c **** ********************************************************************************
 162:Generated_Source\PSoC4/cyfitter_cfg.c **** * Summary:
 163:Generated_Source\PSoC4/cyfitter_cfg.c **** *  This function is used for setting up the chip configuration areas that
 164:Generated_Source\PSoC4/cyfitter_cfg.c **** *  contain relatively sparse data.
 165:Generated_Source\PSoC4/cyfitter_cfg.c **** *
 166:Generated_Source\PSoC4/cyfitter_cfg.c **** * Parameters:
 167:Generated_Source\PSoC4/cyfitter_cfg.c **** *   void
 168:Generated_Source\PSoC4/cyfitter_cfg.c **** *
 169:Generated_Source\PSoC4/cyfitter_cfg.c **** * Return:
 170:Generated_Source\PSoC4/cyfitter_cfg.c **** *   void
 171:Generated_Source\PSoC4/cyfitter_cfg.c **** *
 172:Generated_Source\PSoC4/cyfitter_cfg.c **** *******************************************************************************/
 173:Generated_Source\PSoC4/cyfitter_cfg.c **** static void cfg_write_bytes32(const uint32 addr_table[], const cy_cfg_addrvalue_t data_table[]);
 174:Generated_Source\PSoC4/cyfitter_cfg.c **** static void cfg_write_bytes32(const uint32 addr_table[], const cy_cfg_addrvalue_t data_table[])
 175:Generated_Source\PSoC4/cyfitter_cfg.c **** {
  27              		.loc 1 175 0
  28              		.cfi_startproc
  29              		@ args = 0, pretend = 0, frame = 0
  30              		@ frame_needed = 0, uses_anonymous_args = 0
  31              	.LVL0:
  32 0000 F0B5     		push	{r4, r5, r6, r7, lr}
  33              		.cfi_def_cfa_offset 20
  34              		.cfi_offset 4, -20
  35              		.cfi_offset 5, -16
  36              		.cfi_offset 6, -12
  37              		.cfi_offset 7, -8
  38              		.cfi_offset 14, -4
  39              	.LVL1:
 176:Generated_Source\PSoC4/cyfitter_cfg.c **** 	/* For 32-bit little-endian architectures */
 177:Generated_Source\PSoC4/cyfitter_cfg.c **** 	uint32 i, j = 0u;
  40              		.loc 1 177 0
  41 0002 0025     		movs	r5, #0
 178:Generated_Source\PSoC4/cyfitter_cfg.c **** 	for (i = 0u; i < CY_CFG_BASE_ADDR_COUNT; i++)
  42              		.loc 1 178 0
  43 0004 0027     		movs	r7, #0
  44 0006 11E0     		b	.L2
  45              	.LVL2:
  46              	.L5:
  47              	.LBB2:
 179:Generated_Source\PSoC4/cyfitter_cfg.c **** 	{
 180:Generated_Source\PSoC4/cyfitter_cfg.c **** 		uint32 baseAddr = addr_table[i];
  48              		.loc 1 180 0
ARM GAS  C:\Users\Jeremias\AppData\Local\Temp\ccioPcmF.s 			page 5


  49 0008 BB00     		lsls	r3, r7, #2
  50 000a C658     		ldr	r6, [r0, r3]
  51              	.LVL3:
 181:Generated_Source\PSoC4/cyfitter_cfg.c **** 		uint8 count = (uint8)baseAddr;
  52              		.loc 1 181 0
  53 000c F3B2     		uxtb	r3, r6
  54              	.LVL4:
 182:Generated_Source\PSoC4/cyfitter_cfg.c **** 		baseAddr &= 0xFFFFFF00u;
  55              		.loc 1 182 0
  56 000e FF22     		movs	r2, #255
  57 0010 9643     		bics	r6, r2
  58              	.LVL5:
 183:Generated_Source\PSoC4/cyfitter_cfg.c **** 		while (count != 0u)
  59              		.loc 1 183 0
  60 0012 08E0     		b	.L3
  61              	.L4:
 184:Generated_Source\PSoC4/cyfitter_cfg.c **** 		{
 185:Generated_Source\PSoC4/cyfitter_cfg.c **** 			CY_SET_REG8((void *)(baseAddr + data_table[j].offset), data_table[j].value);
  62              		.loc 1 185 0
  63 0014 6A00     		lsls	r2, r5, #1
  64 0016 8A18     		adds	r2, r1, r2
  65 0018 1478     		ldrb	r4, [r2]
  66 001a A419     		adds	r4, r4, r6
  67 001c 5278     		ldrb	r2, [r2, #1]
  68 001e 2270     		strb	r2, [r4]
 186:Generated_Source\PSoC4/cyfitter_cfg.c **** 			j++;
  69              		.loc 1 186 0
  70 0020 0135     		adds	r5, r5, #1
  71              	.LVL6:
 187:Generated_Source\PSoC4/cyfitter_cfg.c **** 			count--;
  72              		.loc 1 187 0
  73 0022 013B     		subs	r3, r3, #1
  74              	.LVL7:
  75 0024 DBB2     		uxtb	r3, r3
  76              	.LVL8:
  77              	.L3:
 183:Generated_Source\PSoC4/cyfitter_cfg.c **** 		{
  78              		.loc 1 183 0
  79 0026 002B     		cmp	r3, #0
  80 0028 F4D1     		bne	.L4
  81              	.LBE2:
 178:Generated_Source\PSoC4/cyfitter_cfg.c **** 	{
  82              		.loc 1 178 0 discriminator 2
  83 002a 0137     		adds	r7, r7, #1
  84              	.LVL9:
  85              	.L2:
 178:Generated_Source\PSoC4/cyfitter_cfg.c **** 	{
  86              		.loc 1 178 0 is_stmt 0 discriminator 1
  87 002c 062F     		cmp	r7, #6
  88 002e EBD9     		bls	.L5
 188:Generated_Source\PSoC4/cyfitter_cfg.c **** 		}
 189:Generated_Source\PSoC4/cyfitter_cfg.c **** 	}
 190:Generated_Source\PSoC4/cyfitter_cfg.c **** }
  89              		.loc 1 190 0 is_stmt 1
  90              		@ sp needed
  91              	.LVL10:
  92              	.LVL11:
ARM GAS  C:\Users\Jeremias\AppData\Local\Temp\ccioPcmF.s 			page 6


  93 0030 F0BD     		pop	{r4, r5, r6, r7, pc}
  94              		.cfi_endproc
  95              	.LFE3:
  96              		.size	cfg_write_bytes32, .-cfg_write_bytes32
  97 0032 C046     		.section	.text.CYMEMZERO,"ax",%progbits
  98              		.align	2
  99              		.code	16
 100              		.thumb_func
 101              		.type	CYMEMZERO, %function
 102              	CYMEMZERO:
 103              	.LFB0:
  77:Generated_Source\PSoC4/cyfitter_cfg.c **** 	(void)memset(s, 0, n);
 104              		.loc 1 77 0
 105              		.cfi_startproc
 106              		@ args = 0, pretend = 0, frame = 0
 107              		@ frame_needed = 0, uses_anonymous_args = 0
 108              	.LVL12:
 109 0000 10B5     		push	{r4, lr}
 110              		.cfi_def_cfa_offset 8
 111              		.cfi_offset 4, -8
 112              		.cfi_offset 14, -4
 113 0002 0A00     		movs	r2, r1
  78:Generated_Source\PSoC4/cyfitter_cfg.c **** }
 114              		.loc 1 78 0
 115 0004 0021     		movs	r1, #0
 116              	.LVL13:
 117 0006 FFF7FEFF 		bl	memset
 118              	.LVL14:
  79:Generated_Source\PSoC4/cyfitter_cfg.c **** CY_CFG_UNUSED
 119              		.loc 1 79 0
 120              		@ sp needed
 121 000a 10BD     		pop	{r4, pc}
 122              		.cfi_endproc
 123              	.LFE0:
 124              		.size	CYMEMZERO, .-CYMEMZERO
 125              		.section	.psocinit,"ax",%progbits
 126              		.align	2
 127              		.code	16
 128              		.thumb_func
 129              		.type	ClockSetup, %function
 130              	ClockSetup:
 131              	.LFB4:
 191:Generated_Source\PSoC4/cyfitter_cfg.c **** 
 192:Generated_Source\PSoC4/cyfitter_cfg.c **** 
 193:Generated_Source\PSoC4/cyfitter_cfg.c **** /*******************************************************************************
 194:Generated_Source\PSoC4/cyfitter_cfg.c **** * Function Name: ClockSetup
 195:Generated_Source\PSoC4/cyfitter_cfg.c **** ********************************************************************************
 196:Generated_Source\PSoC4/cyfitter_cfg.c **** *
 197:Generated_Source\PSoC4/cyfitter_cfg.c **** * Summary:
 198:Generated_Source\PSoC4/cyfitter_cfg.c **** *   Performs the initialization of all of the clocks in the device based on the
 199:Generated_Source\PSoC4/cyfitter_cfg.c **** *   settings in the Clock tab of the DWR.  This includes enabling the requested
 200:Generated_Source\PSoC4/cyfitter_cfg.c **** *   clocks and setting the necessary dividers to produce the desired frequency. 
 201:Generated_Source\PSoC4/cyfitter_cfg.c **** *
 202:Generated_Source\PSoC4/cyfitter_cfg.c **** * Parameters:
 203:Generated_Source\PSoC4/cyfitter_cfg.c **** *   void
 204:Generated_Source\PSoC4/cyfitter_cfg.c **** *
 205:Generated_Source\PSoC4/cyfitter_cfg.c **** * Return:
ARM GAS  C:\Users\Jeremias\AppData\Local\Temp\ccioPcmF.s 			page 7


 206:Generated_Source\PSoC4/cyfitter_cfg.c **** *   void
 207:Generated_Source\PSoC4/cyfitter_cfg.c **** *
 208:Generated_Source\PSoC4/cyfitter_cfg.c **** *******************************************************************************/
 209:Generated_Source\PSoC4/cyfitter_cfg.c **** static void ClockSetup(void);
 210:Generated_Source\PSoC4/cyfitter_cfg.c **** CY_CFG_SECTION
 211:Generated_Source\PSoC4/cyfitter_cfg.c **** static void ClockSetup(void)
 212:Generated_Source\PSoC4/cyfitter_cfg.c **** {
 132              		.loc 1 212 0
 133              		.cfi_startproc
 134              		@ args = 0, pretend = 0, frame = 0
 135              		@ frame_needed = 0, uses_anonymous_args = 0
 136 0000 70B5     		push	{r4, r5, r6, lr}
 137              		.cfi_def_cfa_offset 16
 138              		.cfi_offset 4, -16
 139              		.cfi_offset 5, -12
 140              		.cfi_offset 6, -8
 141              		.cfi_offset 14, -4
 213:Generated_Source\PSoC4/cyfitter_cfg.c **** 	/* Enable HALF_EN before trimming for the flash accelerator. */
 214:Generated_Source\PSoC4/cyfitter_cfg.c **** 	CY_SET_REG32((void CYXDATA *)(CYREG_CLK_SELECT), (CY_GET_REG32((void *)CYREG_CLK_SELECT) | 0x00040
 142              		.loc 1 214 0
 143 0002 0F4C     		ldr	r4, .L8
 144 0004 2368     		ldr	r3, [r4]
 145 0006 8022     		movs	r2, #128
 146 0008 D202     		lsls	r2, r2, #11
 147 000a 1343     		orrs	r3, r2
 148 000c 2360     		str	r3, [r4]
 215:Generated_Source\PSoC4/cyfitter_cfg.c **** 
 216:Generated_Source\PSoC4/cyfitter_cfg.c **** 	/* Setup and trim IMO based on desired frequency. */
 217:Generated_Source\PSoC4/cyfitter_cfg.c **** 	CySysClkWriteImoFreq(24u);
 149              		.loc 1 217 0
 150 000e 1820     		movs	r0, #24
 151 0010 FFF7FEFF 		bl	CySysClkWriteImoFreq
 152              	.LVL15:
 218:Generated_Source\PSoC4/cyfitter_cfg.c **** 
 219:Generated_Source\PSoC4/cyfitter_cfg.c **** 	/* Disable HALF_EN since it is not required at this IMO frequency. */
 220:Generated_Source\PSoC4/cyfitter_cfg.c **** 	CY_SET_REG32((void CYXDATA *)(CYREG_CLK_SELECT), (CY_GET_REG32((void *)CYREG_CLK_SELECT) & 0xFFFBF
 153              		.loc 1 220 0
 154 0014 2268     		ldr	r2, [r4]
 155 0016 0B4B     		ldr	r3, .L8+4
 156 0018 1340     		ands	r3, r2
 157 001a 2360     		str	r3, [r4]
 221:Generated_Source\PSoC4/cyfitter_cfg.c **** 	/* CYDEV_CLK_ILO_CONFIG Starting address: CYDEV_CLK_ILO_CONFIG */
 222:Generated_Source\PSoC4/cyfitter_cfg.c **** 	CY_SET_REG32((void *)(CYREG_CLK_ILO_CONFIG), 0x80000006u);
 158              		.loc 1 222 0
 159 001c 0A4A     		ldr	r2, .L8+8
 160 001e 0B4B     		ldr	r3, .L8+12
 161 0020 1A60     		str	r2, [r3]
 223:Generated_Source\PSoC4/cyfitter_cfg.c **** 
 224:Generated_Source\PSoC4/cyfitter_cfg.c **** 
 225:Generated_Source\PSoC4/cyfitter_cfg.c **** 	/* CYDEV_CLK_IMO_CONFIG Starting address: CYDEV_CLK_IMO_CONFIG */
 226:Generated_Source\PSoC4/cyfitter_cfg.c **** 	CY_SET_REG32((void *)(CYREG_CLK_IMO_CONFIG), 0x80000000u);
 162              		.loc 1 226 0
 163 0022 063A     		subs	r2, r2, #6
 164 0024 0A4B     		ldr	r3, .L8+16
 165 0026 1A60     		str	r2, [r3]
 227:Generated_Source\PSoC4/cyfitter_cfg.c **** 
 228:Generated_Source\PSoC4/cyfitter_cfg.c **** 	/* CYDEV_CLK_SELECT Starting address: CYDEV_CLK_SELECT */
ARM GAS  C:\Users\Jeremias\AppData\Local\Temp\ccioPcmF.s 			page 8


 229:Generated_Source\PSoC4/cyfitter_cfg.c **** 	CY_SET_REG32((void *)(CYREG_CLK_SELECT), 0x00000000u);
 166              		.loc 1 229 0
 167 0028 0025     		movs	r5, #0
 168 002a 2560     		str	r5, [r4]
 230:Generated_Source\PSoC4/cyfitter_cfg.c **** 
 231:Generated_Source\PSoC4/cyfitter_cfg.c **** 	(void)CyIntSetVector(9u, &CySysWdtIsr);
 169              		.loc 1 231 0
 170 002c 0949     		ldr	r1, .L8+20
 171 002e 0920     		movs	r0, #9
 172 0030 FFF7FEFF 		bl	CyIntSetVector
 173              	.LVL16:
 232:Generated_Source\PSoC4/cyfitter_cfg.c **** 	CyIntEnable(9u);
 174              		.loc 1 232 0
 175 0034 0920     		movs	r0, #9
 176 0036 FFF7FEFF 		bl	CyIntEnable
 177              	.LVL17:
 233:Generated_Source\PSoC4/cyfitter_cfg.c **** 	CY_SET_REG32((void *)(CYREG_WDT_CONFIG), 0x00000000u);
 178              		.loc 1 233 0
 179 003a 074B     		ldr	r3, .L8+24
 180 003c 1D60     		str	r5, [r3]
 234:Generated_Source\PSoC4/cyfitter_cfg.c **** }
 181              		.loc 1 234 0
 182              		@ sp needed
 183 003e 70BD     		pop	{r4, r5, r6, pc}
 184              	.L9:
 185              		.align	2
 186              	.L8:
 187 0040 00010B40 		.word	1074462976
 188 0044 FFFFFBFF 		.word	-262145
 189 0048 06000080 		.word	-2147483642
 190 004c 04010B40 		.word	1074462980
 191 0050 08010B40 		.word	1074462984
 192 0054 00000000 		.word	CySysWdtIsr
 193 0058 0C020B40 		.word	1074463244
 194              		.cfi_endproc
 195              	.LFE4:
 196              		.size	ClockSetup, .-ClockSetup
 197              		.section	.text.SetAnalogRoutingPumps,"ax",%progbits
 198              		.align	2
 199              		.global	SetAnalogRoutingPumps
 200              		.code	16
 201              		.thumb_func
 202              		.type	SetAnalogRoutingPumps, %function
 203              	SetAnalogRoutingPumps:
 204              	.LFB6:
 235:Generated_Source\PSoC4/cyfitter_cfg.c **** 
 236:Generated_Source\PSoC4/cyfitter_cfg.c **** 
 237:Generated_Source\PSoC4/cyfitter_cfg.c **** /* Analog API Functions */
 238:Generated_Source\PSoC4/cyfitter_cfg.c **** 
 239:Generated_Source\PSoC4/cyfitter_cfg.c **** 
 240:Generated_Source\PSoC4/cyfitter_cfg.c **** /*******************************************************************************
 241:Generated_Source\PSoC4/cyfitter_cfg.c **** * Function Name: AnalogSetDefault
 242:Generated_Source\PSoC4/cyfitter_cfg.c **** ********************************************************************************
 243:Generated_Source\PSoC4/cyfitter_cfg.c **** *
 244:Generated_Source\PSoC4/cyfitter_cfg.c **** * Summary:
 245:Generated_Source\PSoC4/cyfitter_cfg.c **** *  Sets up the analog portions of the chip to default values based on chip
 246:Generated_Source\PSoC4/cyfitter_cfg.c **** *  configuration options from the project.
ARM GAS  C:\Users\Jeremias\AppData\Local\Temp\ccioPcmF.s 			page 9


 247:Generated_Source\PSoC4/cyfitter_cfg.c **** *
 248:Generated_Source\PSoC4/cyfitter_cfg.c **** * Parameters:
 249:Generated_Source\PSoC4/cyfitter_cfg.c **** *  void
 250:Generated_Source\PSoC4/cyfitter_cfg.c **** *
 251:Generated_Source\PSoC4/cyfitter_cfg.c **** * Return:
 252:Generated_Source\PSoC4/cyfitter_cfg.c **** *  void
 253:Generated_Source\PSoC4/cyfitter_cfg.c **** *
 254:Generated_Source\PSoC4/cyfitter_cfg.c **** *******************************************************************************/
 255:Generated_Source\PSoC4/cyfitter_cfg.c **** static void AnalogSetDefault(void);
 256:Generated_Source\PSoC4/cyfitter_cfg.c **** static void AnalogSetDefault(void)
 257:Generated_Source\PSoC4/cyfitter_cfg.c **** {
 258:Generated_Source\PSoC4/cyfitter_cfg.c **** 	SetAnalogRoutingPumps(1);
 259:Generated_Source\PSoC4/cyfitter_cfg.c **** }
 260:Generated_Source\PSoC4/cyfitter_cfg.c **** 
 261:Generated_Source\PSoC4/cyfitter_cfg.c **** 
 262:Generated_Source\PSoC4/cyfitter_cfg.c **** /*******************************************************************************
 263:Generated_Source\PSoC4/cyfitter_cfg.c **** * Function Name: SetAnalogRoutingPumps
 264:Generated_Source\PSoC4/cyfitter_cfg.c **** ********************************************************************************
 265:Generated_Source\PSoC4/cyfitter_cfg.c **** *
 266:Generated_Source\PSoC4/cyfitter_cfg.c **** * Summary:
 267:Generated_Source\PSoC4/cyfitter_cfg.c **** * Enables or disables the analog pumps feeding analog routing switches.
 268:Generated_Source\PSoC4/cyfitter_cfg.c **** * Intended to be called at startup, based on the Vdda system configuration;
 269:Generated_Source\PSoC4/cyfitter_cfg.c **** * may be called during operation when the user informs us that the Vdda voltage crossed the pump th
 270:Generated_Source\PSoC4/cyfitter_cfg.c **** *
 271:Generated_Source\PSoC4/cyfitter_cfg.c **** * Parameters:
 272:Generated_Source\PSoC4/cyfitter_cfg.c **** *  enabled - 1 to enable the pumps, 0 to disable the pumps
 273:Generated_Source\PSoC4/cyfitter_cfg.c **** *
 274:Generated_Source\PSoC4/cyfitter_cfg.c **** * Return:
 275:Generated_Source\PSoC4/cyfitter_cfg.c **** *  void
 276:Generated_Source\PSoC4/cyfitter_cfg.c **** *
 277:Generated_Source\PSoC4/cyfitter_cfg.c **** *******************************************************************************/
 278:Generated_Source\PSoC4/cyfitter_cfg.c **** void SetAnalogRoutingPumps(uint8 enabled)
 279:Generated_Source\PSoC4/cyfitter_cfg.c **** {
 205              		.loc 1 279 0
 206              		.cfi_startproc
 207              		@ args = 0, pretend = 0, frame = 0
 208              		@ frame_needed = 0, uses_anonymous_args = 0
 209              		@ link register save eliminated.
 210              	.LVL18:
 280:Generated_Source\PSoC4/cyfitter_cfg.c **** 	uint32 regValue = CY_GET_XTND_REG32((void *)(CYREG_SAR_PUMP_CTRL));
 211              		.loc 1 280 0
 212 0000 0C4B     		ldr	r3, .L15
 213 0002 1B68     		ldr	r3, [r3]
 214              	.LVL19:
 281:Generated_Source\PSoC4/cyfitter_cfg.c **** 	if (enabled != 0u)
 215              		.loc 1 281 0
 216 0004 0028     		cmp	r0, #0
 217 0006 03D0     		beq	.L11
 282:Generated_Source\PSoC4/cyfitter_cfg.c **** 	{
 283:Generated_Source\PSoC4/cyfitter_cfg.c **** 		regValue |= 0x80000000u;
 218              		.loc 1 283 0
 219 0008 8022     		movs	r2, #128
 220 000a 1206     		lsls	r2, r2, #24
 221 000c 1343     		orrs	r3, r2
 222              	.LVL20:
 223 000e 01E0     		b	.L12
 224              	.L11:
ARM GAS  C:\Users\Jeremias\AppData\Local\Temp\ccioPcmF.s 			page 10


 284:Generated_Source\PSoC4/cyfitter_cfg.c **** 	}
 285:Generated_Source\PSoC4/cyfitter_cfg.c **** 	else
 286:Generated_Source\PSoC4/cyfitter_cfg.c **** 	{
 287:Generated_Source\PSoC4/cyfitter_cfg.c **** 		regValue &= ~0x80000000u;
 225              		.loc 1 287 0
 226 0010 5B00     		lsls	r3, r3, #1
 227              	.LVL21:
 228 0012 5B08     		lsrs	r3, r3, #1
 229              	.LVL22:
 230              	.L12:
 288:Generated_Source\PSoC4/cyfitter_cfg.c **** 	}
 289:Generated_Source\PSoC4/cyfitter_cfg.c **** 	CY_SET_XTND_REG32((void *)(CYREG_SAR_PUMP_CTRL), regValue);
 231              		.loc 1 289 0
 232 0014 074A     		ldr	r2, .L15
 233 0016 1360     		str	r3, [r2]
 290:Generated_Source\PSoC4/cyfitter_cfg.c **** 	regValue = CY_GET_XTND_REG32((void *)(CYREG_CLK_IMO_CONFIG));
 234              		.loc 1 290 0
 235 0018 074B     		ldr	r3, .L15+4
 236              	.LVL23:
 237 001a 1B68     		ldr	r3, [r3]
 238              	.LVL24:
 291:Generated_Source\PSoC4/cyfitter_cfg.c **** 	if (enabled != 0u)
 239              		.loc 1 291 0
 240 001c 0028     		cmp	r0, #0
 241 001e 03D0     		beq	.L13
 292:Generated_Source\PSoC4/cyfitter_cfg.c **** 	{
 293:Generated_Source\PSoC4/cyfitter_cfg.c **** 		regValue |= 0x02000000u;
 242              		.loc 1 293 0
 243 0020 8022     		movs	r2, #128
 244 0022 9204     		lsls	r2, r2, #18
 245 0024 1343     		orrs	r3, r2
 246              	.LVL25:
 247 0026 01E0     		b	.L14
 248              	.L13:
 294:Generated_Source\PSoC4/cyfitter_cfg.c **** 	}
 295:Generated_Source\PSoC4/cyfitter_cfg.c **** 	else
 296:Generated_Source\PSoC4/cyfitter_cfg.c **** 	{
 297:Generated_Source\PSoC4/cyfitter_cfg.c **** 		regValue &= ~0x02000000u;
 249              		.loc 1 297 0
 250 0028 044A     		ldr	r2, .L15+8
 251 002a 1340     		ands	r3, r2
 252              	.LVL26:
 253              	.L14:
 298:Generated_Source\PSoC4/cyfitter_cfg.c **** 	}
 299:Generated_Source\PSoC4/cyfitter_cfg.c **** 	CY_SET_XTND_REG32((void *)(CYREG_CLK_IMO_CONFIG), regValue);
 254              		.loc 1 299 0
 255 002c 024A     		ldr	r2, .L15+4
 256 002e 1360     		str	r3, [r2]
 300:Generated_Source\PSoC4/cyfitter_cfg.c **** }
 257              		.loc 1 300 0
 258              		@ sp needed
 259 0030 7047     		bx	lr
 260              	.L16:
 261 0032 C046     		.align	2
 262              	.L15:
 263 0034 80031A40 		.word	1075446656
 264 0038 08010B40 		.word	1074462984
ARM GAS  C:\Users\Jeremias\AppData\Local\Temp\ccioPcmF.s 			page 11


 265 003c FFFFFFFD 		.word	-33554433
 266              		.cfi_endproc
 267              	.LFE6:
 268              		.size	SetAnalogRoutingPumps, .-SetAnalogRoutingPumps
 269              		.section	.text.AnalogSetDefault,"ax",%progbits
 270              		.align	2
 271              		.code	16
 272              		.thumb_func
 273              		.type	AnalogSetDefault, %function
 274              	AnalogSetDefault:
 275              	.LFB5:
 257:Generated_Source\PSoC4/cyfitter_cfg.c **** 	SetAnalogRoutingPumps(1);
 276              		.loc 1 257 0
 277              		.cfi_startproc
 278              		@ args = 0, pretend = 0, frame = 0
 279              		@ frame_needed = 0, uses_anonymous_args = 0
 280 0000 10B5     		push	{r4, lr}
 281              		.cfi_def_cfa_offset 8
 282              		.cfi_offset 4, -8
 283              		.cfi_offset 14, -4
 258:Generated_Source\PSoC4/cyfitter_cfg.c **** }
 284              		.loc 1 258 0
 285 0002 0120     		movs	r0, #1
 286 0004 FFF7FEFF 		bl	SetAnalogRoutingPumps
 287              	.LVL27:
 259:Generated_Source\PSoC4/cyfitter_cfg.c **** 
 288              		.loc 1 259 0
 289              		@ sp needed
 290 0008 10BD     		pop	{r4, pc}
 291              		.cfi_endproc
 292              	.LFE5:
 293              		.size	AnalogSetDefault, .-AnalogSetDefault
 294              		.section	.psocinit
 295              		.align	2
 296              		.global	cyfitter_cfg
 297              		.code	16
 298              		.thumb_func
 299              		.type	cyfitter_cfg, %function
 300              	cyfitter_cfg:
 301              	.LFB7:
 301:Generated_Source\PSoC4/cyfitter_cfg.c **** 
 302:Generated_Source\PSoC4/cyfitter_cfg.c **** 
 303:Generated_Source\PSoC4/cyfitter_cfg.c **** 
 304:Generated_Source\PSoC4/cyfitter_cfg.c **** 
 305:Generated_Source\PSoC4/cyfitter_cfg.c **** /*******************************************************************************
 306:Generated_Source\PSoC4/cyfitter_cfg.c **** * Function Name: cyfitter_cfg
 307:Generated_Source\PSoC4/cyfitter_cfg.c **** ********************************************************************************
 308:Generated_Source\PSoC4/cyfitter_cfg.c **** * Summary:
 309:Generated_Source\PSoC4/cyfitter_cfg.c **** *  This function is called by the start-up code for the selected device. It
 310:Generated_Source\PSoC4/cyfitter_cfg.c **** *  performs all of the necessary device configuration based on the design
 311:Generated_Source\PSoC4/cyfitter_cfg.c **** *  settings.  This includes settings from the Design Wide Resources (DWR) such
 312:Generated_Source\PSoC4/cyfitter_cfg.c **** *  as Clocks and Pins as well as any component configuration that is necessary.
 313:Generated_Source\PSoC4/cyfitter_cfg.c **** *
 314:Generated_Source\PSoC4/cyfitter_cfg.c **** * Parameters:
 315:Generated_Source\PSoC4/cyfitter_cfg.c **** *   void
 316:Generated_Source\PSoC4/cyfitter_cfg.c **** *
 317:Generated_Source\PSoC4/cyfitter_cfg.c **** * Return:
ARM GAS  C:\Users\Jeremias\AppData\Local\Temp\ccioPcmF.s 			page 12


 318:Generated_Source\PSoC4/cyfitter_cfg.c **** *   void
 319:Generated_Source\PSoC4/cyfitter_cfg.c **** *
 320:Generated_Source\PSoC4/cyfitter_cfg.c **** *******************************************************************************/
 321:Generated_Source\PSoC4/cyfitter_cfg.c **** CY_CFG_SECTION
 322:Generated_Source\PSoC4/cyfitter_cfg.c **** void cyfitter_cfg(void)
 323:Generated_Source\PSoC4/cyfitter_cfg.c **** {
 302              		.loc 1 323 0
 303              		.cfi_startproc
 304              		@ args = 0, pretend = 0, frame = 0
 305              		@ frame_needed = 0, uses_anonymous_args = 0
 306 005c 10B5     		push	{r4, lr}
 307              		.cfi_def_cfa_offset 8
 308              		.cfi_offset 4, -8
 309              		.cfi_offset 14, -4
 324:Generated_Source\PSoC4/cyfitter_cfg.c **** 	/* Disable interrupts by default. Let user enable if/when they want. */
 325:Generated_Source\PSoC4/cyfitter_cfg.c **** 	CyGlobalIntDisable;
 310              		.loc 1 325 0
 311              		.syntax divided
 312              	@ 325 "Generated_Source\PSoC4\cyfitter_cfg.c" 1
 313 005e 72B6     		CPSID   i
 314              	@ 0 "" 2
 315              	.LVL28:
 316              		.thumb
 317              		.syntax unified
 318              	.LBB3:
 326:Generated_Source\PSoC4/cyfitter_cfg.c **** 
 327:Generated_Source\PSoC4/cyfitter_cfg.c **** 	{
 328:Generated_Source\PSoC4/cyfitter_cfg.c **** 		static const uint32 CYCODE cy_cfg_addr_table[] = {
 329:Generated_Source\PSoC4/cyfitter_cfg.c **** 			0x400F3004u, /* Base address: 0x400F3000 Count: 4 */
 330:Generated_Source\PSoC4/cyfitter_cfg.c **** 			0x400F3102u, /* Base address: 0x400F3100 Count: 2 */
 331:Generated_Source\PSoC4/cyfitter_cfg.c **** 			0x400F3302u, /* Base address: 0x400F3300 Count: 2 */
 332:Generated_Source\PSoC4/cyfitter_cfg.c **** 			0x400F4002u, /* Base address: 0x400F4000 Count: 2 */
 333:Generated_Source\PSoC4/cyfitter_cfg.c **** 			0x400F4102u, /* Base address: 0x400F4100 Count: 2 */
 334:Generated_Source\PSoC4/cyfitter_cfg.c **** 			0x400F4202u, /* Base address: 0x400F4200 Count: 2 */
 335:Generated_Source\PSoC4/cyfitter_cfg.c **** 			0x400F4302u, /* Base address: 0x400F4300 Count: 2 */
 336:Generated_Source\PSoC4/cyfitter_cfg.c **** 		};
 337:Generated_Source\PSoC4/cyfitter_cfg.c **** 
 338:Generated_Source\PSoC4/cyfitter_cfg.c **** 		static const cy_cfg_addrvalue_t CYCODE cy_cfg_data_table[] = {
 339:Generated_Source\PSoC4/cyfitter_cfg.c **** 			{0x38u, 0x88u},
 340:Generated_Source\PSoC4/cyfitter_cfg.c **** 			{0x3Eu, 0x44u},
 341:Generated_Source\PSoC4/cyfitter_cfg.c **** 			{0x58u, 0x04u},
 342:Generated_Source\PSoC4/cyfitter_cfg.c **** 			{0x5Fu, 0x01u},
 343:Generated_Source\PSoC4/cyfitter_cfg.c **** 			{0x18u, 0x01u},
 344:Generated_Source\PSoC4/cyfitter_cfg.c **** 			{0x1Bu, 0x04u},
 345:Generated_Source\PSoC4/cyfitter_cfg.c **** 			{0xABu, 0x04u},
 346:Generated_Source\PSoC4/cyfitter_cfg.c **** 			{0xB4u, 0x01u},
 347:Generated_Source\PSoC4/cyfitter_cfg.c **** 			{0x57u, 0x20u},
 348:Generated_Source\PSoC4/cyfitter_cfg.c **** 			{0xD4u, 0x40u},
 349:Generated_Source\PSoC4/cyfitter_cfg.c **** 			{0xABu, 0x20u},
 350:Generated_Source\PSoC4/cyfitter_cfg.c **** 			{0xEEu, 0x20u},
 351:Generated_Source\PSoC4/cyfitter_cfg.c **** 			{0x6Cu, 0x40u},
 352:Generated_Source\PSoC4/cyfitter_cfg.c **** 			{0xDCu, 0x02u},
 353:Generated_Source\PSoC4/cyfitter_cfg.c **** 			{0xB4u, 0x40u},
 354:Generated_Source\PSoC4/cyfitter_cfg.c **** 			{0xECu, 0x08u},
 355:Generated_Source\PSoC4/cyfitter_cfg.c **** 		};
 356:Generated_Source\PSoC4/cyfitter_cfg.c **** 
 357:Generated_Source\PSoC4/cyfitter_cfg.c **** 
ARM GAS  C:\Users\Jeremias\AppData\Local\Temp\ccioPcmF.s 			page 13


 358:Generated_Source\PSoC4/cyfitter_cfg.c **** 
 359:Generated_Source\PSoC4/cyfitter_cfg.c **** 		CYPACKED typedef struct {
 360:Generated_Source\PSoC4/cyfitter_cfg.c **** 			void CYFAR *address;
 361:Generated_Source\PSoC4/cyfitter_cfg.c **** 			uint16 size;
 362:Generated_Source\PSoC4/cyfitter_cfg.c **** 		} CYPACKED_ATTR cfg_memset_t;
 363:Generated_Source\PSoC4/cyfitter_cfg.c **** 
 364:Generated_Source\PSoC4/cyfitter_cfg.c **** 		static const cfg_memset_t CYCODE cfg_memset_list[] = {
 365:Generated_Source\PSoC4/cyfitter_cfg.c **** 			/* address, size */
 366:Generated_Source\PSoC4/cyfitter_cfg.c **** 			{(void CYFAR *)(CYDEV_UDB_P0_U0_BASE), 1024u},
 367:Generated_Source\PSoC4/cyfitter_cfg.c **** 			{(void CYFAR *)(CYDEV_UDB_DSI0_BASE), 1024u},
 368:Generated_Source\PSoC4/cyfitter_cfg.c **** 		};
 369:Generated_Source\PSoC4/cyfitter_cfg.c **** 
 370:Generated_Source\PSoC4/cyfitter_cfg.c **** 		uint8 CYDATA i;
 371:Generated_Source\PSoC4/cyfitter_cfg.c **** 
 372:Generated_Source\PSoC4/cyfitter_cfg.c **** 		/* Zero out critical memory blocks before beginning configuration */
 373:Generated_Source\PSoC4/cyfitter_cfg.c **** 		for (i = 0u; i < (sizeof(cfg_memset_list)/sizeof(cfg_memset_list[0])); i++)
 319              		.loc 1 373 0
 320 0060 0024     		movs	r4, #0
 321 0062 0FE0     		b	.L19
 322              	.LVL29:
 323              	.L20:
 324              	.LBB4:
 374:Generated_Source\PSoC4/cyfitter_cfg.c **** 		{
 375:Generated_Source\PSoC4/cyfitter_cfg.c **** 			const cfg_memset_t CYCODE * CYDATA ms = &cfg_memset_list[i];
 376:Generated_Source\PSoC4/cyfitter_cfg.c **** 			CYMEMZERO(ms->address, (size_t)(uint32)(ms->size));
 325              		.loc 1 376 0 discriminator 3
 326 0064 2248     		ldr	r0, .L21
 327 0066 6200     		lsls	r2, r4, #1
 328 0068 1319     		adds	r3, r2, r4
 329 006a 5900     		lsls	r1, r3, #1
 330 006c 0B00     		movs	r3, r1
 331 006e 4118     		adds	r1, r0, r1
 332 0070 8988     		ldrh	r1, [r1, #4]
 333 0072 1A5A     		ldrh	r2, [r3, r0]
 334 0074 C318     		adds	r3, r0, r3
 335 0076 5888     		ldrh	r0, [r3, #2]
 336 0078 0004     		lsls	r0, r0, #16
 337 007a 1043     		orrs	r0, r2
 338 007c FFF7FEFF 		bl	CYMEMZERO
 339              	.LVL30:
 340              	.LBE4:
 373:Generated_Source\PSoC4/cyfitter_cfg.c **** 		{
 341              		.loc 1 373 0 discriminator 3
 342 0080 0134     		adds	r4, r4, #1
 343              	.LVL31:
 344 0082 E4B2     		uxtb	r4, r4
 345              	.LVL32:
 346              	.L19:
 373:Generated_Source\PSoC4/cyfitter_cfg.c **** 		{
 347              		.loc 1 373 0 is_stmt 0 discriminator 1
 348 0084 012C     		cmp	r4, #1
 349 0086 EDD9     		bls	.L20
 377:Generated_Source\PSoC4/cyfitter_cfg.c **** 		}
 378:Generated_Source\PSoC4/cyfitter_cfg.c **** 
 379:Generated_Source\PSoC4/cyfitter_cfg.c **** 		cfg_write_bytes32(cy_cfg_addr_table, cy_cfg_data_table);
 350              		.loc 1 379 0 is_stmt 1
 351 0088 1948     		ldr	r0, .L21
ARM GAS  C:\Users\Jeremias\AppData\Local\Temp\ccioPcmF.s 			page 14


 352 008a 0100     		movs	r1, r0
 353 008c 0C31     		adds	r1, r1, #12
 354 008e 2C30     		adds	r0, r0, #44
 355 0090 FFF7FEFF 		bl	cfg_write_bytes32
 356              	.LVL33:
 380:Generated_Source\PSoC4/cyfitter_cfg.c **** 
 381:Generated_Source\PSoC4/cyfitter_cfg.c **** 		/* HSIOM Starting address: CYDEV_HSIOM_BASE */
 382:Generated_Source\PSoC4/cyfitter_cfg.c **** 		CY_SET_REG32((void *)(CYDEV_HSIOM_BASE), 0x00000060u);
 357              		.loc 1 382 0
 358 0094 6022     		movs	r2, #96
 359 0096 174B     		ldr	r3, .L21+4
 360 0098 1A60     		str	r2, [r3]
 383:Generated_Source\PSoC4/cyfitter_cfg.c **** 		CY_SET_REG32((void *)(CYREG_HSIOM_PORT_SEL3), 0x0000EE00u);
 361              		.loc 1 383 0
 362 009a EE22     		movs	r2, #238
 363 009c 1202     		lsls	r2, r2, #8
 364 009e 164B     		ldr	r3, .L21+8
 365 00a0 1A60     		str	r2, [r3]
 384:Generated_Source\PSoC4/cyfitter_cfg.c **** 
 385:Generated_Source\PSoC4/cyfitter_cfg.c **** 		/* UDB_PA_0 Starting address: CYDEV_UDB_PA0_BASE */
 386:Generated_Source\PSoC4/cyfitter_cfg.c **** 		CY_SET_REG32((void *)(CYDEV_UDB_PA0_BASE), 0x00990000u);
 366              		.loc 1 386 0
 367 00a2 9923     		movs	r3, #153
 368 00a4 1B04     		lsls	r3, r3, #16
 369 00a6 154A     		ldr	r2, .L21+12
 370 00a8 1360     		str	r3, [r2]
 387:Generated_Source\PSoC4/cyfitter_cfg.c **** 		CY_SET_REG32((void *)(CYREG_UDB_PA0_CFG8), 0x00040000u);
 371              		.loc 1 387 0
 372 00aa 8021     		movs	r1, #128
 373 00ac C902     		lsls	r1, r1, #11
 374 00ae 144A     		ldr	r2, .L21+16
 375 00b0 1160     		str	r1, [r2]
 388:Generated_Source\PSoC4/cyfitter_cfg.c **** 
 389:Generated_Source\PSoC4/cyfitter_cfg.c **** 		/* UDB_PA_3 Starting address: CYDEV_UDB_PA3_BASE */
 390:Generated_Source\PSoC4/cyfitter_cfg.c **** 		CY_SET_REG32((void *)(CYDEV_UDB_PA3_BASE), 0x00990000u);
 376              		.loc 1 390 0
 377 00b2 144A     		ldr	r2, .L21+20
 378 00b4 1360     		str	r3, [r2]
 391:Generated_Source\PSoC4/cyfitter_cfg.c **** 
 392:Generated_Source\PSoC4/cyfitter_cfg.c **** 		/* Enable UDB array and digital routing */
 393:Generated_Source\PSoC4/cyfitter_cfg.c **** 		CY_SET_XTND_REG8((void *)CYREG_UDB_UDBIF_WAIT_CFG, (uint8)((CY_GET_XTND_REG8((void *)CYREG_UDB_UD
 379              		.loc 1 393 0
 380 00b6 1449     		ldr	r1, .L21+24
 381 00b8 0B78     		ldrb	r3, [r1]
 382 00ba 3C22     		movs	r2, #60
 383 00bc 9343     		bics	r3, r2
 384 00be 1422     		movs	r2, #20
 385 00c0 1343     		orrs	r3, r2
 386 00c2 DBB2     		uxtb	r3, r3
 387 00c4 0B70     		strb	r3, [r1]
 394:Generated_Source\PSoC4/cyfitter_cfg.c **** 		CY_SET_XTND_REG8((void *)CYREG_UDB_UDBIF_BANK_CTL, (uint8)(CY_GET_XTND_REG8((void *)CYREG_UDB_UDB
 388              		.loc 1 394 0
 389 00c6 114A     		ldr	r2, .L21+28
 390 00c8 1178     		ldrb	r1, [r2]
 391 00ca 1623     		movs	r3, #22
 392 00cc 0B43     		orrs	r3, r1
 393 00ce DBB2     		uxtb	r3, r3
ARM GAS  C:\Users\Jeremias\AppData\Local\Temp\ccioPcmF.s 			page 15


 394 00d0 1370     		strb	r3, [r2]
 395              	.LBE3:
 395:Generated_Source\PSoC4/cyfitter_cfg.c **** 	}
 396:Generated_Source\PSoC4/cyfitter_cfg.c **** 
 397:Generated_Source\PSoC4/cyfitter_cfg.c **** 	/* Perform second pass device configuration. These items must be configured in specific order afte
 398:Generated_Source\PSoC4/cyfitter_cfg.c **** 	/* IOPINS0_0 Starting address: CYDEV_PRT0_BASE */
 399:Generated_Source\PSoC4/cyfitter_cfg.c **** 	CY_SET_REG32((void *)(CYDEV_PRT0_BASE), 0x00000002u);
 396              		.loc 1 399 0
 397 00d2 0223     		movs	r3, #2
 398 00d4 0E4A     		ldr	r2, .L21+32
 399 00d6 1360     		str	r3, [r2]
 400:Generated_Source\PSoC4/cyfitter_cfg.c **** 	CY_SET_REG32((void *)(CYREG_PRT0_PC2), 0x00000002u);
 400              		.loc 1 400 0
 401 00d8 0E4A     		ldr	r2, .L21+36
 402 00da 1360     		str	r3, [r2]
 401:Generated_Source\PSoC4/cyfitter_cfg.c **** 
 402:Generated_Source\PSoC4/cyfitter_cfg.c **** 	/* IOPINS0_3 Starting address: CYDEV_PRT3_BASE */
 403:Generated_Source\PSoC4/cyfitter_cfg.c **** 	CY_SET_REG32((void *)(CYREG_PRT3_PC), 0x00000D80u);
 403              		.loc 1 403 0
 404 00dc D822     		movs	r2, #216
 405 00de 1201     		lsls	r2, r2, #4
 406 00e0 0D4B     		ldr	r3, .L21+40
 407 00e2 1A60     		str	r2, [r3]
 404:Generated_Source\PSoC4/cyfitter_cfg.c **** 
 405:Generated_Source\PSoC4/cyfitter_cfg.c **** 
 406:Generated_Source\PSoC4/cyfitter_cfg.c **** 	/* Setup clocks based on selections from Clock DWR */
 407:Generated_Source\PSoC4/cyfitter_cfg.c **** 	ClockSetup();
 408              		.loc 1 407 0
 409 00e4 FFF78CFF 		bl	ClockSetup
 410              	.LVL34:
 408:Generated_Source\PSoC4/cyfitter_cfg.c **** 
 409:Generated_Source\PSoC4/cyfitter_cfg.c **** 	/* Perform basic analog initialization to defaults */
 410:Generated_Source\PSoC4/cyfitter_cfg.c **** 	AnalogSetDefault();
 411              		.loc 1 410 0
 412 00e8 FFF7FEFF 		bl	AnalogSetDefault
 413              	.LVL35:
 411:Generated_Source\PSoC4/cyfitter_cfg.c **** 
 412:Generated_Source\PSoC4/cyfitter_cfg.c **** }
 414              		.loc 1 412 0
 415              		@ sp needed
 416              	.LVL36:
 417 00ec 10BD     		pop	{r4, pc}
 418              	.L22:
 419 00ee C046     		.align	2
 420              	.L21:
 421 00f0 00000000 		.word	.LANCHOR0
 422 00f4 00000140 		.word	1073807360
 423 00f8 0C000140 		.word	1073807372
 424 00fc 00500F40 		.word	1074745344
 425 0100 08500F40 		.word	1074745352
 426 0104 30500F40 		.word	1074745392
 427 0108 01700F40 		.word	1074753537
 428 010c 00700F40 		.word	1074753536
 429 0110 00000440 		.word	1074003968
 430 0114 18000440 		.word	1074003992
 431 0118 08030440 		.word	1074004744
 432              		.cfi_endproc
ARM GAS  C:\Users\Jeremias\AppData\Local\Temp\ccioPcmF.s 			page 16


 433              	.LFE7:
 434              		.size	cyfitter_cfg, .-cyfitter_cfg
 435              		.section	.rodata
 436              		.align	2
 437              		.set	.LANCHOR0,. + 0
 438              		.type	cfg_memset_list.4876, %object
 439              		.size	cfg_memset_list.4876, 12
 440              	cfg_memset_list.4876:
 441 0000 00300F40 		.word	1074737152
 442 0004 0004     		.short	1024
 443 0006 00400F40 		.4byte	1074741248
 444 000a 0004     		.short	1024
 445              		.type	cy_cfg_data_table.4871, %object
 446              		.size	cy_cfg_data_table.4871, 32
 447              	cy_cfg_data_table.4871:
 448 000c 38       		.byte	56
 449 000d 88       		.byte	-120
 450 000e 3E       		.byte	62
 451 000f 44       		.byte	68
 452 0010 58       		.byte	88
 453 0011 04       		.byte	4
 454 0012 5F       		.byte	95
 455 0013 01       		.byte	1
 456 0014 18       		.byte	24
 457 0015 01       		.byte	1
 458 0016 1B       		.byte	27
 459 0017 04       		.byte	4
 460 0018 AB       		.byte	-85
 461 0019 04       		.byte	4
 462 001a B4       		.byte	-76
 463 001b 01       		.byte	1
 464 001c 57       		.byte	87
 465 001d 20       		.byte	32
 466 001e D4       		.byte	-44
 467 001f 40       		.byte	64
 468 0020 AB       		.byte	-85
 469 0021 20       		.byte	32
 470 0022 EE       		.byte	-18
 471 0023 20       		.byte	32
 472 0024 6C       		.byte	108
 473 0025 40       		.byte	64
 474 0026 DC       		.byte	-36
 475 0027 02       		.byte	2
 476 0028 B4       		.byte	-76
 477 0029 40       		.byte	64
 478 002a EC       		.byte	-20
 479 002b 08       		.byte	8
 480              		.type	cy_cfg_addr_table.4870, %object
 481              		.size	cy_cfg_addr_table.4870, 28
 482              	cy_cfg_addr_table.4870:
 483 002c 04300F40 		.word	1074737156
 484 0030 02310F40 		.word	1074737410
 485 0034 02330F40 		.word	1074737922
 486 0038 02400F40 		.word	1074741250
 487 003c 02410F40 		.word	1074741506
 488 0040 02420F40 		.word	1074741762
 489 0044 02430F40 		.word	1074742018
ARM GAS  C:\Users\Jeremias\AppData\Local\Temp\ccioPcmF.s 			page 17


 490              		.text
 491              	.Letext0:
 492              		.file 2 "c:\\program files (x86)\\cypress\\psoc creator\\4.4\\psoc creator\\import\\gnu\\arm\\5.4.
 493              		.file 3 "Generated_Source\\PSoC4\\cytypes.h"
 494              		.file 4 "Generated_Source\\PSoC4\\CyLib.h"
 495              		.section	.debug_info,"",%progbits
 496              	.Ldebug_info0:
 497 0000 00040000 		.4byte	0x400
 498 0004 0400     		.2byte	0x4
 499 0006 00000000 		.4byte	.Ldebug_abbrev0
 500 000a 04       		.byte	0x4
 501 000b 01       		.uleb128 0x1
 502 000c D1010000 		.4byte	.LASF44
 503 0010 0C       		.byte	0xc
 504 0011 06030000 		.4byte	.LASF45
 505 0015 1E000000 		.4byte	.LASF46
 506 0019 00000000 		.4byte	.Ldebug_ranges0+0
 507 001d 00000000 		.4byte	0
 508 0021 00000000 		.4byte	.Ldebug_line0
 509 0025 02       		.uleb128 0x2
 510 0026 04       		.byte	0x4
 511 0027 05       		.byte	0x5
 512 0028 696E7400 		.ascii	"int\000"
 513 002c 03       		.uleb128 0x3
 514 002d 06000000 		.4byte	.LASF12
 515 0031 02       		.byte	0x2
 516 0032 D8       		.byte	0xd8
 517 0033 37000000 		.4byte	0x37
 518 0037 04       		.uleb128 0x4
 519 0038 04       		.byte	0x4
 520 0039 07       		.byte	0x7
 521 003a 98010000 		.4byte	.LASF0
 522 003e 04       		.uleb128 0x4
 523 003f 08       		.byte	0x8
 524 0040 05       		.byte	0x5
 525 0041 91020000 		.4byte	.LASF1
 526 0045 04       		.uleb128 0x4
 527 0046 08       		.byte	0x8
 528 0047 04       		.byte	0x4
 529 0048 EE020000 		.4byte	.LASF2
 530 004c 04       		.uleb128 0x4
 531 004d 01       		.byte	0x1
 532 004e 06       		.byte	0x6
 533 004f FA020000 		.4byte	.LASF3
 534 0053 04       		.uleb128 0x4
 535 0054 01       		.byte	0x1
 536 0055 08       		.byte	0x8
 537 0056 2B010000 		.4byte	.LASF4
 538 005a 04       		.uleb128 0x4
 539 005b 02       		.byte	0x2
 540 005c 05       		.byte	0x5
 541 005d C6020000 		.4byte	.LASF5
 542 0061 04       		.uleb128 0x4
 543 0062 02       		.byte	0x2
 544 0063 07       		.byte	0x7
 545 0064 7E020000 		.4byte	.LASF6
 546 0068 04       		.uleb128 0x4
ARM GAS  C:\Users\Jeremias\AppData\Local\Temp\ccioPcmF.s 			page 18


 547 0069 04       		.byte	0x4
 548 006a 05       		.byte	0x5
 549 006b E5020000 		.4byte	.LASF7
 550 006f 04       		.uleb128 0x4
 551 0070 04       		.byte	0x4
 552 0071 07       		.byte	0x7
 553 0072 F3000000 		.4byte	.LASF8
 554 0076 04       		.uleb128 0x4
 555 0077 08       		.byte	0x8
 556 0078 07       		.byte	0x7
 557 0079 BA010000 		.4byte	.LASF9
 558 007d 04       		.uleb128 0x4
 559 007e 04       		.byte	0x4
 560 007f 07       		.byte	0x7
 561 0080 75020000 		.4byte	.LASF10
 562 0084 05       		.uleb128 0x5
 563 0085 04       		.byte	0x4
 564 0086 04       		.uleb128 0x4
 565 0087 01       		.byte	0x1
 566 0088 08       		.byte	0x8
 567 0089 9F020000 		.4byte	.LASF11
 568 008d 06       		.uleb128 0x6
 569 008e 05010000 		.4byte	.LASF13
 570 0092 03       		.byte	0x3
 571 0093 FB01     		.2byte	0x1fb
 572 0095 53000000 		.4byte	0x53
 573 0099 06       		.uleb128 0x6
 574 009a 70010000 		.4byte	.LASF14
 575 009e 03       		.byte	0x3
 576 009f FC01     		.2byte	0x1fc
 577 00a1 61000000 		.4byte	0x61
 578 00a5 06       		.uleb128 0x6
 579 00a6 82010000 		.4byte	.LASF15
 580 00aa 03       		.byte	0x3
 581 00ab FD01     		.2byte	0x1fd
 582 00ad 6F000000 		.4byte	0x6f
 583 00b1 04       		.uleb128 0x4
 584 00b2 04       		.byte	0x4
 585 00b3 04       		.byte	0x4
 586 00b4 D3000000 		.4byte	.LASF16
 587 00b8 04       		.uleb128 0x4
 588 00b9 08       		.byte	0x8
 589 00ba 04       		.byte	0x4
 590 00bb 40010000 		.4byte	.LASF17
 591 00bf 06       		.uleb128 0x6
 592 00c0 EE000000 		.4byte	.LASF18
 593 00c4 03       		.byte	0x3
 594 00c5 A502     		.2byte	0x2a5
 595 00c7 CB000000 		.4byte	0xcb
 596 00cb 07       		.uleb128 0x7
 597 00cc 8D000000 		.4byte	0x8d
 598 00d0 06       		.uleb128 0x6
 599 00d1 00000000 		.4byte	.LASF19
 600 00d5 03       		.byte	0x3
 601 00d6 A702     		.2byte	0x2a7
 602 00d8 DC000000 		.4byte	0xdc
 603 00dc 07       		.uleb128 0x7
ARM GAS  C:\Users\Jeremias\AppData\Local\Temp\ccioPcmF.s 			page 19


 604 00dd A5000000 		.4byte	0xa5
 605 00e1 08       		.uleb128 0x8
 606 00e2 02       		.byte	0x2
 607 00e3 01       		.byte	0x1
 608 00e4 97       		.byte	0x97
 609 00e5 02010000 		.4byte	0x102
 610 00e9 09       		.uleb128 0x9
 611 00ea B7020000 		.4byte	.LASF20
 612 00ee 01       		.byte	0x1
 613 00ef 99       		.byte	0x99
 614 00f0 8D000000 		.4byte	0x8d
 615 00f4 00       		.byte	0
 616 00f5 09       		.uleb128 0x9
 617 00f6 98000000 		.4byte	.LASF21
 618 00fa 01       		.byte	0x1
 619 00fb 9A       		.byte	0x9a
 620 00fc 8D000000 		.4byte	0x8d
 621 0100 01       		.byte	0x1
 622 0101 00       		.byte	0
 623 0102 03       		.uleb128 0x3
 624 0103 A4020000 		.4byte	.LASF22
 625 0107 01       		.byte	0x1
 626 0108 9B       		.byte	0x9b
 627 0109 E1000000 		.4byte	0xe1
 628 010d 0A       		.uleb128 0xa
 629 010e 47010000 		.4byte	.LASF27
 630 0112 01       		.byte	0x1
 631 0113 AE       		.byte	0xae
 632 0114 00000000 		.4byte	.LFB3
 633 0118 32000000 		.4byte	.LFE3-.LFB3
 634 011c 01       		.uleb128 0x1
 635 011d 9C       		.byte	0x9c
 636 011e 7F010000 		.4byte	0x17f
 637 0122 0B       		.uleb128 0xb
 638 0123 65010000 		.4byte	.LASF23
 639 0127 01       		.byte	0x1
 640 0128 AE       		.byte	0xae
 641 0129 7F010000 		.4byte	0x17f
 642 012d 01       		.uleb128 0x1
 643 012e 50       		.byte	0x50
 644 012f 0B       		.uleb128 0xb
 645 0130 77010000 		.4byte	.LASF24
 646 0134 01       		.byte	0x1
 647 0135 AE       		.byte	0xae
 648 0136 8A010000 		.4byte	0x18a
 649 013a 01       		.uleb128 0x1
 650 013b 51       		.byte	0x51
 651 013c 0C       		.uleb128 0xc
 652 013d 6900     		.ascii	"i\000"
 653 013f 01       		.byte	0x1
 654 0140 B1       		.byte	0xb1
 655 0141 A5000000 		.4byte	0xa5
 656 0145 00000000 		.4byte	.LLST0
 657 0149 0C       		.uleb128 0xc
 658 014a 6A00     		.ascii	"j\000"
 659 014c 01       		.byte	0x1
 660 014d B1       		.byte	0xb1
ARM GAS  C:\Users\Jeremias\AppData\Local\Temp\ccioPcmF.s 			page 20


 661 014e A5000000 		.4byte	0xa5
 662 0152 1F000000 		.4byte	.LLST1
 663 0156 0D       		.uleb128 0xd
 664 0157 08000000 		.4byte	.LBB2
 665 015b 22000000 		.4byte	.LBE2-.LBB2
 666 015f 0E       		.uleb128 0xe
 667 0160 6C020000 		.4byte	.LASF25
 668 0164 01       		.byte	0x1
 669 0165 B4       		.byte	0xb4
 670 0166 A5000000 		.4byte	0xa5
 671 016a 3E000000 		.4byte	.LLST2
 672 016e 0E       		.uleb128 0xe
 673 016f 9E000000 		.4byte	.LASF26
 674 0173 01       		.byte	0x1
 675 0174 B5       		.byte	0xb5
 676 0175 8D000000 		.4byte	0x8d
 677 0179 51000000 		.4byte	.LLST3
 678 017d 00       		.byte	0
 679 017e 00       		.byte	0
 680 017f 0F       		.uleb128 0xf
 681 0180 04       		.byte	0x4
 682 0181 85010000 		.4byte	0x185
 683 0185 10       		.uleb128 0x10
 684 0186 A5000000 		.4byte	0xa5
 685 018a 0F       		.uleb128 0xf
 686 018b 04       		.byte	0x4
 687 018c 90010000 		.4byte	0x190
 688 0190 10       		.uleb128 0x10
 689 0191 02010000 		.4byte	0x102
 690 0195 0A       		.uleb128 0xa
 691 0196 0B010000 		.4byte	.LASF28
 692 019a 01       		.byte	0x1
 693 019b 4C       		.byte	0x4c
 694 019c 00000000 		.4byte	.LFB0
 695 01a0 0C000000 		.4byte	.LFE0-.LFB0
 696 01a4 01       		.uleb128 0x1
 697 01a5 9C       		.byte	0x9c
 698 01a6 E2010000 		.4byte	0x1e2
 699 01aa 11       		.uleb128 0x11
 700 01ab 7300     		.ascii	"s\000"
 701 01ad 01       		.byte	0x1
 702 01ae 4C       		.byte	0x4c
 703 01af 84000000 		.4byte	0x84
 704 01b3 6F000000 		.4byte	.LLST4
 705 01b7 11       		.uleb128 0x11
 706 01b8 6E00     		.ascii	"n\000"
 707 01ba 01       		.byte	0x1
 708 01bb 4C       		.byte	0x4c
 709 01bc 2C000000 		.4byte	0x2c
 710 01c0 90000000 		.4byte	.LLST5
 711 01c4 12       		.uleb128 0x12
 712 01c5 0A000000 		.4byte	.LVL14
 713 01c9 D9030000 		.4byte	0x3d9
 714 01cd 13       		.uleb128 0x13
 715 01ce 01       		.uleb128 0x1
 716 01cf 50       		.byte	0x50
 717 01d0 03       		.uleb128 0x3
ARM GAS  C:\Users\Jeremias\AppData\Local\Temp\ccioPcmF.s 			page 21


 718 01d1 F3       		.byte	0xf3
 719 01d2 01       		.uleb128 0x1
 720 01d3 50       		.byte	0x50
 721 01d4 13       		.uleb128 0x13
 722 01d5 01       		.uleb128 0x1
 723 01d6 51       		.byte	0x51
 724 01d7 01       		.uleb128 0x1
 725 01d8 30       		.byte	0x30
 726 01d9 13       		.uleb128 0x13
 727 01da 01       		.uleb128 0x1
 728 01db 52       		.byte	0x52
 729 01dc 03       		.uleb128 0x3
 730 01dd F3       		.byte	0xf3
 731 01de 01       		.uleb128 0x1
 732 01df 51       		.byte	0x51
 733 01e0 00       		.byte	0
 734 01e1 00       		.byte	0
 735 01e2 0A       		.uleb128 0xa
 736 01e3 A4000000 		.4byte	.LASF29
 737 01e7 01       		.byte	0x1
 738 01e8 D3       		.byte	0xd3
 739 01e9 00000000 		.4byte	.LFB4
 740 01ed 5C000000 		.4byte	.LFE4-.LFB4
 741 01f1 01       		.uleb128 0x1
 742 01f2 9C       		.byte	0x9c
 743 01f3 2D020000 		.4byte	0x22d
 744 01f7 14       		.uleb128 0x14
 745 01f8 14000000 		.4byte	.LVL15
 746 01fc E2030000 		.4byte	0x3e2
 747 0200 0A020000 		.4byte	0x20a
 748 0204 13       		.uleb128 0x13
 749 0205 01       		.uleb128 0x1
 750 0206 50       		.byte	0x50
 751 0207 01       		.uleb128 0x1
 752 0208 48       		.byte	0x48
 753 0209 00       		.byte	0
 754 020a 14       		.uleb128 0x14
 755 020b 34000000 		.4byte	.LVL16
 756 020f ED030000 		.4byte	0x3ed
 757 0213 1D020000 		.4byte	0x21d
 758 0217 13       		.uleb128 0x13
 759 0218 01       		.uleb128 0x1
 760 0219 50       		.byte	0x50
 761 021a 01       		.uleb128 0x1
 762 021b 39       		.byte	0x39
 763 021c 00       		.byte	0
 764 021d 12       		.uleb128 0x12
 765 021e 3A000000 		.4byte	.LVL17
 766 0222 F8030000 		.4byte	0x3f8
 767 0226 13       		.uleb128 0x13
 768 0227 01       		.uleb128 0x1
 769 0228 50       		.byte	0x50
 770 0229 01       		.uleb128 0x1
 771 022a 39       		.byte	0x39
 772 022b 00       		.byte	0
 773 022c 00       		.byte	0
 774 022d 15       		.uleb128 0x15
ARM GAS  C:\Users\Jeremias\AppData\Local\Temp\ccioPcmF.s 			page 22


 775 022e 15010000 		.4byte	.LASF33
 776 0232 01       		.byte	0x1
 777 0233 1601     		.2byte	0x116
 778 0235 00000000 		.4byte	.LFB6
 779 0239 40000000 		.4byte	.LFE6-.LFB6
 780 023d 01       		.uleb128 0x1
 781 023e 9C       		.byte	0x9c
 782 023f 62020000 		.4byte	0x262
 783 0243 16       		.uleb128 0x16
 784 0244 BE020000 		.4byte	.LASF30
 785 0248 01       		.byte	0x1
 786 0249 1601     		.2byte	0x116
 787 024b 8D000000 		.4byte	0x8d
 788 024f 01       		.uleb128 0x1
 789 0250 50       		.byte	0x50
 790 0251 17       		.uleb128 0x17
 791 0252 2C030000 		.4byte	.LASF31
 792 0256 01       		.byte	0x1
 793 0257 1801     		.2byte	0x118
 794 0259 A5000000 		.4byte	0xa5
 795 025d BC000000 		.4byte	.LLST6
 796 0261 00       		.byte	0
 797 0262 18       		.uleb128 0x18
 798 0263 0D000000 		.4byte	.LASF32
 799 0267 01       		.byte	0x1
 800 0268 0001     		.2byte	0x100
 801 026a 00000000 		.4byte	.LFB5
 802 026e 0A000000 		.4byte	.LFE5-.LFB5
 803 0272 01       		.uleb128 0x1
 804 0273 9C       		.byte	0x9c
 805 0274 88020000 		.4byte	0x288
 806 0278 12       		.uleb128 0x12
 807 0279 08000000 		.4byte	.LVL27
 808 027d 2D020000 		.4byte	0x22d
 809 0281 13       		.uleb128 0x13
 810 0282 01       		.uleb128 0x1
 811 0283 50       		.byte	0x50
 812 0284 01       		.uleb128 0x1
 813 0285 31       		.byte	0x31
 814 0286 00       		.byte	0
 815 0287 00       		.byte	0
 816 0288 15       		.uleb128 0x15
 817 0289 A5010000 		.4byte	.LASF34
 818 028d 01       		.byte	0x1
 819 028e 4201     		.2byte	0x142
 820 0290 5C000000 		.4byte	.LFB7
 821 0294 C0000000 		.4byte	.LFE7-.LFB7
 822 0298 01       		.uleb128 0x1
 823 0299 9C       		.byte	0x9c
 824 029a AF030000 		.4byte	0x3af
 825 029e 19       		.uleb128 0x19
 826 029f 60000000 		.4byte	.LBB3
 827 02a3 72000000 		.4byte	.LBE3-.LBB3
 828 02a7 9C030000 		.4byte	0x39c
 829 02ab 1A       		.uleb128 0x1a
 830 02ac AF000000 		.4byte	.LASF35
 831 02b0 01       		.byte	0x1
ARM GAS  C:\Users\Jeremias\AppData\Local\Temp\ccioPcmF.s 			page 23


 832 02b1 4801     		.2byte	0x148
 833 02b3 BF030000 		.4byte	0x3bf
 834 02b7 05       		.uleb128 0x5
 835 02b8 03       		.byte	0x3
 836 02b9 2C000000 		.4byte	cy_cfg_addr_table.4870
 837 02bd 1A       		.uleb128 0x1a
 838 02be C1000000 		.4byte	.LASF36
 839 02c2 01       		.byte	0x1
 840 02c3 5201     		.2byte	0x152
 841 02c5 D4030000 		.4byte	0x3d4
 842 02c9 05       		.uleb128 0x5
 843 02ca 03       		.byte	0x3
 844 02cb 0C000000 		.4byte	cy_cfg_data_table.4871
 845 02cf 1B       		.uleb128 0x1b
 846 02d0 06       		.byte	0x6
 847 02d1 01       		.byte	0x1
 848 02d2 6701     		.2byte	0x167
 849 02d4 F3020000 		.4byte	0x2f3
 850 02d8 1C       		.uleb128 0x1c
 851 02d9 B2010000 		.4byte	.LASF37
 852 02dd 01       		.byte	0x1
 853 02de 6801     		.2byte	0x168
 854 02e0 84000000 		.4byte	0x84
 855 02e4 00       		.byte	0
 856 02e5 1C       		.uleb128 0x1c
 857 02e6 E9000000 		.4byte	.LASF38
 858 02ea 01       		.byte	0x1
 859 02eb 6901     		.2byte	0x169
 860 02ed 99000000 		.4byte	0x99
 861 02f1 04       		.byte	0x4
 862 02f2 00       		.byte	0
 863 02f3 06       		.uleb128 0x6
 864 02f4 5F020000 		.4byte	.LASF39
 865 02f8 01       		.byte	0x1
 866 02f9 6A01     		.2byte	0x16a
 867 02fb CF020000 		.4byte	0x2cf
 868 02ff 1D       		.uleb128 0x1d
 869 0300 0F030000 		.4byte	0x30f
 870 0304 0F030000 		.4byte	0x30f
 871 0308 1E       		.uleb128 0x1e
 872 0309 7D000000 		.4byte	0x7d
 873 030d 01       		.byte	0x1
 874 030e 00       		.byte	0
 875 030f 10       		.uleb128 0x10
 876 0310 F3020000 		.4byte	0x2f3
 877 0314 1A       		.uleb128 0x1a
 878 0315 D9000000 		.4byte	.LASF40
 879 0319 01       		.byte	0x1
 880 031a 6C01     		.2byte	0x16c
 881 031c 26030000 		.4byte	0x326
 882 0320 05       		.uleb128 0x5
 883 0321 03       		.byte	0x3
 884 0322 00000000 		.4byte	cfg_memset_list.4876
 885 0326 10       		.uleb128 0x10
 886 0327 FF020000 		.4byte	0x2ff
 887 032b 1F       		.uleb128 0x1f
 888 032c 6900     		.ascii	"i\000"
ARM GAS  C:\Users\Jeremias\AppData\Local\Temp\ccioPcmF.s 			page 24


 889 032e 01       		.byte	0x1
 890 032f 7201     		.2byte	0x172
 891 0331 8D000000 		.4byte	0x8d
 892 0335 F1000000 		.4byte	.LLST7
 893 0339 19       		.uleb128 0x19
 894 033a 64000000 		.4byte	.LBB4
 895 033e 1C000000 		.4byte	.LBE4-.LBB4
 896 0342 7F030000 		.4byte	0x37f
 897 0346 1F       		.uleb128 0x1f
 898 0347 6D7300   		.ascii	"ms\000"
 899 034a 01       		.byte	0x1
 900 034b 7701     		.2byte	0x177
 901 034d 55030000 		.4byte	0x355
 902 0351 1B010000 		.4byte	.LLST8
 903 0355 0F       		.uleb128 0xf
 904 0356 04       		.byte	0x4
 905 0357 0F030000 		.4byte	0x30f
 906 035b 12       		.uleb128 0x12
 907 035c 80000000 		.4byte	.LVL30
 908 0360 95010000 		.4byte	0x195
 909 0364 13       		.uleb128 0x13
 910 0365 01       		.uleb128 0x1
 911 0366 51       		.byte	0x51
 912 0367 15       		.uleb128 0x15
 913 0368 74       		.byte	0x74
 914 0369 00       		.sleb128 0
 915 036a 31       		.byte	0x31
 916 036b 24       		.byte	0x24
 917 036c 74       		.byte	0x74
 918 036d 00       		.sleb128 0
 919 036e 22       		.byte	0x22
 920 036f 31       		.byte	0x31
 921 0370 24       		.byte	0x24
 922 0371 03       		.byte	0x3
 923 0372 04000000 		.4byte	.LANCHOR0+4
 924 0376 22       		.byte	0x22
 925 0377 94       		.byte	0x94
 926 0378 02       		.byte	0x2
 927 0379 0A       		.byte	0xa
 928 037a FFFF     		.2byte	0xffff
 929 037c 1A       		.byte	0x1a
 930 037d 00       		.byte	0
 931 037e 00       		.byte	0
 932 037f 12       		.uleb128 0x12
 933 0380 94000000 		.4byte	.LVL33
 934 0384 0D010000 		.4byte	0x10d
 935 0388 13       		.uleb128 0x13
 936 0389 01       		.uleb128 0x1
 937 038a 50       		.byte	0x50
 938 038b 05       		.uleb128 0x5
 939 038c 03       		.byte	0x3
 940 038d 2C000000 		.4byte	.LANCHOR0+44
 941 0391 13       		.uleb128 0x13
 942 0392 01       		.uleb128 0x1
 943 0393 51       		.byte	0x51
 944 0394 05       		.uleb128 0x5
 945 0395 03       		.byte	0x3
ARM GAS  C:\Users\Jeremias\AppData\Local\Temp\ccioPcmF.s 			page 25


 946 0396 0C000000 		.4byte	.LANCHOR0+12
 947 039a 00       		.byte	0
 948 039b 00       		.byte	0
 949 039c 20       		.uleb128 0x20
 950 039d E8000000 		.4byte	.LVL34
 951 03a1 E2010000 		.4byte	0x1e2
 952 03a5 20       		.uleb128 0x20
 953 03a6 EC000000 		.4byte	.LVL35
 954 03aa 62020000 		.4byte	0x262
 955 03ae 00       		.byte	0
 956 03af 1D       		.uleb128 0x1d
 957 03b0 85010000 		.4byte	0x185
 958 03b4 BF030000 		.4byte	0x3bf
 959 03b8 1E       		.uleb128 0x1e
 960 03b9 7D000000 		.4byte	0x7d
 961 03bd 06       		.byte	0x6
 962 03be 00       		.byte	0
 963 03bf 10       		.uleb128 0x10
 964 03c0 AF030000 		.4byte	0x3af
 965 03c4 1D       		.uleb128 0x1d
 966 03c5 90010000 		.4byte	0x190
 967 03c9 D4030000 		.4byte	0x3d4
 968 03cd 1E       		.uleb128 0x1e
 969 03ce 7D000000 		.4byte	0x7d
 970 03d2 0F       		.byte	0xf
 971 03d3 00       		.byte	0
 972 03d4 10       		.uleb128 0x10
 973 03d5 C4030000 		.4byte	0x3c4
 974 03d9 21       		.uleb128 0x21
 975 03da 39010000 		.4byte	.LASF47
 976 03de 39010000 		.4byte	.LASF47
 977 03e2 22       		.uleb128 0x22
 978 03e3 D0020000 		.4byte	.LASF41
 979 03e7 D0020000 		.4byte	.LASF41
 980 03eb 04       		.byte	0x4
 981 03ec 6C       		.byte	0x6c
 982 03ed 22       		.uleb128 0x22
 983 03ee 89010000 		.4byte	.LASF42
 984 03f2 89010000 		.4byte	.LASF42
 985 03f6 04       		.byte	0x4
 986 03f7 D0       		.byte	0xd0
 987 03f8 22       		.uleb128 0x22
 988 03f9 59010000 		.4byte	.LASF43
 989 03fd 59010000 		.4byte	.LASF43
 990 0401 04       		.byte	0x4
 991 0402 D6       		.byte	0xd6
 992 0403 00       		.byte	0
 993              		.section	.debug_abbrev,"",%progbits
 994              	.Ldebug_abbrev0:
 995 0000 01       		.uleb128 0x1
 996 0001 11       		.uleb128 0x11
 997 0002 01       		.byte	0x1
 998 0003 25       		.uleb128 0x25
 999 0004 0E       		.uleb128 0xe
 1000 0005 13       		.uleb128 0x13
 1001 0006 0B       		.uleb128 0xb
 1002 0007 03       		.uleb128 0x3
ARM GAS  C:\Users\Jeremias\AppData\Local\Temp\ccioPcmF.s 			page 26


 1003 0008 0E       		.uleb128 0xe
 1004 0009 1B       		.uleb128 0x1b
 1005 000a 0E       		.uleb128 0xe
 1006 000b 55       		.uleb128 0x55
 1007 000c 17       		.uleb128 0x17
 1008 000d 11       		.uleb128 0x11
 1009 000e 01       		.uleb128 0x1
 1010 000f 10       		.uleb128 0x10
 1011 0010 17       		.uleb128 0x17
 1012 0011 00       		.byte	0
 1013 0012 00       		.byte	0
 1014 0013 02       		.uleb128 0x2
 1015 0014 24       		.uleb128 0x24
 1016 0015 00       		.byte	0
 1017 0016 0B       		.uleb128 0xb
 1018 0017 0B       		.uleb128 0xb
 1019 0018 3E       		.uleb128 0x3e
 1020 0019 0B       		.uleb128 0xb
 1021 001a 03       		.uleb128 0x3
 1022 001b 08       		.uleb128 0x8
 1023 001c 00       		.byte	0
 1024 001d 00       		.byte	0
 1025 001e 03       		.uleb128 0x3
 1026 001f 16       		.uleb128 0x16
 1027 0020 00       		.byte	0
 1028 0021 03       		.uleb128 0x3
 1029 0022 0E       		.uleb128 0xe
 1030 0023 3A       		.uleb128 0x3a
 1031 0024 0B       		.uleb128 0xb
 1032 0025 3B       		.uleb128 0x3b
 1033 0026 0B       		.uleb128 0xb
 1034 0027 49       		.uleb128 0x49
 1035 0028 13       		.uleb128 0x13
 1036 0029 00       		.byte	0
 1037 002a 00       		.byte	0
 1038 002b 04       		.uleb128 0x4
 1039 002c 24       		.uleb128 0x24
 1040 002d 00       		.byte	0
 1041 002e 0B       		.uleb128 0xb
 1042 002f 0B       		.uleb128 0xb
 1043 0030 3E       		.uleb128 0x3e
 1044 0031 0B       		.uleb128 0xb
 1045 0032 03       		.uleb128 0x3
 1046 0033 0E       		.uleb128 0xe
 1047 0034 00       		.byte	0
 1048 0035 00       		.byte	0
 1049 0036 05       		.uleb128 0x5
 1050 0037 0F       		.uleb128 0xf
 1051 0038 00       		.byte	0
 1052 0039 0B       		.uleb128 0xb
 1053 003a 0B       		.uleb128 0xb
 1054 003b 00       		.byte	0
 1055 003c 00       		.byte	0
 1056 003d 06       		.uleb128 0x6
 1057 003e 16       		.uleb128 0x16
 1058 003f 00       		.byte	0
 1059 0040 03       		.uleb128 0x3
ARM GAS  C:\Users\Jeremias\AppData\Local\Temp\ccioPcmF.s 			page 27


 1060 0041 0E       		.uleb128 0xe
 1061 0042 3A       		.uleb128 0x3a
 1062 0043 0B       		.uleb128 0xb
 1063 0044 3B       		.uleb128 0x3b
 1064 0045 05       		.uleb128 0x5
 1065 0046 49       		.uleb128 0x49
 1066 0047 13       		.uleb128 0x13
 1067 0048 00       		.byte	0
 1068 0049 00       		.byte	0
 1069 004a 07       		.uleb128 0x7
 1070 004b 35       		.uleb128 0x35
 1071 004c 00       		.byte	0
 1072 004d 49       		.uleb128 0x49
 1073 004e 13       		.uleb128 0x13
 1074 004f 00       		.byte	0
 1075 0050 00       		.byte	0
 1076 0051 08       		.uleb128 0x8
 1077 0052 13       		.uleb128 0x13
 1078 0053 01       		.byte	0x1
 1079 0054 0B       		.uleb128 0xb
 1080 0055 0B       		.uleb128 0xb
 1081 0056 3A       		.uleb128 0x3a
 1082 0057 0B       		.uleb128 0xb
 1083 0058 3B       		.uleb128 0x3b
 1084 0059 0B       		.uleb128 0xb
 1085 005a 01       		.uleb128 0x1
 1086 005b 13       		.uleb128 0x13
 1087 005c 00       		.byte	0
 1088 005d 00       		.byte	0
 1089 005e 09       		.uleb128 0x9
 1090 005f 0D       		.uleb128 0xd
 1091 0060 00       		.byte	0
 1092 0061 03       		.uleb128 0x3
 1093 0062 0E       		.uleb128 0xe
 1094 0063 3A       		.uleb128 0x3a
 1095 0064 0B       		.uleb128 0xb
 1096 0065 3B       		.uleb128 0x3b
 1097 0066 0B       		.uleb128 0xb
 1098 0067 49       		.uleb128 0x49
 1099 0068 13       		.uleb128 0x13
 1100 0069 38       		.uleb128 0x38
 1101 006a 0B       		.uleb128 0xb
 1102 006b 00       		.byte	0
 1103 006c 00       		.byte	0
 1104 006d 0A       		.uleb128 0xa
 1105 006e 2E       		.uleb128 0x2e
 1106 006f 01       		.byte	0x1
 1107 0070 03       		.uleb128 0x3
 1108 0071 0E       		.uleb128 0xe
 1109 0072 3A       		.uleb128 0x3a
 1110 0073 0B       		.uleb128 0xb
 1111 0074 3B       		.uleb128 0x3b
 1112 0075 0B       		.uleb128 0xb
 1113 0076 27       		.uleb128 0x27
 1114 0077 19       		.uleb128 0x19
 1115 0078 11       		.uleb128 0x11
 1116 0079 01       		.uleb128 0x1
ARM GAS  C:\Users\Jeremias\AppData\Local\Temp\ccioPcmF.s 			page 28


 1117 007a 12       		.uleb128 0x12
 1118 007b 06       		.uleb128 0x6
 1119 007c 40       		.uleb128 0x40
 1120 007d 18       		.uleb128 0x18
 1121 007e 9742     		.uleb128 0x2117
 1122 0080 19       		.uleb128 0x19
 1123 0081 01       		.uleb128 0x1
 1124 0082 13       		.uleb128 0x13
 1125 0083 00       		.byte	0
 1126 0084 00       		.byte	0
 1127 0085 0B       		.uleb128 0xb
 1128 0086 05       		.uleb128 0x5
 1129 0087 00       		.byte	0
 1130 0088 03       		.uleb128 0x3
 1131 0089 0E       		.uleb128 0xe
 1132 008a 3A       		.uleb128 0x3a
 1133 008b 0B       		.uleb128 0xb
 1134 008c 3B       		.uleb128 0x3b
 1135 008d 0B       		.uleb128 0xb
 1136 008e 49       		.uleb128 0x49
 1137 008f 13       		.uleb128 0x13
 1138 0090 02       		.uleb128 0x2
 1139 0091 18       		.uleb128 0x18
 1140 0092 00       		.byte	0
 1141 0093 00       		.byte	0
 1142 0094 0C       		.uleb128 0xc
 1143 0095 34       		.uleb128 0x34
 1144 0096 00       		.byte	0
 1145 0097 03       		.uleb128 0x3
 1146 0098 08       		.uleb128 0x8
 1147 0099 3A       		.uleb128 0x3a
 1148 009a 0B       		.uleb128 0xb
 1149 009b 3B       		.uleb128 0x3b
 1150 009c 0B       		.uleb128 0xb
 1151 009d 49       		.uleb128 0x49
 1152 009e 13       		.uleb128 0x13
 1153 009f 02       		.uleb128 0x2
 1154 00a0 17       		.uleb128 0x17
 1155 00a1 00       		.byte	0
 1156 00a2 00       		.byte	0
 1157 00a3 0D       		.uleb128 0xd
 1158 00a4 0B       		.uleb128 0xb
 1159 00a5 01       		.byte	0x1
 1160 00a6 11       		.uleb128 0x11
 1161 00a7 01       		.uleb128 0x1
 1162 00a8 12       		.uleb128 0x12
 1163 00a9 06       		.uleb128 0x6
 1164 00aa 00       		.byte	0
 1165 00ab 00       		.byte	0
 1166 00ac 0E       		.uleb128 0xe
 1167 00ad 34       		.uleb128 0x34
 1168 00ae 00       		.byte	0
 1169 00af 03       		.uleb128 0x3
 1170 00b0 0E       		.uleb128 0xe
 1171 00b1 3A       		.uleb128 0x3a
 1172 00b2 0B       		.uleb128 0xb
 1173 00b3 3B       		.uleb128 0x3b
ARM GAS  C:\Users\Jeremias\AppData\Local\Temp\ccioPcmF.s 			page 29


 1174 00b4 0B       		.uleb128 0xb
 1175 00b5 49       		.uleb128 0x49
 1176 00b6 13       		.uleb128 0x13
 1177 00b7 02       		.uleb128 0x2
 1178 00b8 17       		.uleb128 0x17
 1179 00b9 00       		.byte	0
 1180 00ba 00       		.byte	0
 1181 00bb 0F       		.uleb128 0xf
 1182 00bc 0F       		.uleb128 0xf
 1183 00bd 00       		.byte	0
 1184 00be 0B       		.uleb128 0xb
 1185 00bf 0B       		.uleb128 0xb
 1186 00c0 49       		.uleb128 0x49
 1187 00c1 13       		.uleb128 0x13
 1188 00c2 00       		.byte	0
 1189 00c3 00       		.byte	0
 1190 00c4 10       		.uleb128 0x10
 1191 00c5 26       		.uleb128 0x26
 1192 00c6 00       		.byte	0
 1193 00c7 49       		.uleb128 0x49
 1194 00c8 13       		.uleb128 0x13
 1195 00c9 00       		.byte	0
 1196 00ca 00       		.byte	0
 1197 00cb 11       		.uleb128 0x11
 1198 00cc 05       		.uleb128 0x5
 1199 00cd 00       		.byte	0
 1200 00ce 03       		.uleb128 0x3
 1201 00cf 08       		.uleb128 0x8
 1202 00d0 3A       		.uleb128 0x3a
 1203 00d1 0B       		.uleb128 0xb
 1204 00d2 3B       		.uleb128 0x3b
 1205 00d3 0B       		.uleb128 0xb
 1206 00d4 49       		.uleb128 0x49
 1207 00d5 13       		.uleb128 0x13
 1208 00d6 02       		.uleb128 0x2
 1209 00d7 17       		.uleb128 0x17
 1210 00d8 00       		.byte	0
 1211 00d9 00       		.byte	0
 1212 00da 12       		.uleb128 0x12
 1213 00db 898201   		.uleb128 0x4109
 1214 00de 01       		.byte	0x1
 1215 00df 11       		.uleb128 0x11
 1216 00e0 01       		.uleb128 0x1
 1217 00e1 31       		.uleb128 0x31
 1218 00e2 13       		.uleb128 0x13
 1219 00e3 00       		.byte	0
 1220 00e4 00       		.byte	0
 1221 00e5 13       		.uleb128 0x13
 1222 00e6 8A8201   		.uleb128 0x410a
 1223 00e9 00       		.byte	0
 1224 00ea 02       		.uleb128 0x2
 1225 00eb 18       		.uleb128 0x18
 1226 00ec 9142     		.uleb128 0x2111
 1227 00ee 18       		.uleb128 0x18
 1228 00ef 00       		.byte	0
 1229 00f0 00       		.byte	0
 1230 00f1 14       		.uleb128 0x14
ARM GAS  C:\Users\Jeremias\AppData\Local\Temp\ccioPcmF.s 			page 30


 1231 00f2 898201   		.uleb128 0x4109
 1232 00f5 01       		.byte	0x1
 1233 00f6 11       		.uleb128 0x11
 1234 00f7 01       		.uleb128 0x1
 1235 00f8 31       		.uleb128 0x31
 1236 00f9 13       		.uleb128 0x13
 1237 00fa 01       		.uleb128 0x1
 1238 00fb 13       		.uleb128 0x13
 1239 00fc 00       		.byte	0
 1240 00fd 00       		.byte	0
 1241 00fe 15       		.uleb128 0x15
 1242 00ff 2E       		.uleb128 0x2e
 1243 0100 01       		.byte	0x1
 1244 0101 3F       		.uleb128 0x3f
 1245 0102 19       		.uleb128 0x19
 1246 0103 03       		.uleb128 0x3
 1247 0104 0E       		.uleb128 0xe
 1248 0105 3A       		.uleb128 0x3a
 1249 0106 0B       		.uleb128 0xb
 1250 0107 3B       		.uleb128 0x3b
 1251 0108 05       		.uleb128 0x5
 1252 0109 27       		.uleb128 0x27
 1253 010a 19       		.uleb128 0x19
 1254 010b 11       		.uleb128 0x11
 1255 010c 01       		.uleb128 0x1
 1256 010d 12       		.uleb128 0x12
 1257 010e 06       		.uleb128 0x6
 1258 010f 40       		.uleb128 0x40
 1259 0110 18       		.uleb128 0x18
 1260 0111 9742     		.uleb128 0x2117
 1261 0113 19       		.uleb128 0x19
 1262 0114 01       		.uleb128 0x1
 1263 0115 13       		.uleb128 0x13
 1264 0116 00       		.byte	0
 1265 0117 00       		.byte	0
 1266 0118 16       		.uleb128 0x16
 1267 0119 05       		.uleb128 0x5
 1268 011a 00       		.byte	0
 1269 011b 03       		.uleb128 0x3
 1270 011c 0E       		.uleb128 0xe
 1271 011d 3A       		.uleb128 0x3a
 1272 011e 0B       		.uleb128 0xb
 1273 011f 3B       		.uleb128 0x3b
 1274 0120 05       		.uleb128 0x5
 1275 0121 49       		.uleb128 0x49
 1276 0122 13       		.uleb128 0x13
 1277 0123 02       		.uleb128 0x2
 1278 0124 18       		.uleb128 0x18
 1279 0125 00       		.byte	0
 1280 0126 00       		.byte	0
 1281 0127 17       		.uleb128 0x17
 1282 0128 34       		.uleb128 0x34
 1283 0129 00       		.byte	0
 1284 012a 03       		.uleb128 0x3
 1285 012b 0E       		.uleb128 0xe
 1286 012c 3A       		.uleb128 0x3a
 1287 012d 0B       		.uleb128 0xb
ARM GAS  C:\Users\Jeremias\AppData\Local\Temp\ccioPcmF.s 			page 31


 1288 012e 3B       		.uleb128 0x3b
 1289 012f 05       		.uleb128 0x5
 1290 0130 49       		.uleb128 0x49
 1291 0131 13       		.uleb128 0x13
 1292 0132 02       		.uleb128 0x2
 1293 0133 17       		.uleb128 0x17
 1294 0134 00       		.byte	0
 1295 0135 00       		.byte	0
 1296 0136 18       		.uleb128 0x18
 1297 0137 2E       		.uleb128 0x2e
 1298 0138 01       		.byte	0x1
 1299 0139 03       		.uleb128 0x3
 1300 013a 0E       		.uleb128 0xe
 1301 013b 3A       		.uleb128 0x3a
 1302 013c 0B       		.uleb128 0xb
 1303 013d 3B       		.uleb128 0x3b
 1304 013e 05       		.uleb128 0x5
 1305 013f 27       		.uleb128 0x27
 1306 0140 19       		.uleb128 0x19
 1307 0141 11       		.uleb128 0x11
 1308 0142 01       		.uleb128 0x1
 1309 0143 12       		.uleb128 0x12
 1310 0144 06       		.uleb128 0x6
 1311 0145 40       		.uleb128 0x40
 1312 0146 18       		.uleb128 0x18
 1313 0147 9742     		.uleb128 0x2117
 1314 0149 19       		.uleb128 0x19
 1315 014a 01       		.uleb128 0x1
 1316 014b 13       		.uleb128 0x13
 1317 014c 00       		.byte	0
 1318 014d 00       		.byte	0
 1319 014e 19       		.uleb128 0x19
 1320 014f 0B       		.uleb128 0xb
 1321 0150 01       		.byte	0x1
 1322 0151 11       		.uleb128 0x11
 1323 0152 01       		.uleb128 0x1
 1324 0153 12       		.uleb128 0x12
 1325 0154 06       		.uleb128 0x6
 1326 0155 01       		.uleb128 0x1
 1327 0156 13       		.uleb128 0x13
 1328 0157 00       		.byte	0
 1329 0158 00       		.byte	0
 1330 0159 1A       		.uleb128 0x1a
 1331 015a 34       		.uleb128 0x34
 1332 015b 00       		.byte	0
 1333 015c 03       		.uleb128 0x3
 1334 015d 0E       		.uleb128 0xe
 1335 015e 3A       		.uleb128 0x3a
 1336 015f 0B       		.uleb128 0xb
 1337 0160 3B       		.uleb128 0x3b
 1338 0161 05       		.uleb128 0x5
 1339 0162 49       		.uleb128 0x49
 1340 0163 13       		.uleb128 0x13
 1341 0164 02       		.uleb128 0x2
 1342 0165 18       		.uleb128 0x18
 1343 0166 00       		.byte	0
 1344 0167 00       		.byte	0
ARM GAS  C:\Users\Jeremias\AppData\Local\Temp\ccioPcmF.s 			page 32


 1345 0168 1B       		.uleb128 0x1b
 1346 0169 13       		.uleb128 0x13
 1347 016a 01       		.byte	0x1
 1348 016b 0B       		.uleb128 0xb
 1349 016c 0B       		.uleb128 0xb
 1350 016d 3A       		.uleb128 0x3a
 1351 016e 0B       		.uleb128 0xb
 1352 016f 3B       		.uleb128 0x3b
 1353 0170 05       		.uleb128 0x5
 1354 0171 01       		.uleb128 0x1
 1355 0172 13       		.uleb128 0x13
 1356 0173 00       		.byte	0
 1357 0174 00       		.byte	0
 1358 0175 1C       		.uleb128 0x1c
 1359 0176 0D       		.uleb128 0xd
 1360 0177 00       		.byte	0
 1361 0178 03       		.uleb128 0x3
 1362 0179 0E       		.uleb128 0xe
 1363 017a 3A       		.uleb128 0x3a
 1364 017b 0B       		.uleb128 0xb
 1365 017c 3B       		.uleb128 0x3b
 1366 017d 05       		.uleb128 0x5
 1367 017e 49       		.uleb128 0x49
 1368 017f 13       		.uleb128 0x13
 1369 0180 38       		.uleb128 0x38
 1370 0181 0B       		.uleb128 0xb
 1371 0182 00       		.byte	0
 1372 0183 00       		.byte	0
 1373 0184 1D       		.uleb128 0x1d
 1374 0185 01       		.uleb128 0x1
 1375 0186 01       		.byte	0x1
 1376 0187 49       		.uleb128 0x49
 1377 0188 13       		.uleb128 0x13
 1378 0189 01       		.uleb128 0x1
 1379 018a 13       		.uleb128 0x13
 1380 018b 00       		.byte	0
 1381 018c 00       		.byte	0
 1382 018d 1E       		.uleb128 0x1e
 1383 018e 21       		.uleb128 0x21
 1384 018f 00       		.byte	0
 1385 0190 49       		.uleb128 0x49
 1386 0191 13       		.uleb128 0x13
 1387 0192 2F       		.uleb128 0x2f
 1388 0193 0B       		.uleb128 0xb
 1389 0194 00       		.byte	0
 1390 0195 00       		.byte	0
 1391 0196 1F       		.uleb128 0x1f
 1392 0197 34       		.uleb128 0x34
 1393 0198 00       		.byte	0
 1394 0199 03       		.uleb128 0x3
 1395 019a 08       		.uleb128 0x8
 1396 019b 3A       		.uleb128 0x3a
 1397 019c 0B       		.uleb128 0xb
 1398 019d 3B       		.uleb128 0x3b
 1399 019e 05       		.uleb128 0x5
 1400 019f 49       		.uleb128 0x49
 1401 01a0 13       		.uleb128 0x13
ARM GAS  C:\Users\Jeremias\AppData\Local\Temp\ccioPcmF.s 			page 33


 1402 01a1 02       		.uleb128 0x2
 1403 01a2 17       		.uleb128 0x17
 1404 01a3 00       		.byte	0
 1405 01a4 00       		.byte	0
 1406 01a5 20       		.uleb128 0x20
 1407 01a6 898201   		.uleb128 0x4109
 1408 01a9 00       		.byte	0
 1409 01aa 11       		.uleb128 0x11
 1410 01ab 01       		.uleb128 0x1
 1411 01ac 31       		.uleb128 0x31
 1412 01ad 13       		.uleb128 0x13
 1413 01ae 00       		.byte	0
 1414 01af 00       		.byte	0
 1415 01b0 21       		.uleb128 0x21
 1416 01b1 2E       		.uleb128 0x2e
 1417 01b2 00       		.byte	0
 1418 01b3 3F       		.uleb128 0x3f
 1419 01b4 19       		.uleb128 0x19
 1420 01b5 3C       		.uleb128 0x3c
 1421 01b6 19       		.uleb128 0x19
 1422 01b7 6E       		.uleb128 0x6e
 1423 01b8 0E       		.uleb128 0xe
 1424 01b9 03       		.uleb128 0x3
 1425 01ba 0E       		.uleb128 0xe
 1426 01bb 00       		.byte	0
 1427 01bc 00       		.byte	0
 1428 01bd 22       		.uleb128 0x22
 1429 01be 2E       		.uleb128 0x2e
 1430 01bf 00       		.byte	0
 1431 01c0 3F       		.uleb128 0x3f
 1432 01c1 19       		.uleb128 0x19
 1433 01c2 3C       		.uleb128 0x3c
 1434 01c3 19       		.uleb128 0x19
 1435 01c4 6E       		.uleb128 0x6e
 1436 01c5 0E       		.uleb128 0xe
 1437 01c6 03       		.uleb128 0x3
 1438 01c7 0E       		.uleb128 0xe
 1439 01c8 3A       		.uleb128 0x3a
 1440 01c9 0B       		.uleb128 0xb
 1441 01ca 3B       		.uleb128 0x3b
 1442 01cb 0B       		.uleb128 0xb
 1443 01cc 00       		.byte	0
 1444 01cd 00       		.byte	0
 1445 01ce 00       		.byte	0
 1446              		.section	.debug_loc,"",%progbits
 1447              	.Ldebug_loc0:
 1448              	.LLST0:
 1449 0000 02000000 		.4byte	.LVL1
 1450 0004 08000000 		.4byte	.LVL2
 1451 0008 0200     		.2byte	0x2
 1452 000a 30       		.byte	0x30
 1453 000b 9F       		.byte	0x9f
 1454 000c 08000000 		.4byte	.LVL2
 1455 0010 30000000 		.4byte	.LVL11
 1456 0014 0100     		.2byte	0x1
 1457 0016 57       		.byte	0x57
 1458 0017 00000000 		.4byte	0
ARM GAS  C:\Users\Jeremias\AppData\Local\Temp\ccioPcmF.s 			page 34


 1459 001b 00000000 		.4byte	0
 1460              	.LLST1:
 1461 001f 02000000 		.4byte	.LVL1
 1462 0023 08000000 		.4byte	.LVL2
 1463 0027 0200     		.2byte	0x2
 1464 0029 30       		.byte	0x30
 1465 002a 9F       		.byte	0x9f
 1466 002b 08000000 		.4byte	.LVL2
 1467 002f 30000000 		.4byte	.LVL10
 1468 0033 0100     		.2byte	0x1
 1469 0035 55       		.byte	0x55
 1470 0036 00000000 		.4byte	0
 1471 003a 00000000 		.4byte	0
 1472              	.LLST2:
 1473 003e 0C000000 		.4byte	.LVL3
 1474 0042 2C000000 		.4byte	.LVL9
 1475 0046 0100     		.2byte	0x1
 1476 0048 56       		.byte	0x56
 1477 0049 00000000 		.4byte	0
 1478 004d 00000000 		.4byte	0
 1479              	.LLST3:
 1480 0051 0E000000 		.4byte	.LVL4
 1481 0055 24000000 		.4byte	.LVL7
 1482 0059 0100     		.2byte	0x1
 1483 005b 53       		.byte	0x53
 1484 005c 26000000 		.4byte	.LVL8
 1485 0060 2C000000 		.4byte	.LVL9
 1486 0064 0100     		.2byte	0x1
 1487 0066 53       		.byte	0x53
 1488 0067 00000000 		.4byte	0
 1489 006b 00000000 		.4byte	0
 1490              	.LLST4:
 1491 006f 00000000 		.4byte	.LVL12
 1492 0073 09000000 		.4byte	.LVL14-1
 1493 0077 0100     		.2byte	0x1
 1494 0079 50       		.byte	0x50
 1495 007a 09000000 		.4byte	.LVL14-1
 1496 007e 0C000000 		.4byte	.LFE0
 1497 0082 0400     		.2byte	0x4
 1498 0084 F3       		.byte	0xf3
 1499 0085 01       		.uleb128 0x1
 1500 0086 50       		.byte	0x50
 1501 0087 9F       		.byte	0x9f
 1502 0088 00000000 		.4byte	0
 1503 008c 00000000 		.4byte	0
 1504              	.LLST5:
 1505 0090 00000000 		.4byte	.LVL12
 1506 0094 06000000 		.4byte	.LVL13
 1507 0098 0100     		.2byte	0x1
 1508 009a 51       		.byte	0x51
 1509 009b 06000000 		.4byte	.LVL13
 1510 009f 09000000 		.4byte	.LVL14-1
 1511 00a3 0100     		.2byte	0x1
 1512 00a5 52       		.byte	0x52
 1513 00a6 09000000 		.4byte	.LVL14-1
 1514 00aa 0C000000 		.4byte	.LFE0
 1515 00ae 0400     		.2byte	0x4
ARM GAS  C:\Users\Jeremias\AppData\Local\Temp\ccioPcmF.s 			page 35


 1516 00b0 F3       		.byte	0xf3
 1517 00b1 01       		.uleb128 0x1
 1518 00b2 51       		.byte	0x51
 1519 00b3 9F       		.byte	0x9f
 1520 00b4 00000000 		.4byte	0
 1521 00b8 00000000 		.4byte	0
 1522              	.LLST6:
 1523 00bc 04000000 		.4byte	.LVL19
 1524 00c0 12000000 		.4byte	.LVL21
 1525 00c4 0100     		.2byte	0x1
 1526 00c6 53       		.byte	0x53
 1527 00c7 14000000 		.4byte	.LVL22
 1528 00cb 1A000000 		.4byte	.LVL23
 1529 00cf 0100     		.2byte	0x1
 1530 00d1 53       		.byte	0x53
 1531 00d2 1A000000 		.4byte	.LVL23
 1532 00d6 1C000000 		.4byte	.LVL24
 1533 00da 0200     		.2byte	0x2
 1534 00dc 72       		.byte	0x72
 1535 00dd 00       		.sleb128 0
 1536 00de 1C000000 		.4byte	.LVL24
 1537 00e2 40000000 		.4byte	.LFE6
 1538 00e6 0100     		.2byte	0x1
 1539 00e8 53       		.byte	0x53
 1540 00e9 00000000 		.4byte	0
 1541 00ed 00000000 		.4byte	0
 1542              	.LLST7:
 1543 00f1 60000000 		.4byte	.LVL28
 1544 00f5 64000000 		.4byte	.LVL29
 1545 00f9 0200     		.2byte	0x2
 1546 00fb 30       		.byte	0x30
 1547 00fc 9F       		.byte	0x9f
 1548 00fd 64000000 		.4byte	.LVL29
 1549 0101 82000000 		.4byte	.LVL31
 1550 0105 0100     		.2byte	0x1
 1551 0107 54       		.byte	0x54
 1552 0108 84000000 		.4byte	.LVL32
 1553 010c EC000000 		.4byte	.LVL36
 1554 0110 0100     		.2byte	0x1
 1555 0112 54       		.byte	0x54
 1556 0113 00000000 		.4byte	0
 1557 0117 00000000 		.4byte	0
 1558              	.LLST8:
 1559 011b 64000000 		.4byte	.LVL29
 1560 011f 82000000 		.4byte	.LVL31
 1561 0123 0B00     		.2byte	0xb
 1562 0125 74       		.byte	0x74
 1563 0126 00       		.sleb128 0
 1564 0127 36       		.byte	0x36
 1565 0128 1E       		.byte	0x1e
 1566 0129 03       		.byte	0x3
 1567 012a 00000000 		.4byte	cfg_memset_list.4876
 1568 012e 22       		.byte	0x22
 1569 012f 9F       		.byte	0x9f
 1570 0130 82000000 		.4byte	.LVL31
 1571 0134 84000000 		.4byte	.LVL32
 1572 0138 0B00     		.2byte	0xb
ARM GAS  C:\Users\Jeremias\AppData\Local\Temp\ccioPcmF.s 			page 36


 1573 013a 74       		.byte	0x74
 1574 013b 7F       		.sleb128 -1
 1575 013c 36       		.byte	0x36
 1576 013d 1E       		.byte	0x1e
 1577 013e 03       		.byte	0x3
 1578 013f 00000000 		.4byte	cfg_memset_list.4876
 1579 0143 22       		.byte	0x22
 1580 0144 9F       		.byte	0x9f
 1581 0145 00000000 		.4byte	0
 1582 0149 00000000 		.4byte	0
 1583              		.section	.debug_aranges,"",%progbits
 1584 0000 44000000 		.4byte	0x44
 1585 0004 0200     		.2byte	0x2
 1586 0006 00000000 		.4byte	.Ldebug_info0
 1587 000a 04       		.byte	0x4
 1588 000b 00       		.byte	0
 1589 000c 0000     		.2byte	0
 1590 000e 0000     		.2byte	0
 1591 0010 00000000 		.4byte	.LFB3
 1592 0014 32000000 		.4byte	.LFE3-.LFB3
 1593 0018 00000000 		.4byte	.LFB0
 1594 001c 0C000000 		.4byte	.LFE0-.LFB0
 1595 0020 00000000 		.4byte	.LFB4
 1596 0024 5C000000 		.4byte	.LFE4-.LFB4
 1597 0028 00000000 		.4byte	.LFB6
 1598 002c 40000000 		.4byte	.LFE6-.LFB6
 1599 0030 00000000 		.4byte	.LFB5
 1600 0034 0A000000 		.4byte	.LFE5-.LFB5
 1601 0038 5C000000 		.4byte	.LFB7
 1602 003c C0000000 		.4byte	.LFE7-.LFB7
 1603 0040 00000000 		.4byte	0
 1604 0044 00000000 		.4byte	0
 1605              		.section	.debug_ranges,"",%progbits
 1606              	.Ldebug_ranges0:
 1607 0000 00000000 		.4byte	.LFB3
 1608 0004 32000000 		.4byte	.LFE3
 1609 0008 00000000 		.4byte	.LFB0
 1610 000c 0C000000 		.4byte	.LFE0
 1611 0010 00000000 		.4byte	.LFB4
 1612 0014 5C000000 		.4byte	.LFE4
 1613 0018 00000000 		.4byte	.LFB6
 1614 001c 40000000 		.4byte	.LFE6
 1615 0020 00000000 		.4byte	.LFB5
 1616 0024 0A000000 		.4byte	.LFE5
 1617 0028 5C000000 		.4byte	.LFB7
 1618 002c 1C010000 		.4byte	.LFE7
 1619 0030 00000000 		.4byte	0
 1620 0034 00000000 		.4byte	0
 1621              		.section	.debug_line,"",%progbits
 1622              	.Ldebug_line0:
 1623 0000 85010000 		.section	.debug_str,"MS",%progbits,1
 1623      0200D600 
 1623      00000201 
 1623      FB0E0D00 
 1623      01010101 
 1624              	.LASF19:
 1625 0000 72656733 		.ascii	"reg32\000"
ARM GAS  C:\Users\Jeremias\AppData\Local\Temp\ccioPcmF.s 			page 37


 1625      3200
 1626              	.LASF12:
 1627 0006 73697A65 		.ascii	"size_t\000"
 1627      5F7400
 1628              	.LASF32:
 1629 000d 416E616C 		.ascii	"AnalogSetDefault\000"
 1629      6F675365 
 1629      74446566 
 1629      61756C74 
 1629      00
 1630              	.LASF46:
 1631 001e 443A5C45 		.ascii	"D:\\ESCRITORIO\\Tesis MIB\\Proyecto de Tesis\\elect"
 1631      53435249 
 1631      544F5249 
 1631      4F5C5465 
 1631      73697320 
 1632 004d 726F6573 		.ascii	"roestimulador\\PSoC\\PRUEBAS\\SCB_Bootloader\\Prueb"
 1632      74696D75 
 1632      6C61646F 
 1632      725C5053 
 1632      6F435C50 
 1633 007c 61204944 		.ascii	"a IDACx2 Bootloadable.cydsn\000"
 1633      41437832 
 1633      20426F6F 
 1633      746C6F61 
 1633      6461626C 
 1634              	.LASF21:
 1635 0098 76616C75 		.ascii	"value\000"
 1635      6500
 1636              	.LASF26:
 1637 009e 636F756E 		.ascii	"count\000"
 1637      7400
 1638              	.LASF29:
 1639 00a4 436C6F63 		.ascii	"ClockSetup\000"
 1639      6B536574 
 1639      757000
 1640              	.LASF35:
 1641 00af 63795F63 		.ascii	"cy_cfg_addr_table\000"
 1641      66675F61 
 1641      6464725F 
 1641      7461626C 
 1641      6500
 1642              	.LASF36:
 1643 00c1 63795F63 		.ascii	"cy_cfg_data_table\000"
 1643      66675F64 
 1643      6174615F 
 1643      7461626C 
 1643      6500
 1644              	.LASF16:
 1645 00d3 666C6F61 		.ascii	"float\000"
 1645      7400
 1646              	.LASF40:
 1647 00d9 6366675F 		.ascii	"cfg_memset_list\000"
 1647      6D656D73 
 1647      65745F6C 
 1647      69737400 
 1648              	.LASF38:
ARM GAS  C:\Users\Jeremias\AppData\Local\Temp\ccioPcmF.s 			page 38


 1649 00e9 73697A65 		.ascii	"size\000"
 1649      00
 1650              	.LASF18:
 1651 00ee 72656738 		.ascii	"reg8\000"
 1651      00
 1652              	.LASF8:
 1653 00f3 6C6F6E67 		.ascii	"long unsigned int\000"
 1653      20756E73 
 1653      69676E65 
 1653      6420696E 
 1653      7400
 1654              	.LASF13:
 1655 0105 75696E74 		.ascii	"uint8\000"
 1655      3800
 1656              	.LASF28:
 1657 010b 43594D45 		.ascii	"CYMEMZERO\000"
 1657      4D5A4552 
 1657      4F00
 1658              	.LASF33:
 1659 0115 53657441 		.ascii	"SetAnalogRoutingPumps\000"
 1659      6E616C6F 
 1659      67526F75 
 1659      74696E67 
 1659      50756D70 
 1660              	.LASF4:
 1661 012b 756E7369 		.ascii	"unsigned char\000"
 1661      676E6564 
 1661      20636861 
 1661      7200
 1662              	.LASF47:
 1663 0139 6D656D73 		.ascii	"memset\000"
 1663      657400
 1664              	.LASF17:
 1665 0140 646F7562 		.ascii	"double\000"
 1665      6C6500
 1666              	.LASF27:
 1667 0147 6366675F 		.ascii	"cfg_write_bytes32\000"
 1667      77726974 
 1667      655F6279 
 1667      74657333 
 1667      3200
 1668              	.LASF43:
 1669 0159 4379496E 		.ascii	"CyIntEnable\000"
 1669      74456E61 
 1669      626C6500 
 1670              	.LASF23:
 1671 0165 61646472 		.ascii	"addr_table\000"
 1671      5F746162 
 1671      6C6500
 1672              	.LASF14:
 1673 0170 75696E74 		.ascii	"uint16\000"
 1673      313600
 1674              	.LASF24:
 1675 0177 64617461 		.ascii	"data_table\000"
 1675      5F746162 
 1675      6C6500
 1676              	.LASF15:
ARM GAS  C:\Users\Jeremias\AppData\Local\Temp\ccioPcmF.s 			page 39


 1677 0182 75696E74 		.ascii	"uint32\000"
 1677      333200
 1678              	.LASF42:
 1679 0189 4379496E 		.ascii	"CyIntSetVector\000"
 1679      74536574 
 1679      56656374 
 1679      6F7200
 1680              	.LASF0:
 1681 0198 756E7369 		.ascii	"unsigned int\000"
 1681      676E6564 
 1681      20696E74 
 1681      00
 1682              	.LASF34:
 1683 01a5 63796669 		.ascii	"cyfitter_cfg\000"
 1683      74746572 
 1683      5F636667 
 1683      00
 1684              	.LASF37:
 1685 01b2 61646472 		.ascii	"address\000"
 1685      65737300 
 1686              	.LASF9:
 1687 01ba 6C6F6E67 		.ascii	"long long unsigned int\000"
 1687      206C6F6E 
 1687      6720756E 
 1687      7369676E 
 1687      65642069 
 1688              	.LASF44:
 1689 01d1 474E5520 		.ascii	"GNU C11 5.4.1 20160609 (release) [ARM/embedded-5-br"
 1689      43313120 
 1689      352E342E 
 1689      31203230 
 1689      31363036 
 1690 0204 616E6368 		.ascii	"anch revision 237715] -mcpu=cortex-m0 -mthumb -g -O"
 1690      20726576 
 1690      6973696F 
 1690      6E203233 
 1690      37373135 
 1691 0237 67202D66 		.ascii	"g -ffunction-sections -ffat-lto-objects\000"
 1691      66756E63 
 1691      74696F6E 
 1691      2D736563 
 1691      74696F6E 
 1692              	.LASF39:
 1693 025f 6366675F 		.ascii	"cfg_memset_t\000"
 1693      6D656D73 
 1693      65745F74 
 1693      00
 1694              	.LASF25:
 1695 026c 62617365 		.ascii	"baseAddr\000"
 1695      41646472 
 1695      00
 1696              	.LASF10:
 1697 0275 73697A65 		.ascii	"sizetype\000"
 1697      74797065 
 1697      00
 1698              	.LASF6:
 1699 027e 73686F72 		.ascii	"short unsigned int\000"
ARM GAS  C:\Users\Jeremias\AppData\Local\Temp\ccioPcmF.s 			page 40


 1699      7420756E 
 1699      7369676E 
 1699      65642069 
 1699      6E7400
 1700              	.LASF1:
 1701 0291 6C6F6E67 		.ascii	"long long int\000"
 1701      206C6F6E 
 1701      6720696E 
 1701      7400
 1702              	.LASF11:
 1703 029f 63686172 		.ascii	"char\000"
 1703      00
 1704              	.LASF22:
 1705 02a4 63795F63 		.ascii	"cy_cfg_addrvalue_t\000"
 1705      66675F61 
 1705      64647276 
 1705      616C7565 
 1705      5F7400
 1706              	.LASF20:
 1707 02b7 6F666673 		.ascii	"offset\000"
 1707      657400
 1708              	.LASF30:
 1709 02be 656E6162 		.ascii	"enabled\000"
 1709      6C656400 
 1710              	.LASF5:
 1711 02c6 73686F72 		.ascii	"short int\000"
 1711      7420696E 
 1711      7400
 1712              	.LASF41:
 1713 02d0 43795379 		.ascii	"CySysClkWriteImoFreq\000"
 1713      73436C6B 
 1713      57726974 
 1713      65496D6F 
 1713      46726571 
 1714              	.LASF7:
 1715 02e5 6C6F6E67 		.ascii	"long int\000"
 1715      20696E74 
 1715      00
 1716              	.LASF2:
 1717 02ee 6C6F6E67 		.ascii	"long double\000"
 1717      20646F75 
 1717      626C6500 
 1718              	.LASF3:
 1719 02fa 7369676E 		.ascii	"signed char\000"
 1719      65642063 
 1719      68617200 
 1720              	.LASF45:
 1721 0306 47656E65 		.ascii	"Generated_Source\\PSoC4\\cyfitter_cfg.c\000"
 1721      72617465 
 1721      645F536F 
 1721      75726365 
 1721      5C50536F 
 1722              	.LASF31:
 1723 032c 72656756 		.ascii	"regValue\000"
 1723      616C7565 
 1723      00
 1724              		.ident	"GCC: (GNU Tools for ARM Embedded Processors) 5.4.1 20160609 (release) [ARM/embedded-5-bran
ARM GAS  C:\Users\Jeremias\AppData\Local\Temp\ccioPcmF.s 			page 41


