ARM GAS  C:\Users\Jeremias\AppData\Local\Temp\ccrNDROw.s 			page 1


   1              		.syntax unified
   2              		.cpu cortex-m0
   3              		.fpu softvfp
   4              		.eabi_attribute 20, 1
   5              		.eabi_attribute 21, 1
   6              		.eabi_attribute 23, 3
   7              		.eabi_attribute 24, 1
   8              		.eabi_attribute 25, 1
   9              		.eabi_attribute 26, 1
  10              		.eabi_attribute 30, 1
  11              		.eabi_attribute 34, 0
  12              		.eabi_attribute 18, 4
  13              		.thumb
  14              		.syntax unified
  15              		.file	"cyfitter_cfg.c"
  16              		.text
  17              	.Ltext0:
  18              		.cfi_sections	.debug_frame
  19              		.section	.text.cfg_write_bytes32,"ax",%progbits
  20              		.align	2
  21              		.code	16
  22              		.thumb_func
  23              		.type	cfg_write_bytes32, %function
  24              	cfg_write_bytes32:
  25              	.LFB3:
  26              		.file 1 "Generated_Source\\PSoC4\\cyfitter_cfg.c"
   1:Generated_Source\PSoC4/cyfitter_cfg.c **** 
   2:Generated_Source\PSoC4/cyfitter_cfg.c **** /*******************************************************************************
   3:Generated_Source\PSoC4/cyfitter_cfg.c **** * File Name: cyfitter_cfg.c
   4:Generated_Source\PSoC4/cyfitter_cfg.c **** * 
   5:Generated_Source\PSoC4/cyfitter_cfg.c **** * PSoC Creator  4.4
   6:Generated_Source\PSoC4/cyfitter_cfg.c **** *
   7:Generated_Source\PSoC4/cyfitter_cfg.c **** * Description:
   8:Generated_Source\PSoC4/cyfitter_cfg.c **** * This file contains device initialization code.
   9:Generated_Source\PSoC4/cyfitter_cfg.c **** * Except for the user defined sections in CyClockStartupError(), this file should not be modified.
  10:Generated_Source\PSoC4/cyfitter_cfg.c **** * This file is automatically generated by PSoC Creator.
  11:Generated_Source\PSoC4/cyfitter_cfg.c **** *
  12:Generated_Source\PSoC4/cyfitter_cfg.c **** ********************************************************************************
  13:Generated_Source\PSoC4/cyfitter_cfg.c **** * Copyright (c) 2007-2020 Cypress Semiconductor.  All rights reserved.
  14:Generated_Source\PSoC4/cyfitter_cfg.c **** * You may use this file only in accordance with the license, terms, conditions, 
  15:Generated_Source\PSoC4/cyfitter_cfg.c **** * disclaimers, and limitations in the end user license agreement accompanying 
  16:Generated_Source\PSoC4/cyfitter_cfg.c **** * the software package with which this file was provided.
  17:Generated_Source\PSoC4/cyfitter_cfg.c **** ********************************************************************************/
  18:Generated_Source\PSoC4/cyfitter_cfg.c **** 
  19:Generated_Source\PSoC4/cyfitter_cfg.c **** #include <string.h>
  20:Generated_Source\PSoC4/cyfitter_cfg.c **** #include "cytypes.h"
  21:Generated_Source\PSoC4/cyfitter_cfg.c **** #include "cydevice_trm.h"
  22:Generated_Source\PSoC4/cyfitter_cfg.c **** #include "cyfitter.h"
  23:Generated_Source\PSoC4/cyfitter_cfg.c **** #include "CyLib.h"
  24:Generated_Source\PSoC4/cyfitter_cfg.c **** #include "CyLFClk.h"
  25:Generated_Source\PSoC4/cyfitter_cfg.c **** #include "cyfitter_cfg.h"
  26:Generated_Source\PSoC4/cyfitter_cfg.c **** #include "cyapicallbacks.h"
  27:Generated_Source\PSoC4/cyfitter_cfg.c **** 
  28:Generated_Source\PSoC4/cyfitter_cfg.c **** 
  29:Generated_Source\PSoC4/cyfitter_cfg.c **** #if defined(__GNUC__) || defined(__ARMCC_VERSION)
  30:Generated_Source\PSoC4/cyfitter_cfg.c ****     #define CYPACKED 
  31:Generated_Source\PSoC4/cyfitter_cfg.c ****     #define CYPACKED_ATTR __attribute__ ((packed))
ARM GAS  C:\Users\Jeremias\AppData\Local\Temp\ccrNDROw.s 			page 2


  32:Generated_Source\PSoC4/cyfitter_cfg.c ****     #define CYALIGNED __attribute__ ((aligned))
  33:Generated_Source\PSoC4/cyfitter_cfg.c ****     #define CY_CFG_UNUSED __attribute__ ((unused))
  34:Generated_Source\PSoC4/cyfitter_cfg.c ****     #ifndef CY_CFG_SECTION
  35:Generated_Source\PSoC4/cyfitter_cfg.c ****         #define CY_CFG_SECTION __attribute__ ((section(".psocinit")))
  36:Generated_Source\PSoC4/cyfitter_cfg.c ****     #endif
  37:Generated_Source\PSoC4/cyfitter_cfg.c ****     
  38:Generated_Source\PSoC4/cyfitter_cfg.c ****     #if defined(__ARMCC_VERSION)
  39:Generated_Source\PSoC4/cyfitter_cfg.c ****         #define CY_CFG_MEMORY_BARRIER() __memory_changed()
  40:Generated_Source\PSoC4/cyfitter_cfg.c ****     #else
  41:Generated_Source\PSoC4/cyfitter_cfg.c ****         #define CY_CFG_MEMORY_BARRIER() __sync_synchronize()
  42:Generated_Source\PSoC4/cyfitter_cfg.c ****     #endif
  43:Generated_Source\PSoC4/cyfitter_cfg.c ****     
  44:Generated_Source\PSoC4/cyfitter_cfg.c **** #elif defined(__ICCARM__)
  45:Generated_Source\PSoC4/cyfitter_cfg.c ****     #include <intrinsics.h>
  46:Generated_Source\PSoC4/cyfitter_cfg.c **** 
  47:Generated_Source\PSoC4/cyfitter_cfg.c ****     #define CYPACKED __packed
  48:Generated_Source\PSoC4/cyfitter_cfg.c ****     #define CYPACKED_ATTR 
  49:Generated_Source\PSoC4/cyfitter_cfg.c ****     #define CYALIGNED _Pragma("data_alignment=4")
  50:Generated_Source\PSoC4/cyfitter_cfg.c ****     #define CY_CFG_UNUSED _Pragma("diag_suppress=Pe177")
  51:Generated_Source\PSoC4/cyfitter_cfg.c ****     #define CY_CFG_SECTION _Pragma("location=\".psocinit\"")
  52:Generated_Source\PSoC4/cyfitter_cfg.c ****     
  53:Generated_Source\PSoC4/cyfitter_cfg.c ****     #define CY_CFG_MEMORY_BARRIER() __DMB()
  54:Generated_Source\PSoC4/cyfitter_cfg.c ****     
  55:Generated_Source\PSoC4/cyfitter_cfg.c **** #else
  56:Generated_Source\PSoC4/cyfitter_cfg.c ****     #error Unsupported toolchain
  57:Generated_Source\PSoC4/cyfitter_cfg.c **** #endif
  58:Generated_Source\PSoC4/cyfitter_cfg.c **** 
  59:Generated_Source\PSoC4/cyfitter_cfg.c **** #ifndef CYCODE
  60:Generated_Source\PSoC4/cyfitter_cfg.c ****     #define CYCODE
  61:Generated_Source\PSoC4/cyfitter_cfg.c **** #endif
  62:Generated_Source\PSoC4/cyfitter_cfg.c **** #ifndef CYDATA
  63:Generated_Source\PSoC4/cyfitter_cfg.c ****     #define CYDATA
  64:Generated_Source\PSoC4/cyfitter_cfg.c **** #endif
  65:Generated_Source\PSoC4/cyfitter_cfg.c **** #ifndef CYFAR
  66:Generated_Source\PSoC4/cyfitter_cfg.c ****     #define CYFAR
  67:Generated_Source\PSoC4/cyfitter_cfg.c **** #endif
  68:Generated_Source\PSoC4/cyfitter_cfg.c **** #ifndef CYXDATA
  69:Generated_Source\PSoC4/cyfitter_cfg.c ****     #define CYXDATA
  70:Generated_Source\PSoC4/cyfitter_cfg.c **** #endif
  71:Generated_Source\PSoC4/cyfitter_cfg.c **** 
  72:Generated_Source\PSoC4/cyfitter_cfg.c **** 
  73:Generated_Source\PSoC4/cyfitter_cfg.c **** CY_CFG_UNUSED
  74:Generated_Source\PSoC4/cyfitter_cfg.c **** static void CYMEMZERO(void *s, size_t n);
  75:Generated_Source\PSoC4/cyfitter_cfg.c **** CY_CFG_UNUSED
  76:Generated_Source\PSoC4/cyfitter_cfg.c **** static void CYMEMZERO(void *s, size_t n)
  77:Generated_Source\PSoC4/cyfitter_cfg.c **** {
  78:Generated_Source\PSoC4/cyfitter_cfg.c **** 	(void)memset(s, 0, n);
  79:Generated_Source\PSoC4/cyfitter_cfg.c **** }
  80:Generated_Source\PSoC4/cyfitter_cfg.c **** CY_CFG_UNUSED
  81:Generated_Source\PSoC4/cyfitter_cfg.c **** static void CYCONFIGCPY(void *dest, const void *src, size_t n);
  82:Generated_Source\PSoC4/cyfitter_cfg.c **** CY_CFG_UNUSED
  83:Generated_Source\PSoC4/cyfitter_cfg.c **** static void CYCONFIGCPY(void *dest, const void *src, size_t n)
  84:Generated_Source\PSoC4/cyfitter_cfg.c **** {
  85:Generated_Source\PSoC4/cyfitter_cfg.c **** 	(void)memcpy(dest, src, n);
  86:Generated_Source\PSoC4/cyfitter_cfg.c **** }
  87:Generated_Source\PSoC4/cyfitter_cfg.c **** CY_CFG_UNUSED
  88:Generated_Source\PSoC4/cyfitter_cfg.c **** static void CYCONFIGCPYCODE(void *dest, const void *src, size_t n);
ARM GAS  C:\Users\Jeremias\AppData\Local\Temp\ccrNDROw.s 			page 3


  89:Generated_Source\PSoC4/cyfitter_cfg.c **** CY_CFG_UNUSED
  90:Generated_Source\PSoC4/cyfitter_cfg.c **** static void CYCONFIGCPYCODE(void *dest, const void *src, size_t n)
  91:Generated_Source\PSoC4/cyfitter_cfg.c **** {
  92:Generated_Source\PSoC4/cyfitter_cfg.c **** 	(void)memcpy(dest, src, n);
  93:Generated_Source\PSoC4/cyfitter_cfg.c **** }
  94:Generated_Source\PSoC4/cyfitter_cfg.c **** 
  95:Generated_Source\PSoC4/cyfitter_cfg.c **** 
  96:Generated_Source\PSoC4/cyfitter_cfg.c **** 
  97:Generated_Source\PSoC4/cyfitter_cfg.c **** 
  98:Generated_Source\PSoC4/cyfitter_cfg.c **** /* Clock startup error codes                                                   */
  99:Generated_Source\PSoC4/cyfitter_cfg.c **** #define CYCLOCKSTART_NO_ERROR    0u
 100:Generated_Source\PSoC4/cyfitter_cfg.c **** #define CYCLOCKSTART_XTAL_ERROR  1u
 101:Generated_Source\PSoC4/cyfitter_cfg.c **** #define CYCLOCKSTART_32KHZ_ERROR 2u
 102:Generated_Source\PSoC4/cyfitter_cfg.c **** #define CYCLOCKSTART_PLL_ERROR   3u
 103:Generated_Source\PSoC4/cyfitter_cfg.c **** #define CYCLOCKSTART_FLL_ERROR   4u
 104:Generated_Source\PSoC4/cyfitter_cfg.c **** #define CYCLOCKSTART_WCO_ERROR   5u
 105:Generated_Source\PSoC4/cyfitter_cfg.c **** 
 106:Generated_Source\PSoC4/cyfitter_cfg.c **** 
 107:Generated_Source\PSoC4/cyfitter_cfg.c **** #ifdef CY_NEED_CYCLOCKSTARTUPERROR
 108:Generated_Source\PSoC4/cyfitter_cfg.c **** /*******************************************************************************
 109:Generated_Source\PSoC4/cyfitter_cfg.c **** * Function Name: CyClockStartupError
 110:Generated_Source\PSoC4/cyfitter_cfg.c **** ********************************************************************************
 111:Generated_Source\PSoC4/cyfitter_cfg.c **** * Summary:
 112:Generated_Source\PSoC4/cyfitter_cfg.c **** *  If an error is encountered during clock configuration (crystal startup error,
 113:Generated_Source\PSoC4/cyfitter_cfg.c **** *  PLL lock error, etc.), the system will end up here.  Unless reimplemented by
 114:Generated_Source\PSoC4/cyfitter_cfg.c **** *  the customer, this function will stop in an infinite loop.
 115:Generated_Source\PSoC4/cyfitter_cfg.c **** *
 116:Generated_Source\PSoC4/cyfitter_cfg.c **** * Parameters:
 117:Generated_Source\PSoC4/cyfitter_cfg.c **** *   void
 118:Generated_Source\PSoC4/cyfitter_cfg.c **** *
 119:Generated_Source\PSoC4/cyfitter_cfg.c **** * Return:
 120:Generated_Source\PSoC4/cyfitter_cfg.c **** *   void
 121:Generated_Source\PSoC4/cyfitter_cfg.c **** *
 122:Generated_Source\PSoC4/cyfitter_cfg.c **** *******************************************************************************/
 123:Generated_Source\PSoC4/cyfitter_cfg.c **** CY_CFG_UNUSED
 124:Generated_Source\PSoC4/cyfitter_cfg.c **** static void CyClockStartupError(uint8 errorCode);
 125:Generated_Source\PSoC4/cyfitter_cfg.c **** CY_CFG_UNUSED
 126:Generated_Source\PSoC4/cyfitter_cfg.c **** static void CyClockStartupError(uint8 errorCode)
 127:Generated_Source\PSoC4/cyfitter_cfg.c **** {
 128:Generated_Source\PSoC4/cyfitter_cfg.c ****     /* To remove the compiler warning if errorCode not used.                */
 129:Generated_Source\PSoC4/cyfitter_cfg.c ****     errorCode = errorCode;
 130:Generated_Source\PSoC4/cyfitter_cfg.c **** 
 131:Generated_Source\PSoC4/cyfitter_cfg.c ****     /* If we have a clock startup error (bad MHz crystal, PLL lock, etc.),  */
 132:Generated_Source\PSoC4/cyfitter_cfg.c ****     /* we will end up here to allow the customer to implement something to  */
 133:Generated_Source\PSoC4/cyfitter_cfg.c ****     /* deal with the clock condition.                                       */
 134:Generated_Source\PSoC4/cyfitter_cfg.c **** 
 135:Generated_Source\PSoC4/cyfitter_cfg.c **** #ifdef CY_CFG_CLOCK_STARTUP_ERROR_CALLBACK
 136:Generated_Source\PSoC4/cyfitter_cfg.c ****     CY_CFG_Clock_Startup_ErrorCallback();
 137:Generated_Source\PSoC4/cyfitter_cfg.c **** #else
 138:Generated_Source\PSoC4/cyfitter_cfg.c ****     /*  If not using CY_CFG_CLOCK_STARTUP_ERROR_CALLBACK, place your clock startup code here. */
 139:Generated_Source\PSoC4/cyfitter_cfg.c ****     /* `#START CyClockStartupError` */
 140:Generated_Source\PSoC4/cyfitter_cfg.c **** 
 141:Generated_Source\PSoC4/cyfitter_cfg.c **** 
 142:Generated_Source\PSoC4/cyfitter_cfg.c **** 
 143:Generated_Source\PSoC4/cyfitter_cfg.c ****     /* `#END` */
 144:Generated_Source\PSoC4/cyfitter_cfg.c **** 
 145:Generated_Source\PSoC4/cyfitter_cfg.c ****     while(1) {}
ARM GAS  C:\Users\Jeremias\AppData\Local\Temp\ccrNDROw.s 			page 4


 146:Generated_Source\PSoC4/cyfitter_cfg.c **** #endif /* CY_CFG_CLOCK_STARTUP_ERROR_CALLBACK */
 147:Generated_Source\PSoC4/cyfitter_cfg.c **** }
 148:Generated_Source\PSoC4/cyfitter_cfg.c **** #endif
 149:Generated_Source\PSoC4/cyfitter_cfg.c **** 
 150:Generated_Source\PSoC4/cyfitter_cfg.c **** #define CY_CFG_BASE_ADDR_COUNT 4u
 151:Generated_Source\PSoC4/cyfitter_cfg.c **** CYPACKED typedef struct
 152:Generated_Source\PSoC4/cyfitter_cfg.c **** {
 153:Generated_Source\PSoC4/cyfitter_cfg.c **** 	uint8 offset;
 154:Generated_Source\PSoC4/cyfitter_cfg.c **** 	uint8 value;
 155:Generated_Source\PSoC4/cyfitter_cfg.c **** } CYPACKED_ATTR cy_cfg_addrvalue_t;
 156:Generated_Source\PSoC4/cyfitter_cfg.c **** 
 157:Generated_Source\PSoC4/cyfitter_cfg.c **** 
 158:Generated_Source\PSoC4/cyfitter_cfg.c **** 
 159:Generated_Source\PSoC4/cyfitter_cfg.c **** /*******************************************************************************
 160:Generated_Source\PSoC4/cyfitter_cfg.c **** * Function Name: cfg_write_bytes32
 161:Generated_Source\PSoC4/cyfitter_cfg.c **** ********************************************************************************
 162:Generated_Source\PSoC4/cyfitter_cfg.c **** * Summary:
 163:Generated_Source\PSoC4/cyfitter_cfg.c **** *  This function is used for setting up the chip configuration areas that
 164:Generated_Source\PSoC4/cyfitter_cfg.c **** *  contain relatively sparse data.
 165:Generated_Source\PSoC4/cyfitter_cfg.c **** *
 166:Generated_Source\PSoC4/cyfitter_cfg.c **** * Parameters:
 167:Generated_Source\PSoC4/cyfitter_cfg.c **** *   void
 168:Generated_Source\PSoC4/cyfitter_cfg.c **** *
 169:Generated_Source\PSoC4/cyfitter_cfg.c **** * Return:
 170:Generated_Source\PSoC4/cyfitter_cfg.c **** *   void
 171:Generated_Source\PSoC4/cyfitter_cfg.c **** *
 172:Generated_Source\PSoC4/cyfitter_cfg.c **** *******************************************************************************/
 173:Generated_Source\PSoC4/cyfitter_cfg.c **** static void cfg_write_bytes32(const uint32 addr_table[], const cy_cfg_addrvalue_t data_table[]);
 174:Generated_Source\PSoC4/cyfitter_cfg.c **** static void cfg_write_bytes32(const uint32 addr_table[], const cy_cfg_addrvalue_t data_table[])
 175:Generated_Source\PSoC4/cyfitter_cfg.c **** {
  27              		.loc 1 175 0
  28              		.cfi_startproc
  29              		@ args = 0, pretend = 0, frame = 0
  30              		@ frame_needed = 0, uses_anonymous_args = 0
  31              	.LVL0:
  32 0000 F0B5     		push	{r4, r5, r6, r7, lr}
  33              		.cfi_def_cfa_offset 20
  34              		.cfi_offset 4, -20
  35              		.cfi_offset 5, -16
  36              		.cfi_offset 6, -12
  37              		.cfi_offset 7, -8
  38              		.cfi_offset 14, -4
  39              	.LVL1:
 176:Generated_Source\PSoC4/cyfitter_cfg.c **** 	/* For 32-bit little-endian architectures */
 177:Generated_Source\PSoC4/cyfitter_cfg.c **** 	uint32 i, j = 0u;
  40              		.loc 1 177 0
  41 0002 0025     		movs	r5, #0
 178:Generated_Source\PSoC4/cyfitter_cfg.c **** 	for (i = 0u; i < CY_CFG_BASE_ADDR_COUNT; i++)
  42              		.loc 1 178 0
  43 0004 0027     		movs	r7, #0
  44 0006 11E0     		b	.L2
  45              	.LVL2:
  46              	.L5:
  47              	.LBB2:
 179:Generated_Source\PSoC4/cyfitter_cfg.c **** 	{
 180:Generated_Source\PSoC4/cyfitter_cfg.c **** 		uint32 baseAddr = addr_table[i];
  48              		.loc 1 180 0
ARM GAS  C:\Users\Jeremias\AppData\Local\Temp\ccrNDROw.s 			page 5


  49 0008 BB00     		lsls	r3, r7, #2
  50 000a C658     		ldr	r6, [r0, r3]
  51              	.LVL3:
 181:Generated_Source\PSoC4/cyfitter_cfg.c **** 		uint8 count = (uint8)baseAddr;
  52              		.loc 1 181 0
  53 000c F3B2     		uxtb	r3, r6
  54              	.LVL4:
 182:Generated_Source\PSoC4/cyfitter_cfg.c **** 		baseAddr &= 0xFFFFFF00u;
  55              		.loc 1 182 0
  56 000e FF22     		movs	r2, #255
  57 0010 9643     		bics	r6, r2
  58              	.LVL5:
 183:Generated_Source\PSoC4/cyfitter_cfg.c **** 		while (count != 0u)
  59              		.loc 1 183 0
  60 0012 08E0     		b	.L3
  61              	.L4:
 184:Generated_Source\PSoC4/cyfitter_cfg.c **** 		{
 185:Generated_Source\PSoC4/cyfitter_cfg.c **** 			CY_SET_REG8((void *)(baseAddr + data_table[j].offset), data_table[j].value);
  62              		.loc 1 185 0
  63 0014 6A00     		lsls	r2, r5, #1
  64 0016 8A18     		adds	r2, r1, r2
  65 0018 1478     		ldrb	r4, [r2]
  66 001a A419     		adds	r4, r4, r6
  67 001c 5278     		ldrb	r2, [r2, #1]
  68 001e 2270     		strb	r2, [r4]
 186:Generated_Source\PSoC4/cyfitter_cfg.c **** 			j++;
  69              		.loc 1 186 0
  70 0020 0135     		adds	r5, r5, #1
  71              	.LVL6:
 187:Generated_Source\PSoC4/cyfitter_cfg.c **** 			count--;
  72              		.loc 1 187 0
  73 0022 013B     		subs	r3, r3, #1
  74              	.LVL7:
  75 0024 DBB2     		uxtb	r3, r3
  76              	.LVL8:
  77              	.L3:
 183:Generated_Source\PSoC4/cyfitter_cfg.c **** 		{
  78              		.loc 1 183 0
  79 0026 002B     		cmp	r3, #0
  80 0028 F4D1     		bne	.L4
  81              	.LBE2:
 178:Generated_Source\PSoC4/cyfitter_cfg.c **** 	{
  82              		.loc 1 178 0 discriminator 2
  83 002a 0137     		adds	r7, r7, #1
  84              	.LVL9:
  85              	.L2:
 178:Generated_Source\PSoC4/cyfitter_cfg.c **** 	{
  86              		.loc 1 178 0 is_stmt 0 discriminator 1
  87 002c 032F     		cmp	r7, #3
  88 002e EBD9     		bls	.L5
 188:Generated_Source\PSoC4/cyfitter_cfg.c **** 		}
 189:Generated_Source\PSoC4/cyfitter_cfg.c **** 	}
 190:Generated_Source\PSoC4/cyfitter_cfg.c **** }
  89              		.loc 1 190 0 is_stmt 1
  90              		@ sp needed
  91              	.LVL10:
  92              	.LVL11:
ARM GAS  C:\Users\Jeremias\AppData\Local\Temp\ccrNDROw.s 			page 6


  93 0030 F0BD     		pop	{r4, r5, r6, r7, pc}
  94              		.cfi_endproc
  95              	.LFE3:
  96              		.size	cfg_write_bytes32, .-cfg_write_bytes32
  97 0032 C046     		.section	.text.AnalogSetDefault,"ax",%progbits
  98              		.align	2
  99              		.code	16
 100              		.thumb_func
 101              		.type	AnalogSetDefault, %function
 102              	AnalogSetDefault:
 103              	.LFB5:
 191:Generated_Source\PSoC4/cyfitter_cfg.c **** 
 192:Generated_Source\PSoC4/cyfitter_cfg.c **** 
 193:Generated_Source\PSoC4/cyfitter_cfg.c **** /*******************************************************************************
 194:Generated_Source\PSoC4/cyfitter_cfg.c **** * Function Name: ClockSetup
 195:Generated_Source\PSoC4/cyfitter_cfg.c **** ********************************************************************************
 196:Generated_Source\PSoC4/cyfitter_cfg.c **** *
 197:Generated_Source\PSoC4/cyfitter_cfg.c **** * Summary:
 198:Generated_Source\PSoC4/cyfitter_cfg.c **** *   Performs the initialization of all of the clocks in the device based on the
 199:Generated_Source\PSoC4/cyfitter_cfg.c **** *   settings in the Clock tab of the DWR.  This includes enabling the requested
 200:Generated_Source\PSoC4/cyfitter_cfg.c **** *   clocks and setting the necessary dividers to produce the desired frequency. 
 201:Generated_Source\PSoC4/cyfitter_cfg.c **** *
 202:Generated_Source\PSoC4/cyfitter_cfg.c **** * Parameters:
 203:Generated_Source\PSoC4/cyfitter_cfg.c **** *   void
 204:Generated_Source\PSoC4/cyfitter_cfg.c **** *
 205:Generated_Source\PSoC4/cyfitter_cfg.c **** * Return:
 206:Generated_Source\PSoC4/cyfitter_cfg.c **** *   void
 207:Generated_Source\PSoC4/cyfitter_cfg.c **** *
 208:Generated_Source\PSoC4/cyfitter_cfg.c **** *******************************************************************************/
 209:Generated_Source\PSoC4/cyfitter_cfg.c **** static void ClockSetup(void);
 210:Generated_Source\PSoC4/cyfitter_cfg.c **** CY_CFG_SECTION
 211:Generated_Source\PSoC4/cyfitter_cfg.c **** static void ClockSetup(void)
 212:Generated_Source\PSoC4/cyfitter_cfg.c **** {
 213:Generated_Source\PSoC4/cyfitter_cfg.c **** 	/* Enable HALF_EN before trimming for the flash accelerator. */
 214:Generated_Source\PSoC4/cyfitter_cfg.c **** 	CY_SET_REG32((void CYXDATA *)(CYREG_CLK_SELECT), (CY_GET_REG32((void *)CYREG_CLK_SELECT) | 0x00040
 215:Generated_Source\PSoC4/cyfitter_cfg.c **** 
 216:Generated_Source\PSoC4/cyfitter_cfg.c **** 	/* Setup and trim IMO based on desired frequency. */
 217:Generated_Source\PSoC4/cyfitter_cfg.c **** 	CySysClkWriteImoFreq(48u);
 218:Generated_Source\PSoC4/cyfitter_cfg.c **** 	/* CYDEV_CLK_ILO_CONFIG Starting address: CYDEV_CLK_ILO_CONFIG */
 219:Generated_Source\PSoC4/cyfitter_cfg.c **** 	CY_SET_REG32((void *)(CYREG_CLK_ILO_CONFIG), 0x80000006u);
 220:Generated_Source\PSoC4/cyfitter_cfg.c **** 
 221:Generated_Source\PSoC4/cyfitter_cfg.c **** 
 222:Generated_Source\PSoC4/cyfitter_cfg.c **** 	/* CYDEV_CLK_IMO_CONFIG Starting address: CYDEV_CLK_IMO_CONFIG */
 223:Generated_Source\PSoC4/cyfitter_cfg.c **** 	CY_SET_REG32((void *)(CYREG_CLK_IMO_CONFIG), 0x82000000u);
 224:Generated_Source\PSoC4/cyfitter_cfg.c **** 
 225:Generated_Source\PSoC4/cyfitter_cfg.c **** 	/* CYDEV_CLK_SELECT Starting address: CYDEV_CLK_SELECT */
 226:Generated_Source\PSoC4/cyfitter_cfg.c **** 	CY_SET_REG32((void *)(CYREG_CLK_SELECT), 0x00040000u);
 227:Generated_Source\PSoC4/cyfitter_cfg.c **** 
 228:Generated_Source\PSoC4/cyfitter_cfg.c **** 	(void)CyIntSetVector(9u, &CySysWdtIsr);
 229:Generated_Source\PSoC4/cyfitter_cfg.c **** 	CyIntEnable(9u);
 230:Generated_Source\PSoC4/cyfitter_cfg.c **** 	CY_SET_REG32((void *)(CYREG_WDT_CONFIG), 0x00000000u);
 231:Generated_Source\PSoC4/cyfitter_cfg.c **** }
 232:Generated_Source\PSoC4/cyfitter_cfg.c **** 
 233:Generated_Source\PSoC4/cyfitter_cfg.c **** 
 234:Generated_Source\PSoC4/cyfitter_cfg.c **** /* Analog API Functions */
 235:Generated_Source\PSoC4/cyfitter_cfg.c **** 
 236:Generated_Source\PSoC4/cyfitter_cfg.c **** 
ARM GAS  C:\Users\Jeremias\AppData\Local\Temp\ccrNDROw.s 			page 7


 237:Generated_Source\PSoC4/cyfitter_cfg.c **** /*******************************************************************************
 238:Generated_Source\PSoC4/cyfitter_cfg.c **** * Function Name: AnalogSetDefault
 239:Generated_Source\PSoC4/cyfitter_cfg.c **** ********************************************************************************
 240:Generated_Source\PSoC4/cyfitter_cfg.c **** *
 241:Generated_Source\PSoC4/cyfitter_cfg.c **** * Summary:
 242:Generated_Source\PSoC4/cyfitter_cfg.c **** *  Sets up the analog portions of the chip to default values based on chip
 243:Generated_Source\PSoC4/cyfitter_cfg.c **** *  configuration options from the project.
 244:Generated_Source\PSoC4/cyfitter_cfg.c **** *
 245:Generated_Source\PSoC4/cyfitter_cfg.c **** * Parameters:
 246:Generated_Source\PSoC4/cyfitter_cfg.c **** *  void
 247:Generated_Source\PSoC4/cyfitter_cfg.c **** *
 248:Generated_Source\PSoC4/cyfitter_cfg.c **** * Return:
 249:Generated_Source\PSoC4/cyfitter_cfg.c **** *  void
 250:Generated_Source\PSoC4/cyfitter_cfg.c **** *
 251:Generated_Source\PSoC4/cyfitter_cfg.c **** *******************************************************************************/
 252:Generated_Source\PSoC4/cyfitter_cfg.c **** static void AnalogSetDefault(void);
 253:Generated_Source\PSoC4/cyfitter_cfg.c **** static void AnalogSetDefault(void)
 254:Generated_Source\PSoC4/cyfitter_cfg.c **** {
 104              		.loc 1 254 0
 105              		.cfi_startproc
 106              		@ args = 0, pretend = 0, frame = 0
 107              		@ frame_needed = 0, uses_anonymous_args = 0
 108              		@ link register save eliminated.
 255:Generated_Source\PSoC4/cyfitter_cfg.c **** 	CY_SET_XTND_REG32((void CYFAR *)CYREG_CTBM_OA0_SW, 0x00000104u);
 109              		.loc 1 255 0
 110 0000 8222     		movs	r2, #130
 111 0002 5200     		lsls	r2, r2, #1
 112 0004 014B     		ldr	r3, .L7
 113 0006 1A60     		str	r2, [r3]
 256:Generated_Source\PSoC4/cyfitter_cfg.c **** 	/* Variable VDDA is selected; no pumps are enabled by default */
 257:Generated_Source\PSoC4/cyfitter_cfg.c **** }
 114              		.loc 1 257 0
 115              		@ sp needed
 116 0008 7047     		bx	lr
 117              	.L8:
 118 000a C046     		.align	2
 119              	.L7:
 120 000c 80001040 		.word	1074790528
 121              		.cfi_endproc
 122              	.LFE5:
 123              		.size	AnalogSetDefault, .-AnalogSetDefault
 124              		.section	.text.CYMEMZERO,"ax",%progbits
 125              		.align	2
 126              		.code	16
 127              		.thumb_func
 128              		.type	CYMEMZERO, %function
 129              	CYMEMZERO:
 130              	.LFB0:
  77:Generated_Source\PSoC4/cyfitter_cfg.c **** 	(void)memset(s, 0, n);
 131              		.loc 1 77 0
 132              		.cfi_startproc
 133              		@ args = 0, pretend = 0, frame = 0
 134              		@ frame_needed = 0, uses_anonymous_args = 0
 135              	.LVL12:
 136 0000 10B5     		push	{r4, lr}
 137              		.cfi_def_cfa_offset 8
 138              		.cfi_offset 4, -8
ARM GAS  C:\Users\Jeremias\AppData\Local\Temp\ccrNDROw.s 			page 8


 139              		.cfi_offset 14, -4
 140 0002 0A00     		movs	r2, r1
  78:Generated_Source\PSoC4/cyfitter_cfg.c **** }
 141              		.loc 1 78 0
 142 0004 0021     		movs	r1, #0
 143              	.LVL13:
 144 0006 FFF7FEFF 		bl	memset
 145              	.LVL14:
  79:Generated_Source\PSoC4/cyfitter_cfg.c **** CY_CFG_UNUSED
 146              		.loc 1 79 0
 147              		@ sp needed
 148 000a 10BD     		pop	{r4, pc}
 149              		.cfi_endproc
 150              	.LFE0:
 151              		.size	CYMEMZERO, .-CYMEMZERO
 152              		.section	.psocinit,"ax",%progbits
 153              		.align	2
 154              		.code	16
 155              		.thumb_func
 156              		.type	ClockSetup, %function
 157              	ClockSetup:
 158              	.LFB4:
 212:Generated_Source\PSoC4/cyfitter_cfg.c **** 	/* Enable HALF_EN before trimming for the flash accelerator. */
 159              		.loc 1 212 0
 160              		.cfi_startproc
 161              		@ args = 0, pretend = 0, frame = 0
 162              		@ frame_needed = 0, uses_anonymous_args = 0
 163 0000 70B5     		push	{r4, r5, r6, lr}
 164              		.cfi_def_cfa_offset 16
 165              		.cfi_offset 4, -16
 166              		.cfi_offset 5, -12
 167              		.cfi_offset 6, -8
 168              		.cfi_offset 14, -4
 214:Generated_Source\PSoC4/cyfitter_cfg.c **** 
 169              		.loc 1 214 0
 170 0002 0E4C     		ldr	r4, .L11
 171 0004 2368     		ldr	r3, [r4]
 172 0006 8025     		movs	r5, #128
 173 0008 ED02     		lsls	r5, r5, #11
 174 000a 2B43     		orrs	r3, r5
 175 000c 2360     		str	r3, [r4]
 217:Generated_Source\PSoC4/cyfitter_cfg.c **** 	/* CYDEV_CLK_ILO_CONFIG Starting address: CYDEV_CLK_ILO_CONFIG */
 176              		.loc 1 217 0
 177 000e 3020     		movs	r0, #48
 178 0010 FFF7FEFF 		bl	CySysClkWriteImoFreq
 179              	.LVL15:
 219:Generated_Source\PSoC4/cyfitter_cfg.c **** 
 180              		.loc 1 219 0
 181 0014 0A4A     		ldr	r2, .L11+4
 182 0016 0B4B     		ldr	r3, .L11+8
 183 0018 1A60     		str	r2, [r3]
 223:Generated_Source\PSoC4/cyfitter_cfg.c **** 
 184              		.loc 1 223 0
 185 001a 8222     		movs	r2, #130
 186 001c 1206     		lsls	r2, r2, #24
 187 001e 0A4B     		ldr	r3, .L11+12
 188 0020 1A60     		str	r2, [r3]
ARM GAS  C:\Users\Jeremias\AppData\Local\Temp\ccrNDROw.s 			page 9


 226:Generated_Source\PSoC4/cyfitter_cfg.c **** 
 189              		.loc 1 226 0
 190 0022 2560     		str	r5, [r4]
 228:Generated_Source\PSoC4/cyfitter_cfg.c **** 	CyIntEnable(9u);
 191              		.loc 1 228 0
 192 0024 0949     		ldr	r1, .L11+16
 193 0026 0920     		movs	r0, #9
 194 0028 FFF7FEFF 		bl	CyIntSetVector
 195              	.LVL16:
 229:Generated_Source\PSoC4/cyfitter_cfg.c **** 	CY_SET_REG32((void *)(CYREG_WDT_CONFIG), 0x00000000u);
 196              		.loc 1 229 0
 197 002c 0920     		movs	r0, #9
 198 002e FFF7FEFF 		bl	CyIntEnable
 199              	.LVL17:
 230:Generated_Source\PSoC4/cyfitter_cfg.c **** }
 200              		.loc 1 230 0
 201 0032 0022     		movs	r2, #0
 202 0034 064B     		ldr	r3, .L11+20
 203 0036 1A60     		str	r2, [r3]
 231:Generated_Source\PSoC4/cyfitter_cfg.c **** 
 204              		.loc 1 231 0
 205              		@ sp needed
 206 0038 70BD     		pop	{r4, r5, r6, pc}
 207              	.L12:
 208 003a C046     		.align	2
 209              	.L11:
 210 003c 00010B40 		.word	1074462976
 211 0040 06000080 		.word	-2147483642
 212 0044 04010B40 		.word	1074462980
 213 0048 08010B40 		.word	1074462984
 214 004c 00000000 		.word	CySysWdtIsr
 215 0050 0C020B40 		.word	1074463244
 216              		.cfi_endproc
 217              	.LFE4:
 218              		.size	ClockSetup, .-ClockSetup
 219              		.section	.text.SetAnalogRoutingPumps,"ax",%progbits
 220              		.align	2
 221              		.global	SetAnalogRoutingPumps
 222              		.code	16
 223              		.thumb_func
 224              		.type	SetAnalogRoutingPumps, %function
 225              	SetAnalogRoutingPumps:
 226              	.LFB6:
 258:Generated_Source\PSoC4/cyfitter_cfg.c **** 
 259:Generated_Source\PSoC4/cyfitter_cfg.c **** 
 260:Generated_Source\PSoC4/cyfitter_cfg.c **** /*******************************************************************************
 261:Generated_Source\PSoC4/cyfitter_cfg.c **** * Function Name: SetAnalogRoutingPumps
 262:Generated_Source\PSoC4/cyfitter_cfg.c **** ********************************************************************************
 263:Generated_Source\PSoC4/cyfitter_cfg.c **** *
 264:Generated_Source\PSoC4/cyfitter_cfg.c **** * Summary:
 265:Generated_Source\PSoC4/cyfitter_cfg.c **** * Enables or disables the analog pumps feeding analog routing switches.
 266:Generated_Source\PSoC4/cyfitter_cfg.c **** * Intended to be called at startup, based on the Vdda system configuration;
 267:Generated_Source\PSoC4/cyfitter_cfg.c **** * may be called during operation when the user informs us that the Vdda voltage crossed the pump th
 268:Generated_Source\PSoC4/cyfitter_cfg.c **** *
 269:Generated_Source\PSoC4/cyfitter_cfg.c **** * Parameters:
 270:Generated_Source\PSoC4/cyfitter_cfg.c **** *  enabled - 1 to enable the pumps, 0 to disable the pumps
 271:Generated_Source\PSoC4/cyfitter_cfg.c **** *
ARM GAS  C:\Users\Jeremias\AppData\Local\Temp\ccrNDROw.s 			page 10


 272:Generated_Source\PSoC4/cyfitter_cfg.c **** * Return:
 273:Generated_Source\PSoC4/cyfitter_cfg.c **** *  void
 274:Generated_Source\PSoC4/cyfitter_cfg.c **** *
 275:Generated_Source\PSoC4/cyfitter_cfg.c **** *******************************************************************************/
 276:Generated_Source\PSoC4/cyfitter_cfg.c **** void SetAnalogRoutingPumps(uint8 enabled)
 277:Generated_Source\PSoC4/cyfitter_cfg.c **** {
 227              		.loc 1 277 0
 228              		.cfi_startproc
 229              		@ args = 0, pretend = 0, frame = 0
 230              		@ frame_needed = 0, uses_anonymous_args = 0
 231              		@ link register save eliminated.
 232              	.LVL18:
 278:Generated_Source\PSoC4/cyfitter_cfg.c **** 	uint32 regValue = CY_GET_XTND_REG32((void *)(CYREG_SAR_PUMP_CTRL));
 233              		.loc 1 278 0
 234 0000 064B     		ldr	r3, .L16
 235 0002 1B68     		ldr	r3, [r3]
 236              	.LVL19:
 279:Generated_Source\PSoC4/cyfitter_cfg.c **** 	if (enabled != 0u)
 237              		.loc 1 279 0
 238 0004 0028     		cmp	r0, #0
 239 0006 03D0     		beq	.L14
 280:Generated_Source\PSoC4/cyfitter_cfg.c **** 	{
 281:Generated_Source\PSoC4/cyfitter_cfg.c **** 		regValue |= 0x80000000u;
 240              		.loc 1 281 0
 241 0008 8022     		movs	r2, #128
 242 000a 1206     		lsls	r2, r2, #24
 243 000c 1343     		orrs	r3, r2
 244              	.LVL20:
 245 000e 01E0     		b	.L15
 246              	.L14:
 282:Generated_Source\PSoC4/cyfitter_cfg.c **** 	}
 283:Generated_Source\PSoC4/cyfitter_cfg.c **** 	else
 284:Generated_Source\PSoC4/cyfitter_cfg.c **** 	{
 285:Generated_Source\PSoC4/cyfitter_cfg.c **** 		regValue &= ~0x80000000u;
 247              		.loc 1 285 0
 248 0010 5B00     		lsls	r3, r3, #1
 249              	.LVL21:
 250 0012 5B08     		lsrs	r3, r3, #1
 251              	.LVL22:
 252              	.L15:
 286:Generated_Source\PSoC4/cyfitter_cfg.c **** 	}
 287:Generated_Source\PSoC4/cyfitter_cfg.c **** 	CY_SET_XTND_REG32((void *)(CYREG_SAR_PUMP_CTRL), regValue);
 253              		.loc 1 287 0
 254 0014 014A     		ldr	r2, .L16
 255 0016 1360     		str	r3, [r2]
 288:Generated_Source\PSoC4/cyfitter_cfg.c **** }
 256              		.loc 1 288 0
 257              		@ sp needed
 258 0018 7047     		bx	lr
 259              	.L17:
 260 001a C046     		.align	2
 261              	.L16:
 262 001c 80031A40 		.word	1075446656
 263              		.cfi_endproc
 264              	.LFE6:
 265              		.size	SetAnalogRoutingPumps, .-SetAnalogRoutingPumps
 266              		.section	.psocinit
ARM GAS  C:\Users\Jeremias\AppData\Local\Temp\ccrNDROw.s 			page 11


 267              		.align	2
 268              		.global	cyfitter_cfg
 269              		.code	16
 270              		.thumb_func
 271              		.type	cyfitter_cfg, %function
 272              	cyfitter_cfg:
 273              	.LFB7:
 289:Generated_Source\PSoC4/cyfitter_cfg.c **** 
 290:Generated_Source\PSoC4/cyfitter_cfg.c **** 
 291:Generated_Source\PSoC4/cyfitter_cfg.c **** 
 292:Generated_Source\PSoC4/cyfitter_cfg.c **** 
 293:Generated_Source\PSoC4/cyfitter_cfg.c **** /*******************************************************************************
 294:Generated_Source\PSoC4/cyfitter_cfg.c **** * Function Name: cyfitter_cfg
 295:Generated_Source\PSoC4/cyfitter_cfg.c **** ********************************************************************************
 296:Generated_Source\PSoC4/cyfitter_cfg.c **** * Summary:
 297:Generated_Source\PSoC4/cyfitter_cfg.c **** *  This function is called by the start-up code for the selected device. It
 298:Generated_Source\PSoC4/cyfitter_cfg.c **** *  performs all of the necessary device configuration based on the design
 299:Generated_Source\PSoC4/cyfitter_cfg.c **** *  settings.  This includes settings from the Design Wide Resources (DWR) such
 300:Generated_Source\PSoC4/cyfitter_cfg.c **** *  as Clocks and Pins as well as any component configuration that is necessary.
 301:Generated_Source\PSoC4/cyfitter_cfg.c **** *
 302:Generated_Source\PSoC4/cyfitter_cfg.c **** * Parameters:
 303:Generated_Source\PSoC4/cyfitter_cfg.c **** *   void
 304:Generated_Source\PSoC4/cyfitter_cfg.c **** *
 305:Generated_Source\PSoC4/cyfitter_cfg.c **** * Return:
 306:Generated_Source\PSoC4/cyfitter_cfg.c **** *   void
 307:Generated_Source\PSoC4/cyfitter_cfg.c **** *
 308:Generated_Source\PSoC4/cyfitter_cfg.c **** *******************************************************************************/
 309:Generated_Source\PSoC4/cyfitter_cfg.c **** CY_CFG_SECTION
 310:Generated_Source\PSoC4/cyfitter_cfg.c **** void cyfitter_cfg(void)
 311:Generated_Source\PSoC4/cyfitter_cfg.c **** {
 274              		.loc 1 311 0
 275              		.cfi_startproc
 276              		@ args = 0, pretend = 0, frame = 0
 277              		@ frame_needed = 0, uses_anonymous_args = 0
 278 0054 10B5     		push	{r4, lr}
 279              		.cfi_def_cfa_offset 8
 280              		.cfi_offset 4, -8
 281              		.cfi_offset 14, -4
 312:Generated_Source\PSoC4/cyfitter_cfg.c **** 	/* Disable interrupts by default. Let user enable if/when they want. */
 313:Generated_Source\PSoC4/cyfitter_cfg.c **** 	CyGlobalIntDisable;
 282              		.loc 1 313 0
 283              		.syntax divided
 284              	@ 313 "Generated_Source\PSoC4\cyfitter_cfg.c" 1
 285 0056 72B6     		CPSID   i
 286              	@ 0 "" 2
 287              	.LVL23:
 288              		.thumb
 289              		.syntax unified
 290              	.LBB3:
 314:Generated_Source\PSoC4/cyfitter_cfg.c **** 
 315:Generated_Source\PSoC4/cyfitter_cfg.c **** 	{
 316:Generated_Source\PSoC4/cyfitter_cfg.c **** 		static const uint32 CYCODE cy_cfg_addr_table[] = {
 317:Generated_Source\PSoC4/cyfitter_cfg.c **** 			0x400F3301u, /* Base address: 0x400F3300 Count: 1 */
 318:Generated_Source\PSoC4/cyfitter_cfg.c **** 			0x400F4105u, /* Base address: 0x400F4100 Count: 5 */
 319:Generated_Source\PSoC4/cyfitter_cfg.c **** 			0x400F4202u, /* Base address: 0x400F4200 Count: 2 */
 320:Generated_Source\PSoC4/cyfitter_cfg.c **** 			0x400F4301u, /* Base address: 0x400F4300 Count: 1 */
 321:Generated_Source\PSoC4/cyfitter_cfg.c **** 		};
ARM GAS  C:\Users\Jeremias\AppData\Local\Temp\ccrNDROw.s 			page 12


 322:Generated_Source\PSoC4/cyfitter_cfg.c **** 
 323:Generated_Source\PSoC4/cyfitter_cfg.c **** 		static const cy_cfg_addrvalue_t CYCODE cy_cfg_data_table[] = {
 324:Generated_Source\PSoC4/cyfitter_cfg.c **** 			{0xEEu, 0x02u},
 325:Generated_Source\PSoC4/cyfitter_cfg.c **** 			{0x63u, 0x40u},
 326:Generated_Source\PSoC4/cyfitter_cfg.c **** 			{0x93u, 0x40u},
 327:Generated_Source\PSoC4/cyfitter_cfg.c **** 			{0xAFu, 0x40u},
 328:Generated_Source\PSoC4/cyfitter_cfg.c **** 			{0xD8u, 0x40u},
 329:Generated_Source\PSoC4/cyfitter_cfg.c **** 			{0xEEu, 0x40u},
 330:Generated_Source\PSoC4/cyfitter_cfg.c **** 			{0x2Bu, 0x08u},
 331:Generated_Source\PSoC4/cyfitter_cfg.c **** 			{0xCAu, 0x08u},
 332:Generated_Source\PSoC4/cyfitter_cfg.c **** 			{0xAFu, 0x08u},
 333:Generated_Source\PSoC4/cyfitter_cfg.c **** 		};
 334:Generated_Source\PSoC4/cyfitter_cfg.c **** 
 335:Generated_Source\PSoC4/cyfitter_cfg.c **** 
 336:Generated_Source\PSoC4/cyfitter_cfg.c **** 
 337:Generated_Source\PSoC4/cyfitter_cfg.c **** 		CYPACKED typedef struct {
 338:Generated_Source\PSoC4/cyfitter_cfg.c **** 			void CYFAR *address;
 339:Generated_Source\PSoC4/cyfitter_cfg.c **** 			uint16 size;
 340:Generated_Source\PSoC4/cyfitter_cfg.c **** 		} CYPACKED_ATTR cfg_memset_t;
 341:Generated_Source\PSoC4/cyfitter_cfg.c **** 
 342:Generated_Source\PSoC4/cyfitter_cfg.c **** 		static const cfg_memset_t CYCODE cfg_memset_list[] = {
 343:Generated_Source\PSoC4/cyfitter_cfg.c **** 			/* address, size */
 344:Generated_Source\PSoC4/cyfitter_cfg.c **** 			{(void CYFAR *)(CYDEV_UDB_P0_U0_BASE), 1024u},
 345:Generated_Source\PSoC4/cyfitter_cfg.c **** 			{(void CYFAR *)(CYDEV_UDB_DSI0_BASE), 1024u},
 346:Generated_Source\PSoC4/cyfitter_cfg.c **** 		};
 347:Generated_Source\PSoC4/cyfitter_cfg.c **** 
 348:Generated_Source\PSoC4/cyfitter_cfg.c **** 		uint8 CYDATA i;
 349:Generated_Source\PSoC4/cyfitter_cfg.c **** 
 350:Generated_Source\PSoC4/cyfitter_cfg.c **** 		/* Zero out critical memory blocks before beginning configuration */
 351:Generated_Source\PSoC4/cyfitter_cfg.c **** 		for (i = 0u; i < (sizeof(cfg_memset_list)/sizeof(cfg_memset_list[0])); i++)
 291              		.loc 1 351 0
 292 0058 0024     		movs	r4, #0
 293 005a 0FE0     		b	.L19
 294              	.LVL24:
 295              	.L20:
 296              	.LBB4:
 352:Generated_Source\PSoC4/cyfitter_cfg.c **** 		{
 353:Generated_Source\PSoC4/cyfitter_cfg.c **** 			const cfg_memset_t CYCODE * CYDATA ms = &cfg_memset_list[i];
 354:Generated_Source\PSoC4/cyfitter_cfg.c **** 			CYMEMZERO(ms->address, (size_t)(uint32)(ms->size));
 297              		.loc 1 354 0 discriminator 3
 298 005c 1E48     		ldr	r0, .L21
 299 005e 6200     		lsls	r2, r4, #1
 300 0060 1319     		adds	r3, r2, r4
 301 0062 5900     		lsls	r1, r3, #1
 302 0064 0B00     		movs	r3, r1
 303 0066 4118     		adds	r1, r0, r1
 304 0068 8988     		ldrh	r1, [r1, #4]
 305 006a 1A5A     		ldrh	r2, [r3, r0]
 306 006c C318     		adds	r3, r0, r3
 307 006e 5888     		ldrh	r0, [r3, #2]
 308 0070 0004     		lsls	r0, r0, #16
 309 0072 1043     		orrs	r0, r2
 310 0074 FFF7FEFF 		bl	CYMEMZERO
 311              	.LVL25:
 312              	.LBE4:
 351:Generated_Source\PSoC4/cyfitter_cfg.c **** 		{
 313              		.loc 1 351 0 discriminator 3
ARM GAS  C:\Users\Jeremias\AppData\Local\Temp\ccrNDROw.s 			page 13


 314 0078 0134     		adds	r4, r4, #1
 315              	.LVL26:
 316 007a E4B2     		uxtb	r4, r4
 317              	.LVL27:
 318              	.L19:
 351:Generated_Source\PSoC4/cyfitter_cfg.c **** 		{
 319              		.loc 1 351 0 is_stmt 0 discriminator 1
 320 007c 012C     		cmp	r4, #1
 321 007e EDD9     		bls	.L20
 355:Generated_Source\PSoC4/cyfitter_cfg.c **** 		}
 356:Generated_Source\PSoC4/cyfitter_cfg.c **** 
 357:Generated_Source\PSoC4/cyfitter_cfg.c **** 		cfg_write_bytes32(cy_cfg_addr_table, cy_cfg_data_table);
 322              		.loc 1 357 0 is_stmt 1
 323 0080 1548     		ldr	r0, .L21
 324 0082 0100     		movs	r1, r0
 325 0084 0C31     		adds	r1, r1, #12
 326 0086 2030     		adds	r0, r0, #32
 327 0088 FFF7FEFF 		bl	cfg_write_bytes32
 328              	.LVL28:
 358:Generated_Source\PSoC4/cyfitter_cfg.c **** 
 359:Generated_Source\PSoC4/cyfitter_cfg.c **** 		/* HSIOM Starting address: CYDEV_HSIOM_BASE */
 360:Generated_Source\PSoC4/cyfitter_cfg.c **** 		CY_SET_REG32((void *)(CYREG_HSIOM_PORT_SEL1), 0x03000000u);
 329              		.loc 1 360 0
 330 008c C022     		movs	r2, #192
 331 008e 9204     		lsls	r2, r2, #18
 332 0090 124B     		ldr	r3, .L21+4
 333 0092 1A60     		str	r2, [r3]
 361:Generated_Source\PSoC4/cyfitter_cfg.c **** 
 362:Generated_Source\PSoC4/cyfitter_cfg.c **** 		/* FORCED_HSIOM Starting address: CYDEV_HSIOM_PORT_SEL3 */
 363:Generated_Source\PSoC4/cyfitter_cfg.c **** 		CY_SET_REG32((void *)(CYREG_HSIOM_PORT_SEL3), 0x00000000u);
 334              		.loc 1 363 0
 335 0094 0023     		movs	r3, #0
 336 0096 124A     		ldr	r2, .L21+8
 337 0098 1360     		str	r3, [r2]
 364:Generated_Source\PSoC4/cyfitter_cfg.c **** 
 365:Generated_Source\PSoC4/cyfitter_cfg.c **** 		/* IOPINS0_3 Starting address: CYDEV_PRT3_PC */
 366:Generated_Source\PSoC4/cyfitter_cfg.c **** 		CY_SET_REG32((void *)(CYREG_PRT3_PC), 0x00000000u);
 338              		.loc 1 366 0
 339 009a 124A     		ldr	r2, .L21+12
 340 009c 1360     		str	r3, [r2]
 367:Generated_Source\PSoC4/cyfitter_cfg.c **** 
 368:Generated_Source\PSoC4/cyfitter_cfg.c **** 		/* UDB_PA_1 Starting address: CYDEV_UDB_PA1_BASE */
 369:Generated_Source\PSoC4/cyfitter_cfg.c **** 		CY_SET_REG32((void *)(CYDEV_UDB_PA1_BASE), 0x00990000u);
 341              		.loc 1 369 0
 342 009e 9922     		movs	r2, #153
 343 00a0 1204     		lsls	r2, r2, #16
 344 00a2 114B     		ldr	r3, .L21+16
 345 00a4 1A60     		str	r2, [r3]
 370:Generated_Source\PSoC4/cyfitter_cfg.c **** 		CY_SET_REG32((void *)(CYREG_UDB_PA1_CFG8), 0x20000000u);
 346              		.loc 1 370 0
 347 00a6 8022     		movs	r2, #128
 348 00a8 9205     		lsls	r2, r2, #22
 349 00aa 104B     		ldr	r3, .L21+20
 350 00ac 1A60     		str	r2, [r3]
 371:Generated_Source\PSoC4/cyfitter_cfg.c **** 
 372:Generated_Source\PSoC4/cyfitter_cfg.c **** 		/* Enable digital routing */
 373:Generated_Source\PSoC4/cyfitter_cfg.c **** 		CY_SET_XTND_REG8((void *)CYREG_UDB_UDBIF_BANK_CTL, (uint8)(CY_GET_XTND_REG8((void *)CYREG_UDB_UDB
ARM GAS  C:\Users\Jeremias\AppData\Local\Temp\ccrNDROw.s 			page 14


 351              		.loc 1 373 0
 352 00ae 104A     		ldr	r2, .L21+24
 353 00b0 1178     		ldrb	r1, [r2]
 354 00b2 0623     		movs	r3, #6
 355 00b4 0B43     		orrs	r3, r1
 356 00b6 DBB2     		uxtb	r3, r3
 357 00b8 1370     		strb	r3, [r2]
 358              	.LBE3:
 374:Generated_Source\PSoC4/cyfitter_cfg.c **** 	}
 375:Generated_Source\PSoC4/cyfitter_cfg.c **** 
 376:Generated_Source\PSoC4/cyfitter_cfg.c **** 	/* Perform second pass device configuration. These items must be configured in specific order afte
 377:Generated_Source\PSoC4/cyfitter_cfg.c **** 	/* IOPINS0_1 Starting address: CYDEV_PRT1_BASE */
 378:Generated_Source\PSoC4/cyfitter_cfg.c **** 	CY_SET_REG32((void *)(CYDEV_PRT1_BASE), 0x00000043u);
 359              		.loc 1 378 0
 360 00ba 4322     		movs	r2, #67
 361 00bc 0D4B     		ldr	r3, .L21+28
 362 00be 1A60     		str	r2, [r3]
 379:Generated_Source\PSoC4/cyfitter_cfg.c **** 	CY_SET_REG32((void *)(CYREG_PRT1_PC), 0x00180000u);
 363              		.loc 1 379 0
 364 00c0 C022     		movs	r2, #192
 365 00c2 5203     		lsls	r2, r2, #13
 366 00c4 0C4B     		ldr	r3, .L21+32
 367 00c6 1A60     		str	r2, [r3]
 380:Generated_Source\PSoC4/cyfitter_cfg.c **** 	CY_SET_REG32((void *)(CYREG_PRT1_PC2), 0x00000003u);
 368              		.loc 1 380 0
 369 00c8 0322     		movs	r2, #3
 370 00ca 0C4B     		ldr	r3, .L21+36
 371 00cc 1A60     		str	r2, [r3]
 381:Generated_Source\PSoC4/cyfitter_cfg.c **** 
 382:Generated_Source\PSoC4/cyfitter_cfg.c **** 
 383:Generated_Source\PSoC4/cyfitter_cfg.c **** 	/* Setup clocks based on selections from Clock DWR */
 384:Generated_Source\PSoC4/cyfitter_cfg.c **** 	ClockSetup();
 372              		.loc 1 384 0
 373 00ce FFF797FF 		bl	ClockSetup
 374              	.LVL29:
 385:Generated_Source\PSoC4/cyfitter_cfg.c **** 
 386:Generated_Source\PSoC4/cyfitter_cfg.c **** 	/* Perform basic analog initialization to defaults */
 387:Generated_Source\PSoC4/cyfitter_cfg.c **** 	AnalogSetDefault();
 375              		.loc 1 387 0
 376 00d2 FFF7FEFF 		bl	AnalogSetDefault
 377              	.LVL30:
 388:Generated_Source\PSoC4/cyfitter_cfg.c **** 
 389:Generated_Source\PSoC4/cyfitter_cfg.c **** }
 378              		.loc 1 389 0
 379              		@ sp needed
 380              	.LVL31:
 381 00d6 10BD     		pop	{r4, pc}
 382              	.L22:
 383              		.align	2
 384              	.L21:
 385 00d8 00000000 		.word	.LANCHOR0
 386 00dc 04000140 		.word	1073807364
 387 00e0 0C000140 		.word	1073807372
 388 00e4 08030440 		.word	1074004744
 389 00e8 10500F40 		.word	1074745360
 390 00ec 18500F40 		.word	1074745368
 391 00f0 00700F40 		.word	1074753536
ARM GAS  C:\Users\Jeremias\AppData\Local\Temp\ccrNDROw.s 			page 15


 392 00f4 00010440 		.word	1074004224
 393 00f8 08010440 		.word	1074004232
 394 00fc 18010440 		.word	1074004248
 395              		.cfi_endproc
 396              	.LFE7:
 397              		.size	cyfitter_cfg, .-cyfitter_cfg
 398              		.section	.rodata
 399              		.align	2
 400              		.set	.LANCHOR0,. + 0
 401              		.type	cfg_memset_list.4876, %object
 402              		.size	cfg_memset_list.4876, 12
 403              	cfg_memset_list.4876:
 404 0000 00300F40 		.word	1074737152
 405 0004 0004     		.short	1024
 406 0006 00400F40 		.4byte	1074741248
 407 000a 0004     		.short	1024
 408              		.type	cy_cfg_data_table.4871, %object
 409              		.size	cy_cfg_data_table.4871, 18
 410              	cy_cfg_data_table.4871:
 411 000c EE       		.byte	-18
 412 000d 02       		.byte	2
 413 000e 63       		.byte	99
 414 000f 40       		.byte	64
 415 0010 93       		.byte	-109
 416 0011 40       		.byte	64
 417 0012 AF       		.byte	-81
 418 0013 40       		.byte	64
 419 0014 D8       		.byte	-40
 420 0015 40       		.byte	64
 421 0016 EE       		.byte	-18
 422 0017 40       		.byte	64
 423 0018 2B       		.byte	43
 424 0019 08       		.byte	8
 425 001a CA       		.byte	-54
 426 001b 08       		.byte	8
 427 001c AF       		.byte	-81
 428 001d 08       		.byte	8
 429 001e 0000     		.space	2
 430              		.type	cy_cfg_addr_table.4870, %object
 431              		.size	cy_cfg_addr_table.4870, 16
 432              	cy_cfg_addr_table.4870:
 433 0020 01330F40 		.word	1074737921
 434 0024 05410F40 		.word	1074741509
 435 0028 02420F40 		.word	1074741762
 436 002c 01430F40 		.word	1074742017
 437              		.text
 438              	.Letext0:
 439              		.file 2 "c:\\program files (x86)\\cypress\\psoc creator\\4.4\\psoc creator\\import\\gnu\\arm\\5.4.
 440              		.file 3 "Generated_Source\\PSoC4\\cytypes.h"
 441              		.file 4 "Generated_Source\\PSoC4\\CyLib.h"
 442              		.section	.debug_info,"",%progbits
 443              	.Ldebug_info0:
 444 0000 EC030000 		.4byte	0x3ec
 445 0004 0400     		.2byte	0x4
 446 0006 00000000 		.4byte	.Ldebug_abbrev0
 447 000a 04       		.byte	0x4
 448 000b 01       		.uleb128 0x1
ARM GAS  C:\Users\Jeremias\AppData\Local\Temp\ccrNDROw.s 			page 16


 449 000c CA010000 		.4byte	.LASF43
 450 0010 0C       		.byte	0xc
 451 0011 FF020000 		.4byte	.LASF44
 452 0015 2D000000 		.4byte	.LASF45
 453 0019 00000000 		.4byte	.Ldebug_ranges0+0
 454 001d 00000000 		.4byte	0
 455 0021 00000000 		.4byte	.Ldebug_line0
 456 0025 02       		.uleb128 0x2
 457 0026 04       		.byte	0x4
 458 0027 05       		.byte	0x5
 459 0028 696E7400 		.ascii	"int\000"
 460 002c 03       		.uleb128 0x3
 461 002d 06000000 		.4byte	.LASF12
 462 0031 02       		.byte	0x2
 463 0032 D8       		.byte	0xd8
 464 0033 37000000 		.4byte	0x37
 465 0037 04       		.uleb128 0x4
 466 0038 04       		.byte	0x4
 467 0039 07       		.byte	0x7
 468 003a 91010000 		.4byte	.LASF0
 469 003e 04       		.uleb128 0x4
 470 003f 08       		.byte	0x8
 471 0040 05       		.byte	0x5
 472 0041 8A020000 		.4byte	.LASF1
 473 0045 04       		.uleb128 0x4
 474 0046 08       		.byte	0x8
 475 0047 04       		.byte	0x4
 476 0048 E7020000 		.4byte	.LASF2
 477 004c 04       		.uleb128 0x4
 478 004d 01       		.byte	0x1
 479 004e 06       		.byte	0x6
 480 004f F3020000 		.4byte	.LASF3
 481 0053 04       		.uleb128 0x4
 482 0054 01       		.byte	0x1
 483 0055 08       		.byte	0x8
 484 0056 33010000 		.4byte	.LASF4
 485 005a 04       		.uleb128 0x4
 486 005b 02       		.byte	0x2
 487 005c 05       		.byte	0x5
 488 005d BF020000 		.4byte	.LASF5
 489 0061 04       		.uleb128 0x4
 490 0062 02       		.byte	0x2
 491 0063 07       		.byte	0x7
 492 0064 77020000 		.4byte	.LASF6
 493 0068 04       		.uleb128 0x4
 494 0069 04       		.byte	0x4
 495 006a 05       		.byte	0x5
 496 006b DE020000 		.4byte	.LASF7
 497 006f 04       		.uleb128 0x4
 498 0070 04       		.byte	0x4
 499 0071 07       		.byte	0x7
 500 0072 FB000000 		.4byte	.LASF8
 501 0076 04       		.uleb128 0x4
 502 0077 08       		.byte	0x8
 503 0078 07       		.byte	0x7
 504 0079 B3010000 		.4byte	.LASF9
 505 007d 04       		.uleb128 0x4
ARM GAS  C:\Users\Jeremias\AppData\Local\Temp\ccrNDROw.s 			page 17


 506 007e 04       		.byte	0x4
 507 007f 07       		.byte	0x7
 508 0080 6E020000 		.4byte	.LASF10
 509 0084 05       		.uleb128 0x5
 510 0085 04       		.byte	0x4
 511 0086 04       		.uleb128 0x4
 512 0087 01       		.byte	0x1
 513 0088 08       		.byte	0x8
 514 0089 98020000 		.4byte	.LASF11
 515 008d 06       		.uleb128 0x6
 516 008e 0D010000 		.4byte	.LASF13
 517 0092 03       		.byte	0x3
 518 0093 FB01     		.2byte	0x1fb
 519 0095 53000000 		.4byte	0x53
 520 0099 06       		.uleb128 0x6
 521 009a 78010000 		.4byte	.LASF14
 522 009e 03       		.byte	0x3
 523 009f FC01     		.2byte	0x1fc
 524 00a1 61000000 		.4byte	0x61
 525 00a5 06       		.uleb128 0x6
 526 00a6 8A010000 		.4byte	.LASF15
 527 00aa 03       		.byte	0x3
 528 00ab FD01     		.2byte	0x1fd
 529 00ad 6F000000 		.4byte	0x6f
 530 00b1 04       		.uleb128 0x4
 531 00b2 04       		.byte	0x4
 532 00b3 04       		.byte	0x4
 533 00b4 DB000000 		.4byte	.LASF16
 534 00b8 04       		.uleb128 0x4
 535 00b9 08       		.byte	0x8
 536 00ba 04       		.byte	0x4
 537 00bb 48010000 		.4byte	.LASF17
 538 00bf 06       		.uleb128 0x6
 539 00c0 F6000000 		.4byte	.LASF18
 540 00c4 03       		.byte	0x3
 541 00c5 A502     		.2byte	0x2a5
 542 00c7 CB000000 		.4byte	0xcb
 543 00cb 07       		.uleb128 0x7
 544 00cc 8D000000 		.4byte	0x8d
 545 00d0 06       		.uleb128 0x6
 546 00d1 00000000 		.4byte	.LASF19
 547 00d5 03       		.byte	0x3
 548 00d6 A702     		.2byte	0x2a7
 549 00d8 DC000000 		.4byte	0xdc
 550 00dc 07       		.uleb128 0x7
 551 00dd A5000000 		.4byte	0xa5
 552 00e1 08       		.uleb128 0x8
 553 00e2 02       		.byte	0x2
 554 00e3 01       		.byte	0x1
 555 00e4 97       		.byte	0x97
 556 00e5 02010000 		.4byte	0x102
 557 00e9 09       		.uleb128 0x9
 558 00ea B0020000 		.4byte	.LASF20
 559 00ee 01       		.byte	0x1
 560 00ef 99       		.byte	0x99
 561 00f0 8D000000 		.4byte	0x8d
 562 00f4 00       		.byte	0
ARM GAS  C:\Users\Jeremias\AppData\Local\Temp\ccrNDROw.s 			page 18


 563 00f5 09       		.uleb128 0x9
 564 00f6 A0000000 		.4byte	.LASF21
 565 00fa 01       		.byte	0x1
 566 00fb 9A       		.byte	0x9a
 567 00fc 8D000000 		.4byte	0x8d
 568 0100 01       		.byte	0x1
 569 0101 00       		.byte	0
 570 0102 03       		.uleb128 0x3
 571 0103 9D020000 		.4byte	.LASF22
 572 0107 01       		.byte	0x1
 573 0108 9B       		.byte	0x9b
 574 0109 E1000000 		.4byte	0xe1
 575 010d 0A       		.uleb128 0xa
 576 010e 4F010000 		.4byte	.LASF27
 577 0112 01       		.byte	0x1
 578 0113 AE       		.byte	0xae
 579 0114 00000000 		.4byte	.LFB3
 580 0118 32000000 		.4byte	.LFE3-.LFB3
 581 011c 01       		.uleb128 0x1
 582 011d 9C       		.byte	0x9c
 583 011e 7F010000 		.4byte	0x17f
 584 0122 0B       		.uleb128 0xb
 585 0123 6D010000 		.4byte	.LASF23
 586 0127 01       		.byte	0x1
 587 0128 AE       		.byte	0xae
 588 0129 7F010000 		.4byte	0x17f
 589 012d 01       		.uleb128 0x1
 590 012e 50       		.byte	0x50
 591 012f 0B       		.uleb128 0xb
 592 0130 7F010000 		.4byte	.LASF24
 593 0134 01       		.byte	0x1
 594 0135 AE       		.byte	0xae
 595 0136 8A010000 		.4byte	0x18a
 596 013a 01       		.uleb128 0x1
 597 013b 51       		.byte	0x51
 598 013c 0C       		.uleb128 0xc
 599 013d 6900     		.ascii	"i\000"
 600 013f 01       		.byte	0x1
 601 0140 B1       		.byte	0xb1
 602 0141 A5000000 		.4byte	0xa5
 603 0145 00000000 		.4byte	.LLST0
 604 0149 0C       		.uleb128 0xc
 605 014a 6A00     		.ascii	"j\000"
 606 014c 01       		.byte	0x1
 607 014d B1       		.byte	0xb1
 608 014e A5000000 		.4byte	0xa5
 609 0152 1F000000 		.4byte	.LLST1
 610 0156 0D       		.uleb128 0xd
 611 0157 08000000 		.4byte	.LBB2
 612 015b 22000000 		.4byte	.LBE2-.LBB2
 613 015f 0E       		.uleb128 0xe
 614 0160 65020000 		.4byte	.LASF25
 615 0164 01       		.byte	0x1
 616 0165 B4       		.byte	0xb4
 617 0166 A5000000 		.4byte	0xa5
 618 016a 3E000000 		.4byte	.LLST2
 619 016e 0E       		.uleb128 0xe
ARM GAS  C:\Users\Jeremias\AppData\Local\Temp\ccrNDROw.s 			page 19


 620 016f A6000000 		.4byte	.LASF26
 621 0173 01       		.byte	0x1
 622 0174 B5       		.byte	0xb5
 623 0175 8D000000 		.4byte	0x8d
 624 0179 51000000 		.4byte	.LLST3
 625 017d 00       		.byte	0
 626 017e 00       		.byte	0
 627 017f 0F       		.uleb128 0xf
 628 0180 04       		.byte	0x4
 629 0181 85010000 		.4byte	0x185
 630 0185 10       		.uleb128 0x10
 631 0186 A5000000 		.4byte	0xa5
 632 018a 0F       		.uleb128 0xf
 633 018b 04       		.byte	0x4
 634 018c 90010000 		.4byte	0x190
 635 0190 10       		.uleb128 0x10
 636 0191 02010000 		.4byte	0x102
 637 0195 11       		.uleb128 0x11
 638 0196 0D000000 		.4byte	.LASF46
 639 019a 01       		.byte	0x1
 640 019b FD       		.byte	0xfd
 641 019c 00000000 		.4byte	.LFB5
 642 01a0 10000000 		.4byte	.LFE5-.LFB5
 643 01a4 01       		.uleb128 0x1
 644 01a5 9C       		.byte	0x9c
 645 01a6 0A       		.uleb128 0xa
 646 01a7 13010000 		.4byte	.LASF28
 647 01ab 01       		.byte	0x1
 648 01ac 4C       		.byte	0x4c
 649 01ad 00000000 		.4byte	.LFB0
 650 01b1 0C000000 		.4byte	.LFE0-.LFB0
 651 01b5 01       		.uleb128 0x1
 652 01b6 9C       		.byte	0x9c
 653 01b7 F3010000 		.4byte	0x1f3
 654 01bb 12       		.uleb128 0x12
 655 01bc 7300     		.ascii	"s\000"
 656 01be 01       		.byte	0x1
 657 01bf 4C       		.byte	0x4c
 658 01c0 84000000 		.4byte	0x84
 659 01c4 6F000000 		.4byte	.LLST4
 660 01c8 12       		.uleb128 0x12
 661 01c9 6E00     		.ascii	"n\000"
 662 01cb 01       		.byte	0x1
 663 01cc 4C       		.byte	0x4c
 664 01cd 2C000000 		.4byte	0x2c
 665 01d1 90000000 		.4byte	.LLST5
 666 01d5 13       		.uleb128 0x13
 667 01d6 0A000000 		.4byte	.LVL14
 668 01da C5030000 		.4byte	0x3c5
 669 01de 14       		.uleb128 0x14
 670 01df 01       		.uleb128 0x1
 671 01e0 50       		.byte	0x50
 672 01e1 03       		.uleb128 0x3
 673 01e2 F3       		.byte	0xf3
 674 01e3 01       		.uleb128 0x1
 675 01e4 50       		.byte	0x50
 676 01e5 14       		.uleb128 0x14
ARM GAS  C:\Users\Jeremias\AppData\Local\Temp\ccrNDROw.s 			page 20


 677 01e6 01       		.uleb128 0x1
 678 01e7 51       		.byte	0x51
 679 01e8 01       		.uleb128 0x1
 680 01e9 30       		.byte	0x30
 681 01ea 14       		.uleb128 0x14
 682 01eb 01       		.uleb128 0x1
 683 01ec 52       		.byte	0x52
 684 01ed 03       		.uleb128 0x3
 685 01ee F3       		.byte	0xf3
 686 01ef 01       		.uleb128 0x1
 687 01f0 51       		.byte	0x51
 688 01f1 00       		.byte	0
 689 01f2 00       		.byte	0
 690 01f3 0A       		.uleb128 0xa
 691 01f4 AC000000 		.4byte	.LASF29
 692 01f8 01       		.byte	0x1
 693 01f9 D3       		.byte	0xd3
 694 01fa 00000000 		.4byte	.LFB4
 695 01fe 54000000 		.4byte	.LFE4-.LFB4
 696 0202 01       		.uleb128 0x1
 697 0203 9C       		.byte	0x9c
 698 0204 3F020000 		.4byte	0x23f
 699 0208 15       		.uleb128 0x15
 700 0209 14000000 		.4byte	.LVL15
 701 020d CE030000 		.4byte	0x3ce
 702 0211 1C020000 		.4byte	0x21c
 703 0215 14       		.uleb128 0x14
 704 0216 01       		.uleb128 0x1
 705 0217 50       		.byte	0x50
 706 0218 02       		.uleb128 0x2
 707 0219 08       		.byte	0x8
 708 021a 30       		.byte	0x30
 709 021b 00       		.byte	0
 710 021c 15       		.uleb128 0x15
 711 021d 2C000000 		.4byte	.LVL16
 712 0221 D9030000 		.4byte	0x3d9
 713 0225 2F020000 		.4byte	0x22f
 714 0229 14       		.uleb128 0x14
 715 022a 01       		.uleb128 0x1
 716 022b 50       		.byte	0x50
 717 022c 01       		.uleb128 0x1
 718 022d 39       		.byte	0x39
 719 022e 00       		.byte	0
 720 022f 13       		.uleb128 0x13
 721 0230 32000000 		.4byte	.LVL17
 722 0234 E4030000 		.4byte	0x3e4
 723 0238 14       		.uleb128 0x14
 724 0239 01       		.uleb128 0x1
 725 023a 50       		.byte	0x50
 726 023b 01       		.uleb128 0x1
 727 023c 39       		.byte	0x39
 728 023d 00       		.byte	0
 729 023e 00       		.byte	0
 730 023f 16       		.uleb128 0x16
 731 0240 1D010000 		.4byte	.LASF32
 732 0244 01       		.byte	0x1
 733 0245 1401     		.2byte	0x114
ARM GAS  C:\Users\Jeremias\AppData\Local\Temp\ccrNDROw.s 			page 21


 734 0247 00000000 		.4byte	.LFB6
 735 024b 20000000 		.4byte	.LFE6-.LFB6
 736 024f 01       		.uleb128 0x1
 737 0250 9C       		.byte	0x9c
 738 0251 74020000 		.4byte	0x274
 739 0255 17       		.uleb128 0x17
 740 0256 B7020000 		.4byte	.LASF30
 741 025a 01       		.byte	0x1
 742 025b 1401     		.2byte	0x114
 743 025d 8D000000 		.4byte	0x8d
 744 0261 01       		.uleb128 0x1
 745 0262 50       		.byte	0x50
 746 0263 18       		.uleb128 0x18
 747 0264 25030000 		.4byte	.LASF31
 748 0268 01       		.byte	0x1
 749 0269 1601     		.2byte	0x116
 750 026b A5000000 		.4byte	0xa5
 751 026f BC000000 		.4byte	.LLST6
 752 0273 00       		.byte	0
 753 0274 16       		.uleb128 0x16
 754 0275 9E010000 		.4byte	.LASF33
 755 0279 01       		.byte	0x1
 756 027a 3601     		.2byte	0x136
 757 027c 54000000 		.4byte	.LFB7
 758 0280 AC000000 		.4byte	.LFE7-.LFB7
 759 0284 01       		.uleb128 0x1
 760 0285 9C       		.byte	0x9c
 761 0286 9B030000 		.4byte	0x39b
 762 028a 19       		.uleb128 0x19
 763 028b 58000000 		.4byte	.LBB3
 764 028f 62000000 		.4byte	.LBE3-.LBB3
 765 0293 88030000 		.4byte	0x388
 766 0297 1A       		.uleb128 0x1a
 767 0298 B7000000 		.4byte	.LASF34
 768 029c 01       		.byte	0x1
 769 029d 3C01     		.2byte	0x13c
 770 029f AB030000 		.4byte	0x3ab
 771 02a3 05       		.uleb128 0x5
 772 02a4 03       		.byte	0x3
 773 02a5 20000000 		.4byte	cy_cfg_addr_table.4870
 774 02a9 1A       		.uleb128 0x1a
 775 02aa C9000000 		.4byte	.LASF35
 776 02ae 01       		.byte	0x1
 777 02af 4301     		.2byte	0x143
 778 02b1 C0030000 		.4byte	0x3c0
 779 02b5 05       		.uleb128 0x5
 780 02b6 03       		.byte	0x3
 781 02b7 0C000000 		.4byte	cy_cfg_data_table.4871
 782 02bb 1B       		.uleb128 0x1b
 783 02bc 06       		.byte	0x6
 784 02bd 01       		.byte	0x1
 785 02be 5101     		.2byte	0x151
 786 02c0 DF020000 		.4byte	0x2df
 787 02c4 1C       		.uleb128 0x1c
 788 02c5 AB010000 		.4byte	.LASF36
 789 02c9 01       		.byte	0x1
 790 02ca 5201     		.2byte	0x152
ARM GAS  C:\Users\Jeremias\AppData\Local\Temp\ccrNDROw.s 			page 22


 791 02cc 84000000 		.4byte	0x84
 792 02d0 00       		.byte	0
 793 02d1 1C       		.uleb128 0x1c
 794 02d2 F1000000 		.4byte	.LASF37
 795 02d6 01       		.byte	0x1
 796 02d7 5301     		.2byte	0x153
 797 02d9 99000000 		.4byte	0x99
 798 02dd 04       		.byte	0x4
 799 02de 00       		.byte	0
 800 02df 06       		.uleb128 0x6
 801 02e0 58020000 		.4byte	.LASF38
 802 02e4 01       		.byte	0x1
 803 02e5 5401     		.2byte	0x154
 804 02e7 BB020000 		.4byte	0x2bb
 805 02eb 1D       		.uleb128 0x1d
 806 02ec FB020000 		.4byte	0x2fb
 807 02f0 FB020000 		.4byte	0x2fb
 808 02f4 1E       		.uleb128 0x1e
 809 02f5 7D000000 		.4byte	0x7d
 810 02f9 01       		.byte	0x1
 811 02fa 00       		.byte	0
 812 02fb 10       		.uleb128 0x10
 813 02fc DF020000 		.4byte	0x2df
 814 0300 1A       		.uleb128 0x1a
 815 0301 E1000000 		.4byte	.LASF39
 816 0305 01       		.byte	0x1
 817 0306 5601     		.2byte	0x156
 818 0308 12030000 		.4byte	0x312
 819 030c 05       		.uleb128 0x5
 820 030d 03       		.byte	0x3
 821 030e 00000000 		.4byte	cfg_memset_list.4876
 822 0312 10       		.uleb128 0x10
 823 0313 EB020000 		.4byte	0x2eb
 824 0317 1F       		.uleb128 0x1f
 825 0318 6900     		.ascii	"i\000"
 826 031a 01       		.byte	0x1
 827 031b 5C01     		.2byte	0x15c
 828 031d 8D000000 		.4byte	0x8d
 829 0321 DA000000 		.4byte	.LLST7
 830 0325 19       		.uleb128 0x19
 831 0326 5C000000 		.4byte	.LBB4
 832 032a 1C000000 		.4byte	.LBE4-.LBB4
 833 032e 6B030000 		.4byte	0x36b
 834 0332 1F       		.uleb128 0x1f
 835 0333 6D7300   		.ascii	"ms\000"
 836 0336 01       		.byte	0x1
 837 0337 6101     		.2byte	0x161
 838 0339 41030000 		.4byte	0x341
 839 033d 04010000 		.4byte	.LLST8
 840 0341 0F       		.uleb128 0xf
 841 0342 04       		.byte	0x4
 842 0343 FB020000 		.4byte	0x2fb
 843 0347 13       		.uleb128 0x13
 844 0348 78000000 		.4byte	.LVL25
 845 034c A6010000 		.4byte	0x1a6
 846 0350 14       		.uleb128 0x14
 847 0351 01       		.uleb128 0x1
ARM GAS  C:\Users\Jeremias\AppData\Local\Temp\ccrNDROw.s 			page 23


 848 0352 51       		.byte	0x51
 849 0353 15       		.uleb128 0x15
 850 0354 74       		.byte	0x74
 851 0355 00       		.sleb128 0
 852 0356 31       		.byte	0x31
 853 0357 24       		.byte	0x24
 854 0358 74       		.byte	0x74
 855 0359 00       		.sleb128 0
 856 035a 22       		.byte	0x22
 857 035b 31       		.byte	0x31
 858 035c 24       		.byte	0x24
 859 035d 03       		.byte	0x3
 860 035e 04000000 		.4byte	.LANCHOR0+4
 861 0362 22       		.byte	0x22
 862 0363 94       		.byte	0x94
 863 0364 02       		.byte	0x2
 864 0365 0A       		.byte	0xa
 865 0366 FFFF     		.2byte	0xffff
 866 0368 1A       		.byte	0x1a
 867 0369 00       		.byte	0
 868 036a 00       		.byte	0
 869 036b 13       		.uleb128 0x13
 870 036c 8C000000 		.4byte	.LVL28
 871 0370 0D010000 		.4byte	0x10d
 872 0374 14       		.uleb128 0x14
 873 0375 01       		.uleb128 0x1
 874 0376 50       		.byte	0x50
 875 0377 05       		.uleb128 0x5
 876 0378 03       		.byte	0x3
 877 0379 20000000 		.4byte	.LANCHOR0+32
 878 037d 14       		.uleb128 0x14
 879 037e 01       		.uleb128 0x1
 880 037f 51       		.byte	0x51
 881 0380 05       		.uleb128 0x5
 882 0381 03       		.byte	0x3
 883 0382 0C000000 		.4byte	.LANCHOR0+12
 884 0386 00       		.byte	0
 885 0387 00       		.byte	0
 886 0388 20       		.uleb128 0x20
 887 0389 D2000000 		.4byte	.LVL29
 888 038d F3010000 		.4byte	0x1f3
 889 0391 20       		.uleb128 0x20
 890 0392 D6000000 		.4byte	.LVL30
 891 0396 95010000 		.4byte	0x195
 892 039a 00       		.byte	0
 893 039b 1D       		.uleb128 0x1d
 894 039c 85010000 		.4byte	0x185
 895 03a0 AB030000 		.4byte	0x3ab
 896 03a4 1E       		.uleb128 0x1e
 897 03a5 7D000000 		.4byte	0x7d
 898 03a9 03       		.byte	0x3
 899 03aa 00       		.byte	0
 900 03ab 10       		.uleb128 0x10
 901 03ac 9B030000 		.4byte	0x39b
 902 03b0 1D       		.uleb128 0x1d
 903 03b1 90010000 		.4byte	0x190
 904 03b5 C0030000 		.4byte	0x3c0
ARM GAS  C:\Users\Jeremias\AppData\Local\Temp\ccrNDROw.s 			page 24


 905 03b9 1E       		.uleb128 0x1e
 906 03ba 7D000000 		.4byte	0x7d
 907 03be 08       		.byte	0x8
 908 03bf 00       		.byte	0
 909 03c0 10       		.uleb128 0x10
 910 03c1 B0030000 		.4byte	0x3b0
 911 03c5 21       		.uleb128 0x21
 912 03c6 41010000 		.4byte	.LASF47
 913 03ca 41010000 		.4byte	.LASF47
 914 03ce 22       		.uleb128 0x22
 915 03cf C9020000 		.4byte	.LASF40
 916 03d3 C9020000 		.4byte	.LASF40
 917 03d7 04       		.byte	0x4
 918 03d8 6C       		.byte	0x6c
 919 03d9 22       		.uleb128 0x22
 920 03da 1E000000 		.4byte	.LASF41
 921 03de 1E000000 		.4byte	.LASF41
 922 03e2 04       		.byte	0x4
 923 03e3 D0       		.byte	0xd0
 924 03e4 22       		.uleb128 0x22
 925 03e5 61010000 		.4byte	.LASF42
 926 03e9 61010000 		.4byte	.LASF42
 927 03ed 04       		.byte	0x4
 928 03ee D6       		.byte	0xd6
 929 03ef 00       		.byte	0
 930              		.section	.debug_abbrev,"",%progbits
 931              	.Ldebug_abbrev0:
 932 0000 01       		.uleb128 0x1
 933 0001 11       		.uleb128 0x11
 934 0002 01       		.byte	0x1
 935 0003 25       		.uleb128 0x25
 936 0004 0E       		.uleb128 0xe
 937 0005 13       		.uleb128 0x13
 938 0006 0B       		.uleb128 0xb
 939 0007 03       		.uleb128 0x3
 940 0008 0E       		.uleb128 0xe
 941 0009 1B       		.uleb128 0x1b
 942 000a 0E       		.uleb128 0xe
 943 000b 55       		.uleb128 0x55
 944 000c 17       		.uleb128 0x17
 945 000d 11       		.uleb128 0x11
 946 000e 01       		.uleb128 0x1
 947 000f 10       		.uleb128 0x10
 948 0010 17       		.uleb128 0x17
 949 0011 00       		.byte	0
 950 0012 00       		.byte	0
 951 0013 02       		.uleb128 0x2
 952 0014 24       		.uleb128 0x24
 953 0015 00       		.byte	0
 954 0016 0B       		.uleb128 0xb
 955 0017 0B       		.uleb128 0xb
 956 0018 3E       		.uleb128 0x3e
 957 0019 0B       		.uleb128 0xb
 958 001a 03       		.uleb128 0x3
 959 001b 08       		.uleb128 0x8
 960 001c 00       		.byte	0
 961 001d 00       		.byte	0
ARM GAS  C:\Users\Jeremias\AppData\Local\Temp\ccrNDROw.s 			page 25


 962 001e 03       		.uleb128 0x3
 963 001f 16       		.uleb128 0x16
 964 0020 00       		.byte	0
 965 0021 03       		.uleb128 0x3
 966 0022 0E       		.uleb128 0xe
 967 0023 3A       		.uleb128 0x3a
 968 0024 0B       		.uleb128 0xb
 969 0025 3B       		.uleb128 0x3b
 970 0026 0B       		.uleb128 0xb
 971 0027 49       		.uleb128 0x49
 972 0028 13       		.uleb128 0x13
 973 0029 00       		.byte	0
 974 002a 00       		.byte	0
 975 002b 04       		.uleb128 0x4
 976 002c 24       		.uleb128 0x24
 977 002d 00       		.byte	0
 978 002e 0B       		.uleb128 0xb
 979 002f 0B       		.uleb128 0xb
 980 0030 3E       		.uleb128 0x3e
 981 0031 0B       		.uleb128 0xb
 982 0032 03       		.uleb128 0x3
 983 0033 0E       		.uleb128 0xe
 984 0034 00       		.byte	0
 985 0035 00       		.byte	0
 986 0036 05       		.uleb128 0x5
 987 0037 0F       		.uleb128 0xf
 988 0038 00       		.byte	0
 989 0039 0B       		.uleb128 0xb
 990 003a 0B       		.uleb128 0xb
 991 003b 00       		.byte	0
 992 003c 00       		.byte	0
 993 003d 06       		.uleb128 0x6
 994 003e 16       		.uleb128 0x16
 995 003f 00       		.byte	0
 996 0040 03       		.uleb128 0x3
 997 0041 0E       		.uleb128 0xe
 998 0042 3A       		.uleb128 0x3a
 999 0043 0B       		.uleb128 0xb
 1000 0044 3B       		.uleb128 0x3b
 1001 0045 05       		.uleb128 0x5
 1002 0046 49       		.uleb128 0x49
 1003 0047 13       		.uleb128 0x13
 1004 0048 00       		.byte	0
 1005 0049 00       		.byte	0
 1006 004a 07       		.uleb128 0x7
 1007 004b 35       		.uleb128 0x35
 1008 004c 00       		.byte	0
 1009 004d 49       		.uleb128 0x49
 1010 004e 13       		.uleb128 0x13
 1011 004f 00       		.byte	0
 1012 0050 00       		.byte	0
 1013 0051 08       		.uleb128 0x8
 1014 0052 13       		.uleb128 0x13
 1015 0053 01       		.byte	0x1
 1016 0054 0B       		.uleb128 0xb
 1017 0055 0B       		.uleb128 0xb
 1018 0056 3A       		.uleb128 0x3a
ARM GAS  C:\Users\Jeremias\AppData\Local\Temp\ccrNDROw.s 			page 26


 1019 0057 0B       		.uleb128 0xb
 1020 0058 3B       		.uleb128 0x3b
 1021 0059 0B       		.uleb128 0xb
 1022 005a 01       		.uleb128 0x1
 1023 005b 13       		.uleb128 0x13
 1024 005c 00       		.byte	0
 1025 005d 00       		.byte	0
 1026 005e 09       		.uleb128 0x9
 1027 005f 0D       		.uleb128 0xd
 1028 0060 00       		.byte	0
 1029 0061 03       		.uleb128 0x3
 1030 0062 0E       		.uleb128 0xe
 1031 0063 3A       		.uleb128 0x3a
 1032 0064 0B       		.uleb128 0xb
 1033 0065 3B       		.uleb128 0x3b
 1034 0066 0B       		.uleb128 0xb
 1035 0067 49       		.uleb128 0x49
 1036 0068 13       		.uleb128 0x13
 1037 0069 38       		.uleb128 0x38
 1038 006a 0B       		.uleb128 0xb
 1039 006b 00       		.byte	0
 1040 006c 00       		.byte	0
 1041 006d 0A       		.uleb128 0xa
 1042 006e 2E       		.uleb128 0x2e
 1043 006f 01       		.byte	0x1
 1044 0070 03       		.uleb128 0x3
 1045 0071 0E       		.uleb128 0xe
 1046 0072 3A       		.uleb128 0x3a
 1047 0073 0B       		.uleb128 0xb
 1048 0074 3B       		.uleb128 0x3b
 1049 0075 0B       		.uleb128 0xb
 1050 0076 27       		.uleb128 0x27
 1051 0077 19       		.uleb128 0x19
 1052 0078 11       		.uleb128 0x11
 1053 0079 01       		.uleb128 0x1
 1054 007a 12       		.uleb128 0x12
 1055 007b 06       		.uleb128 0x6
 1056 007c 40       		.uleb128 0x40
 1057 007d 18       		.uleb128 0x18
 1058 007e 9742     		.uleb128 0x2117
 1059 0080 19       		.uleb128 0x19
 1060 0081 01       		.uleb128 0x1
 1061 0082 13       		.uleb128 0x13
 1062 0083 00       		.byte	0
 1063 0084 00       		.byte	0
 1064 0085 0B       		.uleb128 0xb
 1065 0086 05       		.uleb128 0x5
 1066 0087 00       		.byte	0
 1067 0088 03       		.uleb128 0x3
 1068 0089 0E       		.uleb128 0xe
 1069 008a 3A       		.uleb128 0x3a
 1070 008b 0B       		.uleb128 0xb
 1071 008c 3B       		.uleb128 0x3b
 1072 008d 0B       		.uleb128 0xb
 1073 008e 49       		.uleb128 0x49
 1074 008f 13       		.uleb128 0x13
 1075 0090 02       		.uleb128 0x2
ARM GAS  C:\Users\Jeremias\AppData\Local\Temp\ccrNDROw.s 			page 27


 1076 0091 18       		.uleb128 0x18
 1077 0092 00       		.byte	0
 1078 0093 00       		.byte	0
 1079 0094 0C       		.uleb128 0xc
 1080 0095 34       		.uleb128 0x34
 1081 0096 00       		.byte	0
 1082 0097 03       		.uleb128 0x3
 1083 0098 08       		.uleb128 0x8
 1084 0099 3A       		.uleb128 0x3a
 1085 009a 0B       		.uleb128 0xb
 1086 009b 3B       		.uleb128 0x3b
 1087 009c 0B       		.uleb128 0xb
 1088 009d 49       		.uleb128 0x49
 1089 009e 13       		.uleb128 0x13
 1090 009f 02       		.uleb128 0x2
 1091 00a0 17       		.uleb128 0x17
 1092 00a1 00       		.byte	0
 1093 00a2 00       		.byte	0
 1094 00a3 0D       		.uleb128 0xd
 1095 00a4 0B       		.uleb128 0xb
 1096 00a5 01       		.byte	0x1
 1097 00a6 11       		.uleb128 0x11
 1098 00a7 01       		.uleb128 0x1
 1099 00a8 12       		.uleb128 0x12
 1100 00a9 06       		.uleb128 0x6
 1101 00aa 00       		.byte	0
 1102 00ab 00       		.byte	0
 1103 00ac 0E       		.uleb128 0xe
 1104 00ad 34       		.uleb128 0x34
 1105 00ae 00       		.byte	0
 1106 00af 03       		.uleb128 0x3
 1107 00b0 0E       		.uleb128 0xe
 1108 00b1 3A       		.uleb128 0x3a
 1109 00b2 0B       		.uleb128 0xb
 1110 00b3 3B       		.uleb128 0x3b
 1111 00b4 0B       		.uleb128 0xb
 1112 00b5 49       		.uleb128 0x49
 1113 00b6 13       		.uleb128 0x13
 1114 00b7 02       		.uleb128 0x2
 1115 00b8 17       		.uleb128 0x17
 1116 00b9 00       		.byte	0
 1117 00ba 00       		.byte	0
 1118 00bb 0F       		.uleb128 0xf
 1119 00bc 0F       		.uleb128 0xf
 1120 00bd 00       		.byte	0
 1121 00be 0B       		.uleb128 0xb
 1122 00bf 0B       		.uleb128 0xb
 1123 00c0 49       		.uleb128 0x49
 1124 00c1 13       		.uleb128 0x13
 1125 00c2 00       		.byte	0
 1126 00c3 00       		.byte	0
 1127 00c4 10       		.uleb128 0x10
 1128 00c5 26       		.uleb128 0x26
 1129 00c6 00       		.byte	0
 1130 00c7 49       		.uleb128 0x49
 1131 00c8 13       		.uleb128 0x13
 1132 00c9 00       		.byte	0
ARM GAS  C:\Users\Jeremias\AppData\Local\Temp\ccrNDROw.s 			page 28


 1133 00ca 00       		.byte	0
 1134 00cb 11       		.uleb128 0x11
 1135 00cc 2E       		.uleb128 0x2e
 1136 00cd 00       		.byte	0
 1137 00ce 03       		.uleb128 0x3
 1138 00cf 0E       		.uleb128 0xe
 1139 00d0 3A       		.uleb128 0x3a
 1140 00d1 0B       		.uleb128 0xb
 1141 00d2 3B       		.uleb128 0x3b
 1142 00d3 0B       		.uleb128 0xb
 1143 00d4 27       		.uleb128 0x27
 1144 00d5 19       		.uleb128 0x19
 1145 00d6 11       		.uleb128 0x11
 1146 00d7 01       		.uleb128 0x1
 1147 00d8 12       		.uleb128 0x12
 1148 00d9 06       		.uleb128 0x6
 1149 00da 40       		.uleb128 0x40
 1150 00db 18       		.uleb128 0x18
 1151 00dc 9742     		.uleb128 0x2117
 1152 00de 19       		.uleb128 0x19
 1153 00df 00       		.byte	0
 1154 00e0 00       		.byte	0
 1155 00e1 12       		.uleb128 0x12
 1156 00e2 05       		.uleb128 0x5
 1157 00e3 00       		.byte	0
 1158 00e4 03       		.uleb128 0x3
 1159 00e5 08       		.uleb128 0x8
 1160 00e6 3A       		.uleb128 0x3a
 1161 00e7 0B       		.uleb128 0xb
 1162 00e8 3B       		.uleb128 0x3b
 1163 00e9 0B       		.uleb128 0xb
 1164 00ea 49       		.uleb128 0x49
 1165 00eb 13       		.uleb128 0x13
 1166 00ec 02       		.uleb128 0x2
 1167 00ed 17       		.uleb128 0x17
 1168 00ee 00       		.byte	0
 1169 00ef 00       		.byte	0
 1170 00f0 13       		.uleb128 0x13
 1171 00f1 898201   		.uleb128 0x4109
 1172 00f4 01       		.byte	0x1
 1173 00f5 11       		.uleb128 0x11
 1174 00f6 01       		.uleb128 0x1
 1175 00f7 31       		.uleb128 0x31
 1176 00f8 13       		.uleb128 0x13
 1177 00f9 00       		.byte	0
 1178 00fa 00       		.byte	0
 1179 00fb 14       		.uleb128 0x14
 1180 00fc 8A8201   		.uleb128 0x410a
 1181 00ff 00       		.byte	0
 1182 0100 02       		.uleb128 0x2
 1183 0101 18       		.uleb128 0x18
 1184 0102 9142     		.uleb128 0x2111
 1185 0104 18       		.uleb128 0x18
 1186 0105 00       		.byte	0
 1187 0106 00       		.byte	0
 1188 0107 15       		.uleb128 0x15
 1189 0108 898201   		.uleb128 0x4109
ARM GAS  C:\Users\Jeremias\AppData\Local\Temp\ccrNDROw.s 			page 29


 1190 010b 01       		.byte	0x1
 1191 010c 11       		.uleb128 0x11
 1192 010d 01       		.uleb128 0x1
 1193 010e 31       		.uleb128 0x31
 1194 010f 13       		.uleb128 0x13
 1195 0110 01       		.uleb128 0x1
 1196 0111 13       		.uleb128 0x13
 1197 0112 00       		.byte	0
 1198 0113 00       		.byte	0
 1199 0114 16       		.uleb128 0x16
 1200 0115 2E       		.uleb128 0x2e
 1201 0116 01       		.byte	0x1
 1202 0117 3F       		.uleb128 0x3f
 1203 0118 19       		.uleb128 0x19
 1204 0119 03       		.uleb128 0x3
 1205 011a 0E       		.uleb128 0xe
 1206 011b 3A       		.uleb128 0x3a
 1207 011c 0B       		.uleb128 0xb
 1208 011d 3B       		.uleb128 0x3b
 1209 011e 05       		.uleb128 0x5
 1210 011f 27       		.uleb128 0x27
 1211 0120 19       		.uleb128 0x19
 1212 0121 11       		.uleb128 0x11
 1213 0122 01       		.uleb128 0x1
 1214 0123 12       		.uleb128 0x12
 1215 0124 06       		.uleb128 0x6
 1216 0125 40       		.uleb128 0x40
 1217 0126 18       		.uleb128 0x18
 1218 0127 9742     		.uleb128 0x2117
 1219 0129 19       		.uleb128 0x19
 1220 012a 01       		.uleb128 0x1
 1221 012b 13       		.uleb128 0x13
 1222 012c 00       		.byte	0
 1223 012d 00       		.byte	0
 1224 012e 17       		.uleb128 0x17
 1225 012f 05       		.uleb128 0x5
 1226 0130 00       		.byte	0
 1227 0131 03       		.uleb128 0x3
 1228 0132 0E       		.uleb128 0xe
 1229 0133 3A       		.uleb128 0x3a
 1230 0134 0B       		.uleb128 0xb
 1231 0135 3B       		.uleb128 0x3b
 1232 0136 05       		.uleb128 0x5
 1233 0137 49       		.uleb128 0x49
 1234 0138 13       		.uleb128 0x13
 1235 0139 02       		.uleb128 0x2
 1236 013a 18       		.uleb128 0x18
 1237 013b 00       		.byte	0
 1238 013c 00       		.byte	0
 1239 013d 18       		.uleb128 0x18
 1240 013e 34       		.uleb128 0x34
 1241 013f 00       		.byte	0
 1242 0140 03       		.uleb128 0x3
 1243 0141 0E       		.uleb128 0xe
 1244 0142 3A       		.uleb128 0x3a
 1245 0143 0B       		.uleb128 0xb
 1246 0144 3B       		.uleb128 0x3b
ARM GAS  C:\Users\Jeremias\AppData\Local\Temp\ccrNDROw.s 			page 30


 1247 0145 05       		.uleb128 0x5
 1248 0146 49       		.uleb128 0x49
 1249 0147 13       		.uleb128 0x13
 1250 0148 02       		.uleb128 0x2
 1251 0149 17       		.uleb128 0x17
 1252 014a 00       		.byte	0
 1253 014b 00       		.byte	0
 1254 014c 19       		.uleb128 0x19
 1255 014d 0B       		.uleb128 0xb
 1256 014e 01       		.byte	0x1
 1257 014f 11       		.uleb128 0x11
 1258 0150 01       		.uleb128 0x1
 1259 0151 12       		.uleb128 0x12
 1260 0152 06       		.uleb128 0x6
 1261 0153 01       		.uleb128 0x1
 1262 0154 13       		.uleb128 0x13
 1263 0155 00       		.byte	0
 1264 0156 00       		.byte	0
 1265 0157 1A       		.uleb128 0x1a
 1266 0158 34       		.uleb128 0x34
 1267 0159 00       		.byte	0
 1268 015a 03       		.uleb128 0x3
 1269 015b 0E       		.uleb128 0xe
 1270 015c 3A       		.uleb128 0x3a
 1271 015d 0B       		.uleb128 0xb
 1272 015e 3B       		.uleb128 0x3b
 1273 015f 05       		.uleb128 0x5
 1274 0160 49       		.uleb128 0x49
 1275 0161 13       		.uleb128 0x13
 1276 0162 02       		.uleb128 0x2
 1277 0163 18       		.uleb128 0x18
 1278 0164 00       		.byte	0
 1279 0165 00       		.byte	0
 1280 0166 1B       		.uleb128 0x1b
 1281 0167 13       		.uleb128 0x13
 1282 0168 01       		.byte	0x1
 1283 0169 0B       		.uleb128 0xb
 1284 016a 0B       		.uleb128 0xb
 1285 016b 3A       		.uleb128 0x3a
 1286 016c 0B       		.uleb128 0xb
 1287 016d 3B       		.uleb128 0x3b
 1288 016e 05       		.uleb128 0x5
 1289 016f 01       		.uleb128 0x1
 1290 0170 13       		.uleb128 0x13
 1291 0171 00       		.byte	0
 1292 0172 00       		.byte	0
 1293 0173 1C       		.uleb128 0x1c
 1294 0174 0D       		.uleb128 0xd
 1295 0175 00       		.byte	0
 1296 0176 03       		.uleb128 0x3
 1297 0177 0E       		.uleb128 0xe
 1298 0178 3A       		.uleb128 0x3a
 1299 0179 0B       		.uleb128 0xb
 1300 017a 3B       		.uleb128 0x3b
 1301 017b 05       		.uleb128 0x5
 1302 017c 49       		.uleb128 0x49
 1303 017d 13       		.uleb128 0x13
ARM GAS  C:\Users\Jeremias\AppData\Local\Temp\ccrNDROw.s 			page 31


 1304 017e 38       		.uleb128 0x38
 1305 017f 0B       		.uleb128 0xb
 1306 0180 00       		.byte	0
 1307 0181 00       		.byte	0
 1308 0182 1D       		.uleb128 0x1d
 1309 0183 01       		.uleb128 0x1
 1310 0184 01       		.byte	0x1
 1311 0185 49       		.uleb128 0x49
 1312 0186 13       		.uleb128 0x13
 1313 0187 01       		.uleb128 0x1
 1314 0188 13       		.uleb128 0x13
 1315 0189 00       		.byte	0
 1316 018a 00       		.byte	0
 1317 018b 1E       		.uleb128 0x1e
 1318 018c 21       		.uleb128 0x21
 1319 018d 00       		.byte	0
 1320 018e 49       		.uleb128 0x49
 1321 018f 13       		.uleb128 0x13
 1322 0190 2F       		.uleb128 0x2f
 1323 0191 0B       		.uleb128 0xb
 1324 0192 00       		.byte	0
 1325 0193 00       		.byte	0
 1326 0194 1F       		.uleb128 0x1f
 1327 0195 34       		.uleb128 0x34
 1328 0196 00       		.byte	0
 1329 0197 03       		.uleb128 0x3
 1330 0198 08       		.uleb128 0x8
 1331 0199 3A       		.uleb128 0x3a
 1332 019a 0B       		.uleb128 0xb
 1333 019b 3B       		.uleb128 0x3b
 1334 019c 05       		.uleb128 0x5
 1335 019d 49       		.uleb128 0x49
 1336 019e 13       		.uleb128 0x13
 1337 019f 02       		.uleb128 0x2
 1338 01a0 17       		.uleb128 0x17
 1339 01a1 00       		.byte	0
 1340 01a2 00       		.byte	0
 1341 01a3 20       		.uleb128 0x20
 1342 01a4 898201   		.uleb128 0x4109
 1343 01a7 00       		.byte	0
 1344 01a8 11       		.uleb128 0x11
 1345 01a9 01       		.uleb128 0x1
 1346 01aa 31       		.uleb128 0x31
 1347 01ab 13       		.uleb128 0x13
 1348 01ac 00       		.byte	0
 1349 01ad 00       		.byte	0
 1350 01ae 21       		.uleb128 0x21
 1351 01af 2E       		.uleb128 0x2e
 1352 01b0 00       		.byte	0
 1353 01b1 3F       		.uleb128 0x3f
 1354 01b2 19       		.uleb128 0x19
 1355 01b3 3C       		.uleb128 0x3c
 1356 01b4 19       		.uleb128 0x19
 1357 01b5 6E       		.uleb128 0x6e
 1358 01b6 0E       		.uleb128 0xe
 1359 01b7 03       		.uleb128 0x3
 1360 01b8 0E       		.uleb128 0xe
ARM GAS  C:\Users\Jeremias\AppData\Local\Temp\ccrNDROw.s 			page 32


 1361 01b9 00       		.byte	0
 1362 01ba 00       		.byte	0
 1363 01bb 22       		.uleb128 0x22
 1364 01bc 2E       		.uleb128 0x2e
 1365 01bd 00       		.byte	0
 1366 01be 3F       		.uleb128 0x3f
 1367 01bf 19       		.uleb128 0x19
 1368 01c0 3C       		.uleb128 0x3c
 1369 01c1 19       		.uleb128 0x19
 1370 01c2 6E       		.uleb128 0x6e
 1371 01c3 0E       		.uleb128 0xe
 1372 01c4 03       		.uleb128 0x3
 1373 01c5 0E       		.uleb128 0xe
 1374 01c6 3A       		.uleb128 0x3a
 1375 01c7 0B       		.uleb128 0xb
 1376 01c8 3B       		.uleb128 0x3b
 1377 01c9 0B       		.uleb128 0xb
 1378 01ca 00       		.byte	0
 1379 01cb 00       		.byte	0
 1380 01cc 00       		.byte	0
 1381              		.section	.debug_loc,"",%progbits
 1382              	.Ldebug_loc0:
 1383              	.LLST0:
 1384 0000 02000000 		.4byte	.LVL1
 1385 0004 08000000 		.4byte	.LVL2
 1386 0008 0200     		.2byte	0x2
 1387 000a 30       		.byte	0x30
 1388 000b 9F       		.byte	0x9f
 1389 000c 08000000 		.4byte	.LVL2
 1390 0010 30000000 		.4byte	.LVL11
 1391 0014 0100     		.2byte	0x1
 1392 0016 57       		.byte	0x57
 1393 0017 00000000 		.4byte	0
 1394 001b 00000000 		.4byte	0
 1395              	.LLST1:
 1396 001f 02000000 		.4byte	.LVL1
 1397 0023 08000000 		.4byte	.LVL2
 1398 0027 0200     		.2byte	0x2
 1399 0029 30       		.byte	0x30
 1400 002a 9F       		.byte	0x9f
 1401 002b 08000000 		.4byte	.LVL2
 1402 002f 30000000 		.4byte	.LVL10
 1403 0033 0100     		.2byte	0x1
 1404 0035 55       		.byte	0x55
 1405 0036 00000000 		.4byte	0
 1406 003a 00000000 		.4byte	0
 1407              	.LLST2:
 1408 003e 0C000000 		.4byte	.LVL3
 1409 0042 2C000000 		.4byte	.LVL9
 1410 0046 0100     		.2byte	0x1
 1411 0048 56       		.byte	0x56
 1412 0049 00000000 		.4byte	0
 1413 004d 00000000 		.4byte	0
 1414              	.LLST3:
 1415 0051 0E000000 		.4byte	.LVL4
 1416 0055 24000000 		.4byte	.LVL7
 1417 0059 0100     		.2byte	0x1
ARM GAS  C:\Users\Jeremias\AppData\Local\Temp\ccrNDROw.s 			page 33


 1418 005b 53       		.byte	0x53
 1419 005c 26000000 		.4byte	.LVL8
 1420 0060 2C000000 		.4byte	.LVL9
 1421 0064 0100     		.2byte	0x1
 1422 0066 53       		.byte	0x53
 1423 0067 00000000 		.4byte	0
 1424 006b 00000000 		.4byte	0
 1425              	.LLST4:
 1426 006f 00000000 		.4byte	.LVL12
 1427 0073 09000000 		.4byte	.LVL14-1
 1428 0077 0100     		.2byte	0x1
 1429 0079 50       		.byte	0x50
 1430 007a 09000000 		.4byte	.LVL14-1
 1431 007e 0C000000 		.4byte	.LFE0
 1432 0082 0400     		.2byte	0x4
 1433 0084 F3       		.byte	0xf3
 1434 0085 01       		.uleb128 0x1
 1435 0086 50       		.byte	0x50
 1436 0087 9F       		.byte	0x9f
 1437 0088 00000000 		.4byte	0
 1438 008c 00000000 		.4byte	0
 1439              	.LLST5:
 1440 0090 00000000 		.4byte	.LVL12
 1441 0094 06000000 		.4byte	.LVL13
 1442 0098 0100     		.2byte	0x1
 1443 009a 51       		.byte	0x51
 1444 009b 06000000 		.4byte	.LVL13
 1445 009f 09000000 		.4byte	.LVL14-1
 1446 00a3 0100     		.2byte	0x1
 1447 00a5 52       		.byte	0x52
 1448 00a6 09000000 		.4byte	.LVL14-1
 1449 00aa 0C000000 		.4byte	.LFE0
 1450 00ae 0400     		.2byte	0x4
 1451 00b0 F3       		.byte	0xf3
 1452 00b1 01       		.uleb128 0x1
 1453 00b2 51       		.byte	0x51
 1454 00b3 9F       		.byte	0x9f
 1455 00b4 00000000 		.4byte	0
 1456 00b8 00000000 		.4byte	0
 1457              	.LLST6:
 1458 00bc 04000000 		.4byte	.LVL19
 1459 00c0 12000000 		.4byte	.LVL21
 1460 00c4 0100     		.2byte	0x1
 1461 00c6 53       		.byte	0x53
 1462 00c7 14000000 		.4byte	.LVL22
 1463 00cb 20000000 		.4byte	.LFE6
 1464 00cf 0100     		.2byte	0x1
 1465 00d1 53       		.byte	0x53
 1466 00d2 00000000 		.4byte	0
 1467 00d6 00000000 		.4byte	0
 1468              	.LLST7:
 1469 00da 58000000 		.4byte	.LVL23
 1470 00de 5C000000 		.4byte	.LVL24
 1471 00e2 0200     		.2byte	0x2
 1472 00e4 30       		.byte	0x30
 1473 00e5 9F       		.byte	0x9f
 1474 00e6 5C000000 		.4byte	.LVL24
ARM GAS  C:\Users\Jeremias\AppData\Local\Temp\ccrNDROw.s 			page 34


 1475 00ea 7A000000 		.4byte	.LVL26
 1476 00ee 0100     		.2byte	0x1
 1477 00f0 54       		.byte	0x54
 1478 00f1 7C000000 		.4byte	.LVL27
 1479 00f5 D6000000 		.4byte	.LVL31
 1480 00f9 0100     		.2byte	0x1
 1481 00fb 54       		.byte	0x54
 1482 00fc 00000000 		.4byte	0
 1483 0100 00000000 		.4byte	0
 1484              	.LLST8:
 1485 0104 5C000000 		.4byte	.LVL24
 1486 0108 7A000000 		.4byte	.LVL26
 1487 010c 0B00     		.2byte	0xb
 1488 010e 74       		.byte	0x74
 1489 010f 00       		.sleb128 0
 1490 0110 36       		.byte	0x36
 1491 0111 1E       		.byte	0x1e
 1492 0112 03       		.byte	0x3
 1493 0113 00000000 		.4byte	cfg_memset_list.4876
 1494 0117 22       		.byte	0x22
 1495 0118 9F       		.byte	0x9f
 1496 0119 7A000000 		.4byte	.LVL26
 1497 011d 7C000000 		.4byte	.LVL27
 1498 0121 0B00     		.2byte	0xb
 1499 0123 74       		.byte	0x74
 1500 0124 7F       		.sleb128 -1
 1501 0125 36       		.byte	0x36
 1502 0126 1E       		.byte	0x1e
 1503 0127 03       		.byte	0x3
 1504 0128 00000000 		.4byte	cfg_memset_list.4876
 1505 012c 22       		.byte	0x22
 1506 012d 9F       		.byte	0x9f
 1507 012e 00000000 		.4byte	0
 1508 0132 00000000 		.4byte	0
 1509              		.section	.debug_aranges,"",%progbits
 1510 0000 44000000 		.4byte	0x44
 1511 0004 0200     		.2byte	0x2
 1512 0006 00000000 		.4byte	.Ldebug_info0
 1513 000a 04       		.byte	0x4
 1514 000b 00       		.byte	0
 1515 000c 0000     		.2byte	0
 1516 000e 0000     		.2byte	0
 1517 0010 00000000 		.4byte	.LFB3
 1518 0014 32000000 		.4byte	.LFE3-.LFB3
 1519 0018 00000000 		.4byte	.LFB5
 1520 001c 10000000 		.4byte	.LFE5-.LFB5
 1521 0020 00000000 		.4byte	.LFB0
 1522 0024 0C000000 		.4byte	.LFE0-.LFB0
 1523 0028 00000000 		.4byte	.LFB4
 1524 002c 54000000 		.4byte	.LFE4-.LFB4
 1525 0030 00000000 		.4byte	.LFB6
 1526 0034 20000000 		.4byte	.LFE6-.LFB6
 1527 0038 54000000 		.4byte	.LFB7
 1528 003c AC000000 		.4byte	.LFE7-.LFB7
 1529 0040 00000000 		.4byte	0
 1530 0044 00000000 		.4byte	0
 1531              		.section	.debug_ranges,"",%progbits
ARM GAS  C:\Users\Jeremias\AppData\Local\Temp\ccrNDROw.s 			page 35


 1532              	.Ldebug_ranges0:
 1533 0000 00000000 		.4byte	.LFB3
 1534 0004 32000000 		.4byte	.LFE3
 1535 0008 00000000 		.4byte	.LFB5
 1536 000c 10000000 		.4byte	.LFE5
 1537 0010 00000000 		.4byte	.LFB0
 1538 0014 0C000000 		.4byte	.LFE0
 1539 0018 00000000 		.4byte	.LFB4
 1540 001c 54000000 		.4byte	.LFE4
 1541 0020 00000000 		.4byte	.LFB6
 1542 0024 20000000 		.4byte	.LFE6
 1543 0028 54000000 		.4byte	.LFB7
 1544 002c 00010000 		.4byte	.LFE7
 1545 0030 00000000 		.4byte	0
 1546 0034 00000000 		.4byte	0
 1547              		.section	.debug_line,"",%progbits
 1548              	.Ldebug_line0:
 1549 0000 7E010000 		.section	.debug_str,"MS",%progbits,1
 1549      0200D600 
 1549      00000201 
 1549      FB0E0D00 
 1549      01010101 
 1550              	.LASF19:
 1551 0000 72656733 		.ascii	"reg32\000"
 1551      3200
 1552              	.LASF12:
 1553 0006 73697A65 		.ascii	"size_t\000"
 1553      5F7400
 1554              	.LASF46:
 1555 000d 416E616C 		.ascii	"AnalogSetDefault\000"
 1555      6F675365 
 1555      74446566 
 1555      61756C74 
 1555      00
 1556              	.LASF41:
 1557 001e 4379496E 		.ascii	"CyIntSetVector\000"
 1557      74536574 
 1557      56656374 
 1557      6F7200
 1558              	.LASF45:
 1559 002d 443A5C54 		.ascii	"D:\\Tesis MIB\\Proyecto de Tesis\\TESIS - Desarroll"
 1559      65736973 
 1559      204D4942 
 1559      5C50726F 
 1559      79656374 
 1560 005d 6F5C5053 		.ascii	"o\\PSoC\\electroestimulador\\WorkspaceMIB2\\Prueba "
 1560      6F435C65 
 1560      6C656374 
 1560      726F6573 
 1560      74696D75 
 1561 008c 64652073 		.ascii	"de sensor FSR.cydsn\000"
 1561      656E736F 
 1561      72204653 
 1561      522E6379 
 1561      64736E00 
 1562              	.LASF21:
 1563 00a0 76616C75 		.ascii	"value\000"
ARM GAS  C:\Users\Jeremias\AppData\Local\Temp\ccrNDROw.s 			page 36


 1563      6500
 1564              	.LASF26:
 1565 00a6 636F756E 		.ascii	"count\000"
 1565      7400
 1566              	.LASF29:
 1567 00ac 436C6F63 		.ascii	"ClockSetup\000"
 1567      6B536574 
 1567      757000
 1568              	.LASF34:
 1569 00b7 63795F63 		.ascii	"cy_cfg_addr_table\000"
 1569      66675F61 
 1569      6464725F 
 1569      7461626C 
 1569      6500
 1570              	.LASF35:
 1571 00c9 63795F63 		.ascii	"cy_cfg_data_table\000"
 1571      66675F64 
 1571      6174615F 
 1571      7461626C 
 1571      6500
 1572              	.LASF16:
 1573 00db 666C6F61 		.ascii	"float\000"
 1573      7400
 1574              	.LASF39:
 1575 00e1 6366675F 		.ascii	"cfg_memset_list\000"
 1575      6D656D73 
 1575      65745F6C 
 1575      69737400 
 1576              	.LASF37:
 1577 00f1 73697A65 		.ascii	"size\000"
 1577      00
 1578              	.LASF18:
 1579 00f6 72656738 		.ascii	"reg8\000"
 1579      00
 1580              	.LASF8:
 1581 00fb 6C6F6E67 		.ascii	"long unsigned int\000"
 1581      20756E73 
 1581      69676E65 
 1581      6420696E 
 1581      7400
 1582              	.LASF13:
 1583 010d 75696E74 		.ascii	"uint8\000"
 1583      3800
 1584              	.LASF28:
 1585 0113 43594D45 		.ascii	"CYMEMZERO\000"
 1585      4D5A4552 
 1585      4F00
 1586              	.LASF32:
 1587 011d 53657441 		.ascii	"SetAnalogRoutingPumps\000"
 1587      6E616C6F 
 1587      67526F75 
 1587      74696E67 
 1587      50756D70 
 1588              	.LASF4:
 1589 0133 756E7369 		.ascii	"unsigned char\000"
 1589      676E6564 
 1589      20636861 
ARM GAS  C:\Users\Jeremias\AppData\Local\Temp\ccrNDROw.s 			page 37


 1589      7200
 1590              	.LASF47:
 1591 0141 6D656D73 		.ascii	"memset\000"
 1591      657400
 1592              	.LASF17:
 1593 0148 646F7562 		.ascii	"double\000"
 1593      6C6500
 1594              	.LASF27:
 1595 014f 6366675F 		.ascii	"cfg_write_bytes32\000"
 1595      77726974 
 1595      655F6279 
 1595      74657333 
 1595      3200
 1596              	.LASF42:
 1597 0161 4379496E 		.ascii	"CyIntEnable\000"
 1597      74456E61 
 1597      626C6500 
 1598              	.LASF23:
 1599 016d 61646472 		.ascii	"addr_table\000"
 1599      5F746162 
 1599      6C6500
 1600              	.LASF14:
 1601 0178 75696E74 		.ascii	"uint16\000"
 1601      313600
 1602              	.LASF24:
 1603 017f 64617461 		.ascii	"data_table\000"
 1603      5F746162 
 1603      6C6500
 1604              	.LASF15:
 1605 018a 75696E74 		.ascii	"uint32\000"
 1605      333200
 1606              	.LASF0:
 1607 0191 756E7369 		.ascii	"unsigned int\000"
 1607      676E6564 
 1607      20696E74 
 1607      00
 1608              	.LASF33:
 1609 019e 63796669 		.ascii	"cyfitter_cfg\000"
 1609      74746572 
 1609      5F636667 
 1609      00
 1610              	.LASF36:
 1611 01ab 61646472 		.ascii	"address\000"
 1611      65737300 
 1612              	.LASF9:
 1613 01b3 6C6F6E67 		.ascii	"long long unsigned int\000"
 1613      206C6F6E 
 1613      6720756E 
 1613      7369676E 
 1613      65642069 
 1614              	.LASF43:
 1615 01ca 474E5520 		.ascii	"GNU C11 5.4.1 20160609 (release) [ARM/embedded-5-br"
 1615      43313120 
 1615      352E342E 
 1615      31203230 
 1615      31363036 
 1616 01fd 616E6368 		.ascii	"anch revision 237715] -mcpu=cortex-m0 -mthumb -g -O"
ARM GAS  C:\Users\Jeremias\AppData\Local\Temp\ccrNDROw.s 			page 38


 1616      20726576 
 1616      6973696F 
 1616      6E203233 
 1616      37373135 
 1617 0230 67202D66 		.ascii	"g -ffunction-sections -ffat-lto-objects\000"
 1617      66756E63 
 1617      74696F6E 
 1617      2D736563 
 1617      74696F6E 
 1618              	.LASF38:
 1619 0258 6366675F 		.ascii	"cfg_memset_t\000"
 1619      6D656D73 
 1619      65745F74 
 1619      00
 1620              	.LASF25:
 1621 0265 62617365 		.ascii	"baseAddr\000"
 1621      41646472 
 1621      00
 1622              	.LASF10:
 1623 026e 73697A65 		.ascii	"sizetype\000"
 1623      74797065 
 1623      00
 1624              	.LASF6:
 1625 0277 73686F72 		.ascii	"short unsigned int\000"
 1625      7420756E 
 1625      7369676E 
 1625      65642069 
 1625      6E7400
 1626              	.LASF1:
 1627 028a 6C6F6E67 		.ascii	"long long int\000"
 1627      206C6F6E 
 1627      6720696E 
 1627      7400
 1628              	.LASF11:
 1629 0298 63686172 		.ascii	"char\000"
 1629      00
 1630              	.LASF22:
 1631 029d 63795F63 		.ascii	"cy_cfg_addrvalue_t\000"
 1631      66675F61 
 1631      64647276 
 1631      616C7565 
 1631      5F7400
 1632              	.LASF20:
 1633 02b0 6F666673 		.ascii	"offset\000"
 1633      657400
 1634              	.LASF30:
 1635 02b7 656E6162 		.ascii	"enabled\000"
 1635      6C656400 
 1636              	.LASF5:
 1637 02bf 73686F72 		.ascii	"short int\000"
 1637      7420696E 
 1637      7400
 1638              	.LASF40:
 1639 02c9 43795379 		.ascii	"CySysClkWriteImoFreq\000"
 1639      73436C6B 
 1639      57726974 
 1639      65496D6F 
ARM GAS  C:\Users\Jeremias\AppData\Local\Temp\ccrNDROw.s 			page 39


 1639      46726571 
 1640              	.LASF7:
 1641 02de 6C6F6E67 		.ascii	"long int\000"
 1641      20696E74 
 1641      00
 1642              	.LASF2:
 1643 02e7 6C6F6E67 		.ascii	"long double\000"
 1643      20646F75 
 1643      626C6500 
 1644              	.LASF3:
 1645 02f3 7369676E 		.ascii	"signed char\000"
 1645      65642063 
 1645      68617200 
 1646              	.LASF44:
 1647 02ff 47656E65 		.ascii	"Generated_Source\\PSoC4\\cyfitter_cfg.c\000"
 1647      72617465 
 1647      645F536F 
 1647      75726365 
 1647      5C50536F 
 1648              	.LASF31:
 1649 0325 72656756 		.ascii	"regValue\000"
 1649      616C7565 
 1649      00
 1650              		.ident	"GCC: (GNU Tools for ARM Embedded Processors) 5.4.1 20160609 (release) [ARM/embedded-5-bran
