Archive member included to satisfy reference by file (symbol)

.\CortexM0\ARM_GCC_541\Debug\prueba IDAC+AMux.a(IDAC_1.o)
                              .\CortexM0\ARM_GCC_541\Debug\mainIDAC+AMux.o (IDAC_1_Start)
.\CortexM0\ARM_GCC_541\Debug\prueba IDAC+AMux.a(CyLib.o)
                              .\CortexM0\ARM_GCC_541\Debug\cyfitter_cfg.o (CyIntEnable)
.\CortexM0\ARM_GCC_541\Debug\prueba IDAC+AMux.a(CyLFClk.o)
                              .\CortexM0\ARM_GCC_541\Debug\cyfitter_cfg.o (CySysWdtIsr)
.\CortexM0\ARM_GCC_541\Debug\prueba IDAC+AMux.a(SW1_AMux.o)
                              .\CortexM0\ARM_GCC_541\Debug\mainIDAC+AMux.o (SW1_AMux_ClearInterrupt)
.\CortexM0\ARM_GCC_541\Debug\prueba IDAC+AMux.a(VAR_AMux.o)
                              .\CortexM0\ARM_GCC_541\Debug\mainIDAC+AMux.o (VAR_AMux_StartEx)
.\CortexM0\ARM_GCC_541\Debug\prueba IDAC+AMux.a(AMux_1.o)
                              .\CortexM0\ARM_GCC_541\Debug\mainIDAC+AMux.o (AMux_1_Start)
.\CortexM0\ARM_GCC_541\Debug\prueba IDAC+AMux.a(CyBootAsmGnu.o)
                              .\CortexM0\ARM_GCC_541\Debug\prueba IDAC+AMux.a(CyLib.o) (CyDelayCycles)
c:/program files (x86)/cypress/psoc creator/4.4/psoc creator/import/gnu/arm/5.4.1/bin/../lib/gcc/arm-none-eabi/5.4.1/armv6-m\libgcc.a(_udivsi3.o)
                              .\CortexM0\ARM_GCC_541\Debug\prueba IDAC+AMux.a(CyLib.o) (__aeabi_uidiv)
c:/program files (x86)/cypress/psoc creator/4.4/psoc creator/import/gnu/arm/5.4.1/bin/../lib/gcc/arm-none-eabi/5.4.1/armv6-m\libgcc.a(_dvmd_tls.o)
                              c:/program files (x86)/cypress/psoc creator/4.4/psoc creator/import/gnu/arm/5.4.1/bin/../lib/gcc/arm-none-eabi/5.4.1/armv6-m\libgcc.a(_udivsi3.o) (__aeabi_idiv0)
c:/program files (x86)/cypress/psoc creator/4.4/psoc creator/import/gnu/arm/5.4.1/bin/../lib/gcc/arm-none-eabi/5.4.1/../../../../arm-none-eabi/lib/armv6-m\libg_nano.a(lib_a-errno.o)
                              .\CortexM0\ARM_GCC_541\Debug\Cm0Start.o (__errno)
c:/program files (x86)/cypress/psoc creator/4.4/psoc creator/import/gnu/arm/5.4.1/bin/../lib/gcc/arm-none-eabi/5.4.1/../../../../arm-none-eabi/lib/armv6-m\libg_nano.a(lib_a-exit.o)
                              c:/program files (x86)/cypress/psoc creator/4.4/psoc creator/import/gnu/arm/5.4.1/bin/../lib/gcc/arm-none-eabi/5.4.1/../../../../arm-none-eabi/lib/armv6-m/crt0.o (exit)
c:/program files (x86)/cypress/psoc creator/4.4/psoc creator/import/gnu/arm/5.4.1/bin/../lib/gcc/arm-none-eabi/5.4.1/../../../../arm-none-eabi/lib/armv6-m\libg_nano.a(lib_a-impure.o)
                              c:/program files (x86)/cypress/psoc creator/4.4/psoc creator/import/gnu/arm/5.4.1/bin/../lib/gcc/arm-none-eabi/5.4.1/../../../../arm-none-eabi/lib/armv6-m\libg_nano.a(lib_a-exit.o) (_global_impure_ptr)
c:/program files (x86)/cypress/psoc creator/4.4/psoc creator/import/gnu/arm/5.4.1/bin/../lib/gcc/arm-none-eabi/5.4.1/../../../../arm-none-eabi/lib/armv6-m\libg_nano.a(lib_a-init.o)
                              c:/program files (x86)/cypress/psoc creator/4.4/psoc creator/import/gnu/arm/5.4.1/bin/../lib/gcc/arm-none-eabi/5.4.1/../../../../arm-none-eabi/lib/armv6-m/crt0.o (__libc_init_array)
c:/program files (x86)/cypress/psoc creator/4.4/psoc creator/import/gnu/arm/5.4.1/bin/../lib/gcc/arm-none-eabi/5.4.1/../../../../arm-none-eabi/lib/armv6-m\libg_nano.a(lib_a-memset.o)
                              c:/program files (x86)/cypress/psoc creator/4.4/psoc creator/import/gnu/arm/5.4.1/bin/../lib/gcc/arm-none-eabi/5.4.1/../../../../arm-none-eabi/lib/armv6-m/crt0.o (memset)

Discarded input sections

 .text          0x00000000        0x0 c:/program files (x86)/cypress/psoc creator/4.4/psoc creator/import/gnu/arm/5.4.1/bin/../lib/gcc/arm-none-eabi/5.4.1/armv6-m/crti.o
 .data          0x00000000        0x0 c:/program files (x86)/cypress/psoc creator/4.4/psoc creator/import/gnu/arm/5.4.1/bin/../lib/gcc/arm-none-eabi/5.4.1/armv6-m/crti.o
 .bss           0x00000000        0x0 c:/program files (x86)/cypress/psoc creator/4.4/psoc creator/import/gnu/arm/5.4.1/bin/../lib/gcc/arm-none-eabi/5.4.1/armv6-m/crti.o
 .data          0x00000000        0x4 c:/program files (x86)/cypress/psoc creator/4.4/psoc creator/import/gnu/arm/5.4.1/bin/../lib/gcc/arm-none-eabi/5.4.1/armv6-m/crtbegin.o
 .text          0x00000000       0x78 c:/program files (x86)/cypress/psoc creator/4.4/psoc creator/import/gnu/arm/5.4.1/bin/../lib/gcc/arm-none-eabi/5.4.1/../../../../arm-none-eabi/lib/armv6-m/crt0.o
 .data          0x00000000        0x0 c:/program files (x86)/cypress/psoc creator/4.4/psoc creator/import/gnu/arm/5.4.1/bin/../lib/gcc/arm-none-eabi/5.4.1/../../../../arm-none-eabi/lib/armv6-m/crt0.o
 .bss           0x00000000        0x0 c:/program files (x86)/cypress/psoc creator/4.4/psoc creator/import/gnu/arm/5.4.1/bin/../lib/gcc/arm-none-eabi/5.4.1/../../../../arm-none-eabi/lib/armv6-m/crt0.o
 .ARM.extab     0x00000000        0x0 c:/program files (x86)/cypress/psoc creator/4.4/psoc creator/import/gnu/arm/5.4.1/bin/../lib/gcc/arm-none-eabi/5.4.1/../../../../arm-none-eabi/lib/armv6-m/crt0.o
 .ARM.exidx     0x00000000        0x8 c:/program files (x86)/cypress/psoc creator/4.4/psoc creator/import/gnu/arm/5.4.1/bin/../lib/gcc/arm-none-eabi/5.4.1/../../../../arm-none-eabi/lib/armv6-m/crt0.o
 .text          0x00000000        0x0 .\CortexM0\ARM_GCC_541\Debug\mainIDAC+AMux.o
 .data          0x00000000        0x0 .\CortexM0\ARM_GCC_541\Debug\mainIDAC+AMux.o
 .text          0x00000000        0x0 .\CortexM0\ARM_GCC_541\Debug\cyfitter_cfg.o
 .data          0x00000000        0x0 .\CortexM0\ARM_GCC_541\Debug\cyfitter_cfg.o
 .bss           0x00000000        0x0 .\CortexM0\ARM_GCC_541\Debug\cyfitter_cfg.o
 .text          0x00000000        0x0 .\CortexM0\ARM_GCC_541\Debug\cybootloader.o
 .data          0x00000000        0x0 .\CortexM0\ARM_GCC_541\Debug\cybootloader.o
 .bss           0x00000000        0x0 .\CortexM0\ARM_GCC_541\Debug\cybootloader.o
 .text          0x00000000        0x0 .\CortexM0\ARM_GCC_541\Debug\cymetadata.o
 .data          0x00000000        0x0 .\CortexM0\ARM_GCC_541\Debug\cymetadata.o
 .bss           0x00000000        0x0 .\CortexM0\ARM_GCC_541\Debug\cymetadata.o
 .text          0x00000000        0x0 .\CortexM0\ARM_GCC_541\Debug\Cm0Start.o
 .data          0x00000000        0x4 .\CortexM0\ARM_GCC_541\Debug\Cm0Start.o
 .bss           0x00000000        0x0 .\CortexM0\ARM_GCC_541\Debug\Cm0Start.o
 .text._exit    0x00000000        0xc .\CortexM0\ARM_GCC_541\Debug\Cm0Start.o
 .text._sbrk    0x00000000       0x30 .\CortexM0\ARM_GCC_541\Debug\Cm0Start.o
 .text          0x00000000        0x0 .\CortexM0\ARM_GCC_541\Debug\prueba IDAC+AMux.a(IDAC_1.o)
 .data          0x00000000        0x0 .\CortexM0\ARM_GCC_541\Debug\prueba IDAC+AMux.a(IDAC_1.o)
 .text.IDAC_1_Stop
                0x00000000       0x20 .\CortexM0\ARM_GCC_541\Debug\prueba IDAC+AMux.a(IDAC_1.o)
 .text.IDAC_1_SetValue
                0x00000000       0x20 .\CortexM0\ARM_GCC_541\Debug\prueba IDAC+AMux.a(IDAC_1.o)
 .text          0x00000000        0x0 .\CortexM0\ARM_GCC_541\Debug\prueba IDAC+AMux.a(CyLib.o)
 .bss           0x00000000       0x18 .\CortexM0\ARM_GCC_541\Debug\prueba IDAC+AMux.a(CyLib.o)
 .text.CySysClkImoStart
                0x00000000       0x14 .\CortexM0\ARM_GCC_541\Debug\prueba IDAC+AMux.a(CyLib.o)
 .text.CySysClkImoStop
                0x00000000       0x10 .\CortexM0\ARM_GCC_541\Debug\prueba IDAC+AMux.a(CyLib.o)
 .text.CySysClkWriteHfclkDirect
                0x00000000       0x20 .\CortexM0\ARM_GCC_541\Debug\prueba IDAC+AMux.a(CyLib.o)
 .text.CySysEnablePumpClock
                0x00000000       0x38 .\CortexM0\ARM_GCC_541\Debug\prueba IDAC+AMux.a(CyLib.o)
 .text.CySysClkGetSysclkSource
                0x00000000       0x1c .\CortexM0\ARM_GCC_541\Debug\prueba IDAC+AMux.a(CyLib.o)
 .text.CySysClkWriteSysclkDiv
                0x00000000       0x30 .\CortexM0\ARM_GCC_541\Debug\prueba IDAC+AMux.a(CyLib.o)
 .text.CySysLvdDisable
                0x00000000       0x20 .\CortexM0\ARM_GCC_541\Debug\prueba IDAC+AMux.a(CyLib.o)
 .text.CySysLvdGetInterruptSource
                0x00000000       0x10 .\CortexM0\ARM_GCC_541\Debug\prueba IDAC+AMux.a(CyLib.o)
 .text.CySysLvdClearInterrupt
                0x00000000        0xc .\CortexM0\ARM_GCC_541\Debug\prueba IDAC+AMux.a(CyLib.o)
 .text.CySysGetResetReason
                0x00000000       0x14 .\CortexM0\ARM_GCC_541\Debug\prueba IDAC+AMux.a(CyLib.o)
 .text.CyDisableInts
                0x00000000       0x10 .\CortexM0\ARM_GCC_541\Debug\prueba IDAC+AMux.a(CyLib.o)
 .text.CyEnableInts
                0x00000000        0xc .\CortexM0\ARM_GCC_541\Debug\prueba IDAC+AMux.a(CyLib.o)
 .text.CyIntGetState
                0x00000000       0x18 .\CortexM0\ARM_GCC_541\Debug\prueba IDAC+AMux.a(CyLib.o)
 .text.CyIntDisable
                0x00000000       0x14 .\CortexM0\ARM_GCC_541\Debug\prueba IDAC+AMux.a(CyLib.o)
 .text.CyIntSetPending
                0x00000000       0x14 .\CortexM0\ARM_GCC_541\Debug\prueba IDAC+AMux.a(CyLib.o)
 .text.CyIntClearPending
                0x00000000       0x14 .\CortexM0\ARM_GCC_541\Debug\prueba IDAC+AMux.a(CyLib.o)
 .text.CyIntSetSysVector
                0x00000000       0x20 .\CortexM0\ARM_GCC_541\Debug\prueba IDAC+AMux.a(CyLib.o)
 .text.CyIntGetSysVector
                0x00000000       0x1c .\CortexM0\ARM_GCC_541\Debug\prueba IDAC+AMux.a(CyLib.o)
 .text.CyIntGetVector
                0x00000000       0x20 .\CortexM0\ARM_GCC_541\Debug\prueba IDAC+AMux.a(CyLib.o)
 .text.CyIntSetPriority
                0x00000000       0x4c .\CortexM0\ARM_GCC_541\Debug\prueba IDAC+AMux.a(CyLib.o)
 .text.CyIntGetPriority
                0x00000000       0x2c .\CortexM0\ARM_GCC_541\Debug\prueba IDAC+AMux.a(CyLib.o)
 .text.CySoftwareReset
                0x00000000       0x18 .\CortexM0\ARM_GCC_541\Debug\prueba IDAC+AMux.a(CyLib.o)
 .text.CyDelay  0x00000000       0x30 .\CortexM0\ARM_GCC_541\Debug\prueba IDAC+AMux.a(CyLib.o)
 .text.CySysLvdEnable
                0x00000000       0x44 .\CortexM0\ARM_GCC_541\Debug\prueba IDAC+AMux.a(CyLib.o)
 .text.CyDelayFreq
                0x00000000       0x4c .\CortexM0\ARM_GCC_541\Debug\prueba IDAC+AMux.a(CyLib.o)
 .text.CySysTickStop
                0x00000000       0x10 .\CortexM0\ARM_GCC_541\Debug\prueba IDAC+AMux.a(CyLib.o)
 .text.CySysTickEnableInterrupt
                0x00000000       0x10 .\CortexM0\ARM_GCC_541\Debug\prueba IDAC+AMux.a(CyLib.o)
 .text.CySysTickEnable
                0x00000000       0x18 .\CortexM0\ARM_GCC_541\Debug\prueba IDAC+AMux.a(CyLib.o)
 .text.CySysTickDisableInterrupt
                0x00000000       0x10 .\CortexM0\ARM_GCC_541\Debug\prueba IDAC+AMux.a(CyLib.o)
 .text.CySysTickSetReload
                0x00000000       0x10 .\CortexM0\ARM_GCC_541\Debug\prueba IDAC+AMux.a(CyLib.o)
 .text.CySysTickGetReload
                0x00000000       0x10 .\CortexM0\ARM_GCC_541\Debug\prueba IDAC+AMux.a(CyLib.o)
 .text.CySysTickGetValue
                0x00000000       0x10 .\CortexM0\ARM_GCC_541\Debug\prueba IDAC+AMux.a(CyLib.o)
 .text.CySysTickGetCountFlag
                0x00000000       0x10 .\CortexM0\ARM_GCC_541\Debug\prueba IDAC+AMux.a(CyLib.o)
 .text.CySysTickServiceCallbacks
                0x00000000       0x28 .\CortexM0\ARM_GCC_541\Debug\prueba IDAC+AMux.a(CyLib.o)
 .text.CySysTickClear
                0x00000000        0xc .\CortexM0\ARM_GCC_541\Debug\prueba IDAC+AMux.a(CyLib.o)
 .text.CySysTickInit
                0x00000000       0x40 .\CortexM0\ARM_GCC_541\Debug\prueba IDAC+AMux.a(CyLib.o)
 .text.CySysTickStart
                0x00000000       0x20 .\CortexM0\ARM_GCC_541\Debug\prueba IDAC+AMux.a(CyLib.o)
 .text.CySysTickSetCallback
                0x00000000       0x10 .\CortexM0\ARM_GCC_541\Debug\prueba IDAC+AMux.a(CyLib.o)
 .text.CySysTickGetCallback
                0x00000000        0xc .\CortexM0\ARM_GCC_541\Debug\prueba IDAC+AMux.a(CyLib.o)
 .text.CyGetUniqueId
                0x00000000       0x70 .\CortexM0\ARM_GCC_541\Debug\prueba IDAC+AMux.a(CyLib.o)
 .text          0x00000000        0x0 .\CortexM0\ARM_GCC_541\Debug\prueba IDAC+AMux.a(CyLFClk.o)
 .text.CySysClkIloEnabled
                0x00000000       0x14 .\CortexM0\ARM_GCC_541\Debug\prueba IDAC+AMux.a(CyLFClk.o)
 .text.CySysClkIloStart
                0x00000000       0x14 .\CortexM0\ARM_GCC_541\Debug\prueba IDAC+AMux.a(CyLFClk.o)
 .text.CySysClkIloStartMeasurement
                0x00000000       0x34 .\CortexM0\ARM_GCC_541\Debug\prueba IDAC+AMux.a(CyLFClk.o)
 .text.CySysClkIloStopMeasurement
                0x00000000       0x14 .\CortexM0\ARM_GCC_541\Debug\prueba IDAC+AMux.a(CyLFClk.o)
 .text.CySysClkIloCompensate
                0x00000000      0x104 .\CortexM0\ARM_GCC_541\Debug\prueba IDAC+AMux.a(CyLFClk.o)
 .text.CySysWdtGetEnabledStatus
                0x00000000       0x24 .\CortexM0\ARM_GCC_541\Debug\prueba IDAC+AMux.a(CyLFClk.o)
 .text.CySysWdtSetMode
                0x00000000       0x38 .\CortexM0\ARM_GCC_541\Debug\prueba IDAC+AMux.a(CyLFClk.o)
 .text.CySysClkLfclkPosedgeRestore
                0x00000000       0x2c .\CortexM0\ARM_GCC_541\Debug\prueba IDAC+AMux.a(CyLFClk.o)
 .text.CySysWdtGetMode
                0x00000000       0x14 .\CortexM0\ARM_GCC_541\Debug\prueba IDAC+AMux.a(CyLFClk.o)
 .text.CySysWdtSetClearOnMatch
                0x00000000       0x34 .\CortexM0\ARM_GCC_541\Debug\prueba IDAC+AMux.a(CyLFClk.o)
 .text.CySysWdtGetClearOnMatch
                0x00000000       0x24 .\CortexM0\ARM_GCC_541\Debug\prueba IDAC+AMux.a(CyLFClk.o)
 .text.CySysWdtEnable
                0x00000000       0x40 .\CortexM0\ARM_GCC_541\Debug\prueba IDAC+AMux.a(CyLFClk.o)
 .text.CySysWdtDisable
                0x00000000       0x44 .\CortexM0\ARM_GCC_541\Debug\prueba IDAC+AMux.a(CyLFClk.o)
 .text.CySysWdtSetCascade
                0x00000000       0x34 .\CortexM0\ARM_GCC_541\Debug\prueba IDAC+AMux.a(CyLFClk.o)
 .text.CySysWdtGetCascade
                0x00000000       0x14 .\CortexM0\ARM_GCC_541\Debug\prueba IDAC+AMux.a(CyLFClk.o)
 .text.CySysWdtSetMatch
                0x00000000       0x38 .\CortexM0\ARM_GCC_541\Debug\prueba IDAC+AMux.a(CyLFClk.o)
 .text.CySysWdtSetToggleBit
                0x00000000       0x30 .\CortexM0\ARM_GCC_541\Debug\prueba IDAC+AMux.a(CyLFClk.o)
 .text.CySysWdtGetToggleBit
                0x00000000       0x10 .\CortexM0\ARM_GCC_541\Debug\prueba IDAC+AMux.a(CyLFClk.o)
 .text.CySysWdtGetMatch
                0x00000000       0x20 .\CortexM0\ARM_GCC_541\Debug\prueba IDAC+AMux.a(CyLFClk.o)
 .text.CySysWdtGetCount
                0x00000000       0x3c .\CortexM0\ARM_GCC_541\Debug\prueba IDAC+AMux.a(CyLFClk.o)
 .text.CySysClkLfclkPosedgeCatch
                0x00000000       0x74 .\CortexM0\ARM_GCC_541\Debug\prueba IDAC+AMux.a(CyLFClk.o)
 .text.CySysClkIloStop
                0x00000000       0x38 .\CortexM0\ARM_GCC_541\Debug\prueba IDAC+AMux.a(CyLFClk.o)
 .text.CySysWdtGetInterruptSource
                0x00000000       0x14 .\CortexM0\ARM_GCC_541\Debug\prueba IDAC+AMux.a(CyLFClk.o)
 .text.CySysWdtResetCounters
                0x00000000       0x20 .\CortexM0\ARM_GCC_541\Debug\prueba IDAC+AMux.a(CyLFClk.o)
 .text.CySysWdtSetInterruptCallback
                0x00000000       0x20 .\CortexM0\ARM_GCC_541\Debug\prueba IDAC+AMux.a(CyLFClk.o)
 .text.CySysWdtGetInterruptCallback
                0x00000000       0x20 .\CortexM0\ARM_GCC_541\Debug\prueba IDAC+AMux.a(CyLFClk.o)
 .text.CySysWdtEnableCounterIsr
                0x00000000       0x34 .\CortexM0\ARM_GCC_541\Debug\prueba IDAC+AMux.a(CyLFClk.o)
 .text.CySysWdtDisableCounterIsr
                0x00000000       0x28 .\CortexM0\ARM_GCC_541\Debug\prueba IDAC+AMux.a(CyLFClk.o)
 .text.CySysWatchdogFeed
                0x00000000       0x60 .\CortexM0\ARM_GCC_541\Debug\prueba IDAC+AMux.a(CyLFClk.o)
 .text.CySysTimerDelayUntilMatch
                0x00000000       0x6c .\CortexM0\ARM_GCC_541\Debug\prueba IDAC+AMux.a(CyLFClk.o)
 .text.CySysTimerDelay
                0x00000000       0x3c .\CortexM0\ARM_GCC_541\Debug\prueba IDAC+AMux.a(CyLFClk.o)
 .rodata        0x00000000        0xc .\CortexM0\ARM_GCC_541\Debug\prueba IDAC+AMux.a(CyLFClk.o)
 .text          0x00000000        0x0 .\CortexM0\ARM_GCC_541\Debug\prueba IDAC+AMux.a(SW1_AMux.o)
 .data          0x00000000        0x0 .\CortexM0\ARM_GCC_541\Debug\prueba IDAC+AMux.a(SW1_AMux.o)
 .bss           0x00000000        0x0 .\CortexM0\ARM_GCC_541\Debug\prueba IDAC+AMux.a(SW1_AMux.o)
 .text.SW1_AMux_SetDriveMode
                0x00000000       0x18 .\CortexM0\ARM_GCC_541\Debug\prueba IDAC+AMux.a(SW1_AMux.o)
 .text.SW1_AMux_Write
                0x00000000       0x18 .\CortexM0\ARM_GCC_541\Debug\prueba IDAC+AMux.a(SW1_AMux.o)
 .text.SW1_AMux_Read
                0x00000000       0x10 .\CortexM0\ARM_GCC_541\Debug\prueba IDAC+AMux.a(SW1_AMux.o)
 .text.SW1_AMux_ReadDataReg
                0x00000000       0x10 .\CortexM0\ARM_GCC_541\Debug\prueba IDAC+AMux.a(SW1_AMux.o)
 .text.SW1_AMux_SetInterruptMode
                0x00000000       0x14 .\CortexM0\ARM_GCC_541\Debug\prueba IDAC+AMux.a(SW1_AMux.o)
 .text          0x00000000        0x0 .\CortexM0\ARM_GCC_541\Debug\prueba IDAC+AMux.a(VAR_AMux.o)
 .data          0x00000000        0x0 .\CortexM0\ARM_GCC_541\Debug\prueba IDAC+AMux.a(VAR_AMux.o)
 .bss           0x00000000        0x0 .\CortexM0\ARM_GCC_541\Debug\prueba IDAC+AMux.a(VAR_AMux.o)
 .text.VAR_AMux_Interrupt
                0x00000000        0x4 .\CortexM0\ARM_GCC_541\Debug\prueba IDAC+AMux.a(VAR_AMux.o)
 .text.VAR_AMux_GetVector
                0x00000000        0xc .\CortexM0\ARM_GCC_541\Debug\prueba IDAC+AMux.a(VAR_AMux.o)
 .text.VAR_AMux_GetPriority
                0x00000000       0x10 .\CortexM0\ARM_GCC_541\Debug\prueba IDAC+AMux.a(VAR_AMux.o)
 .text.VAR_AMux_GetState
                0x00000000       0x10 .\CortexM0\ARM_GCC_541\Debug\prueba IDAC+AMux.a(VAR_AMux.o)
 .text.VAR_AMux_Start
                0x00000000       0x1c .\CortexM0\ARM_GCC_541\Debug\prueba IDAC+AMux.a(VAR_AMux.o)
 .text.VAR_AMux_Stop
                0x00000000       0x14 .\CortexM0\ARM_GCC_541\Debug\prueba IDAC+AMux.a(VAR_AMux.o)
 .text.VAR_AMux_SetPending
                0x00000000        0xc .\CortexM0\ARM_GCC_541\Debug\prueba IDAC+AMux.a(VAR_AMux.o)
 .text.VAR_AMux_ClearPending
                0x00000000        0xc .\CortexM0\ARM_GCC_541\Debug\prueba IDAC+AMux.a(VAR_AMux.o)
 .text          0x00000000        0x0 .\CortexM0\ARM_GCC_541\Debug\prueba IDAC+AMux.a(AMux_1.o)
 .bss           0x00000000        0x0 .\CortexM0\ARM_GCC_541\Debug\prueba IDAC+AMux.a(AMux_1.o)
 .data          0x00000000        0x0 .\CortexM0\ARM_GCC_541\Debug\prueba IDAC+AMux.a(CyBootAsmGnu.o)
 .bss           0x00000000        0x0 .\CortexM0\ARM_GCC_541\Debug\prueba IDAC+AMux.a(CyBootAsmGnu.o)
 .text          0x00000000      0x114 c:/program files (x86)/cypress/psoc creator/4.4/psoc creator/import/gnu/arm/5.4.1/bin/../lib/gcc/arm-none-eabi/5.4.1/armv6-m\libgcc.a(_udivsi3.o)
 .data          0x00000000        0x0 c:/program files (x86)/cypress/psoc creator/4.4/psoc creator/import/gnu/arm/5.4.1/bin/../lib/gcc/arm-none-eabi/5.4.1/armv6-m\libgcc.a(_udivsi3.o)
 .bss           0x00000000        0x0 c:/program files (x86)/cypress/psoc creator/4.4/psoc creator/import/gnu/arm/5.4.1/bin/../lib/gcc/arm-none-eabi/5.4.1/armv6-m\libgcc.a(_udivsi3.o)
 .text          0x00000000        0x4 c:/program files (x86)/cypress/psoc creator/4.4/psoc creator/import/gnu/arm/5.4.1/bin/../lib/gcc/arm-none-eabi/5.4.1/armv6-m\libgcc.a(_dvmd_tls.o)
 .data          0x00000000        0x0 c:/program files (x86)/cypress/psoc creator/4.4/psoc creator/import/gnu/arm/5.4.1/bin/../lib/gcc/arm-none-eabi/5.4.1/armv6-m\libgcc.a(_dvmd_tls.o)
 .bss           0x00000000        0x0 c:/program files (x86)/cypress/psoc creator/4.4/psoc creator/import/gnu/arm/5.4.1/bin/../lib/gcc/arm-none-eabi/5.4.1/armv6-m\libgcc.a(_dvmd_tls.o)
 .text          0x00000000        0x0 c:/program files (x86)/cypress/psoc creator/4.4/psoc creator/import/gnu/arm/5.4.1/bin/../lib/gcc/arm-none-eabi/5.4.1/../../../../arm-none-eabi/lib/armv6-m\libg_nano.a(lib_a-errno.o)
 .data          0x00000000        0x0 c:/program files (x86)/cypress/psoc creator/4.4/psoc creator/import/gnu/arm/5.4.1/bin/../lib/gcc/arm-none-eabi/5.4.1/../../../../arm-none-eabi/lib/armv6-m\libg_nano.a(lib_a-errno.o)
 .bss           0x00000000        0x0 c:/program files (x86)/cypress/psoc creator/4.4/psoc creator/import/gnu/arm/5.4.1/bin/../lib/gcc/arm-none-eabi/5.4.1/../../../../arm-none-eabi/lib/armv6-m\libg_nano.a(lib_a-errno.o)
 .text          0x00000000        0x0 c:/program files (x86)/cypress/psoc creator/4.4/psoc creator/import/gnu/arm/5.4.1/bin/../lib/gcc/arm-none-eabi/5.4.1/../../../../arm-none-eabi/lib/armv6-m\libg_nano.a(lib_a-exit.o)
 .data          0x00000000        0x0 c:/program files (x86)/cypress/psoc creator/4.4/psoc creator/import/gnu/arm/5.4.1/bin/../lib/gcc/arm-none-eabi/5.4.1/../../../../arm-none-eabi/lib/armv6-m\libg_nano.a(lib_a-exit.o)
 .bss           0x00000000        0x0 c:/program files (x86)/cypress/psoc creator/4.4/psoc creator/import/gnu/arm/5.4.1/bin/../lib/gcc/arm-none-eabi/5.4.1/../../../../arm-none-eabi/lib/armv6-m\libg_nano.a(lib_a-exit.o)
 .text.exit     0x00000000       0x2c c:/program files (x86)/cypress/psoc creator/4.4/psoc creator/import/gnu/arm/5.4.1/bin/../lib/gcc/arm-none-eabi/5.4.1/../../../../arm-none-eabi/lib/armv6-m\libg_nano.a(lib_a-exit.o)
 .text          0x00000000        0x0 c:/program files (x86)/cypress/psoc creator/4.4/psoc creator/import/gnu/arm/5.4.1/bin/../lib/gcc/arm-none-eabi/5.4.1/../../../../arm-none-eabi/lib/armv6-m\libg_nano.a(lib_a-impure.o)
 .data          0x00000000        0x0 c:/program files (x86)/cypress/psoc creator/4.4/psoc creator/import/gnu/arm/5.4.1/bin/../lib/gcc/arm-none-eabi/5.4.1/../../../../arm-none-eabi/lib/armv6-m\libg_nano.a(lib_a-impure.o)
 .bss           0x00000000        0x0 c:/program files (x86)/cypress/psoc creator/4.4/psoc creator/import/gnu/arm/5.4.1/bin/../lib/gcc/arm-none-eabi/5.4.1/../../../../arm-none-eabi/lib/armv6-m\libg_nano.a(lib_a-impure.o)
 .rodata._global_impure_ptr
                0x00000000        0x4 c:/program files (x86)/cypress/psoc creator/4.4/psoc creator/import/gnu/arm/5.4.1/bin/../lib/gcc/arm-none-eabi/5.4.1/../../../../arm-none-eabi/lib/armv6-m\libg_nano.a(lib_a-impure.o)
 .text          0x00000000        0x0 c:/program files (x86)/cypress/psoc creator/4.4/psoc creator/import/gnu/arm/5.4.1/bin/../lib/gcc/arm-none-eabi/5.4.1/../../../../arm-none-eabi/lib/armv6-m\libg_nano.a(lib_a-init.o)
 .data          0x00000000        0x0 c:/program files (x86)/cypress/psoc creator/4.4/psoc creator/import/gnu/arm/5.4.1/bin/../lib/gcc/arm-none-eabi/5.4.1/../../../../arm-none-eabi/lib/armv6-m\libg_nano.a(lib_a-init.o)
 .bss           0x00000000        0x0 c:/program files (x86)/cypress/psoc creator/4.4/psoc creator/import/gnu/arm/5.4.1/bin/../lib/gcc/arm-none-eabi/5.4.1/../../../../arm-none-eabi/lib/armv6-m\libg_nano.a(lib_a-init.o)
 .text          0x00000000        0x0 c:/program files (x86)/cypress/psoc creator/4.4/psoc creator/import/gnu/arm/5.4.1/bin/../lib/gcc/arm-none-eabi/5.4.1/../../../../arm-none-eabi/lib/armv6-m\libg_nano.a(lib_a-memset.o)
 .data          0x00000000        0x0 c:/program files (x86)/cypress/psoc creator/4.4/psoc creator/import/gnu/arm/5.4.1/bin/../lib/gcc/arm-none-eabi/5.4.1/../../../../arm-none-eabi/lib/armv6-m\libg_nano.a(lib_a-memset.o)
 .bss           0x00000000        0x0 c:/program files (x86)/cypress/psoc creator/4.4/psoc creator/import/gnu/arm/5.4.1/bin/../lib/gcc/arm-none-eabi/5.4.1/../../../../arm-none-eabi/lib/armv6-m\libg_nano.a(lib_a-memset.o)
 .text          0x00000000        0x0 c:/program files (x86)/cypress/psoc creator/4.4/psoc creator/import/gnu/arm/5.4.1/bin/../lib/gcc/arm-none-eabi/5.4.1/armv6-m/crtend.o
 .data          0x00000000        0x0 c:/program files (x86)/cypress/psoc creator/4.4/psoc creator/import/gnu/arm/5.4.1/bin/../lib/gcc/arm-none-eabi/5.4.1/armv6-m/crtend.o
 .bss           0x00000000        0x0 c:/program files (x86)/cypress/psoc creator/4.4/psoc creator/import/gnu/arm/5.4.1/bin/../lib/gcc/arm-none-eabi/5.4.1/armv6-m/crtend.o
 .text          0x00000000        0x0 c:/program files (x86)/cypress/psoc creator/4.4/psoc creator/import/gnu/arm/5.4.1/bin/../lib/gcc/arm-none-eabi/5.4.1/armv6-m/crtn.o
 .data          0x00000000        0x0 c:/program files (x86)/cypress/psoc creator/4.4/psoc creator/import/gnu/arm/5.4.1/bin/../lib/gcc/arm-none-eabi/5.4.1/armv6-m/crtn.o
 .bss           0x00000000        0x0 c:/program files (x86)/cypress/psoc creator/4.4/psoc creator/import/gnu/arm/5.4.1/bin/../lib/gcc/arm-none-eabi/5.4.1/armv6-m/crtn.o

Memory Configuration

Name             Origin             Length             Attributes
rom              0x00000000         0x00008000         xr
ram              0x20000000         0x00001000         xrw
*default*        0x00000000         0xffffffff

Linker script and memory map

LOAD c:/program files (x86)/cypress/psoc creator/4.4/psoc creator/import/gnu/arm/5.4.1/bin/../lib/gcc/arm-none-eabi/5.4.1/armv6-m/crti.o
LOAD c:/program files (x86)/cypress/psoc creator/4.4/psoc creator/import/gnu/arm/5.4.1/bin/../lib/gcc/arm-none-eabi/5.4.1/armv6-m/crtbegin.o
LOAD c:/program files (x86)/cypress/psoc creator/4.4/psoc creator/import/gnu/arm/5.4.1/bin/../lib/gcc/arm-none-eabi/5.4.1/../../../../arm-none-eabi/lib/armv6-m/crt0.o
START GROUP
LOAD .\CortexM0\ARM_GCC_541\Debug\mainIDAC+AMux.o
LOAD .\CortexM0\ARM_GCC_541\Debug\cyfitter_cfg.o
LOAD .\CortexM0\ARM_GCC_541\Debug\cybootloader.o
LOAD .\CortexM0\ARM_GCC_541\Debug\cymetadata.o
LOAD .\CortexM0\ARM_GCC_541\Debug\Cm0Start.o
LOAD .\CortexM0\ARM_GCC_541\Debug\prueba IDAC+AMux.a
END GROUP
START GROUP
LOAD c:/program files (x86)/cypress/psoc creator/4.4/psoc creator/import/gnu/arm/5.4.1/bin/../lib/gcc/arm-none-eabi/5.4.1/armv6-m\libgcc.a
LOAD c:/program files (x86)/cypress/psoc creator/4.4/psoc creator/import/gnu/arm/5.4.1/bin/../lib/gcc/arm-none-eabi/5.4.1/../../../../arm-none-eabi/lib/armv6-m\libg_nano.a
LOAD c:/program files (x86)/cypress/psoc creator/4.4/psoc creator/import/gnu/arm/5.4.1/bin/../lib/gcc/arm-none-eabi/5.4.1/../../../../arm-none-eabi/lib/armv6-m\libc_nano.a
END GROUP
START GROUP
LOAD c:/program files (x86)/cypress/psoc creator/4.4/psoc creator/import/gnu/arm/5.4.1/bin/../lib/gcc/arm-none-eabi/5.4.1/armv6-m\libgcc.a
LOAD c:/program files (x86)/cypress/psoc creator/4.4/psoc creator/import/gnu/arm/5.4.1/bin/../lib/gcc/arm-none-eabi/5.4.1/../../../../arm-none-eabi/lib/armv6-m\libc_nano.a
END GROUP
LOAD c:/program files (x86)/cypress/psoc creator/4.4/psoc creator/import/gnu/arm/5.4.1/bin/../lib/gcc/arm-none-eabi/5.4.1/armv6-m/crtend.o
LOAD c:/program files (x86)/cypress/psoc creator/4.4/psoc creator/import/gnu/arm/5.4.1/bin/../lib/gcc/arm-none-eabi/5.4.1/armv6-m/crtn.o
START GROUP
LOAD c:/program files (x86)/cypress/psoc creator/4.4/psoc creator/import/gnu/arm/5.4.1/bin/../lib/gcc/arm-none-eabi/5.4.1/armv6-m\libgcc.a
LOAD c:/program files (x86)/cypress/psoc creator/4.4/psoc creator/import/gnu/arm/5.4.1/bin/../lib/gcc/arm-none-eabi/5.4.1/../../../../arm-none-eabi/lib/armv6-m\libc.a
LOAD c:/program files (x86)/cypress/psoc creator/4.4/psoc creator/import/gnu/arm/5.4.1/bin/../lib/gcc/arm-none-eabi/5.4.1/../../../../arm-none-eabi/lib/armv6-m\libnosys.a
END GROUP
                0x00000000                CY_APPL_ORIGIN = 0x0
                0x00000080                CY_FLASH_ROW_SIZE = 0x80
                0x00000001                CY_APPL_NUM = 0x1
                0x00000001                CY_APPL_MAX = 0x1
                0x00000040                CY_METADATA_SIZE = 0x40
                0x00000001                CY_APPL_LOADABLE = 0x1
                0x00000000                CY_CHECKSUM_EXCLUDE_SIZE = ALIGN (0x0, CY_FLASH_ROW_SIZE)
                0x00000000                CY_APP_FOR_STACK_AND_COPIER = 0x0
                [!provide]                PROVIDE (__cy_heap_start, _end)
                0x00000001                PROVIDE (__cy_region_num, ((__cy_regions_end - __cy_regions) / 0x10))
                0x20001000                PROVIDE (__cy_stack, (ORIGIN (ram) + LENGTH (ram)))
                [!provide]                PROVIDE (__cy_heap_end, (__cy_stack - 0x400))

.cybootloader   0x00000000     0x1100
 *(.cybootloader)
 .cybootloader  0x00000000     0x1100 .\CortexM0\ARM_GCC_541\Debug\cybootloader.o
                0x00000000                cy_bootloader
                0x00001100                appl1_start = CY_APPL_ORIGIN?CY_APPL_ORIGIN:ALIGN (CY_FLASH_ROW_SIZE)
                0x00004800                appl2_start = (appl1_start + ALIGN ((((LENGTH (rom) - appl1_start) - (0x2 * CY_FLASH_ROW_SIZE)) / 0x2), CY_FLASH_ROW_SIZE))
                0x00001100                appl_start = (CY_APPL_NUM == 0x1)?appl1_start:appl2_start
                0x00000000                cy_project_type_bootloader = (appl_start == 0x0)?0x1:0x0
                0x00000000                cy_project_type_app_for_stack_and_copier = (CY_APP_FOR_STACK_AND_COPIER == 0x1)?0x1:0x0

.text           0x00001100      0x894
 CREATE_OBJECT_SYMBOLS
                0x00001100                PROVIDE (__cy_interrupt_vector, RomVectors)
 *(.romvectors)
 .romvectors    0x00001100       0x10 .\CortexM0\ARM_GCC_541\Debug\Cm0Start.o
                0x00001100                RomVectors
                0x00000001                ASSERT ((. != __cy_interrupt_vector), No interrupt vector)
                0x00000001                ASSERT (CY_APPL_ORIGIN?(SIZEOF (.cybootloader) <= CY_APPL_ORIGIN):0x1, Wrong image location)
                0x00001110                PROVIDE (__cy_reset, Reset)
 *(.text.Reset)
 .text.Reset    0x00001110       0x10 .\CortexM0\ARM_GCC_541\Debug\Cm0Start.o
                0x00001110                Reset
                0x00000001                ASSERT ((. != __cy_reset), No reset code)
 *(.psocinit)
 .psocinit      0x00001120      0x120 .\CortexM0\ARM_GCC_541\Debug\cyfitter_cfg.o
                0x00001170                cyfitter_cfg
                0x00001240                . = MAX (., 0x100)
 *(.text .text.* .gnu.linkonce.t.*)
 .text          0x00001240       0x60 c:/program files (x86)/cypress/psoc creator/4.4/psoc creator/import/gnu/arm/5.4.1/bin/../lib/gcc/arm-none-eabi/5.4.1/armv6-m/crtbegin.o
 .text.VAR_AMux_Handler
                0x000012a0       0x48 .\CortexM0\ARM_GCC_541\Debug\mainIDAC+AMux.o
                0x000012a0                VAR_AMux_Handler
 .text.main     0x000012e8       0x18 .\CortexM0\ARM_GCC_541\Debug\mainIDAC+AMux.o
                0x000012e8                main
 .text.cfg_write_bytes32
                0x00001300       0x34 .\CortexM0\ARM_GCC_541\Debug\cyfitter_cfg.o
 .text.CYMEMZERO
                0x00001334        0xc .\CortexM0\ARM_GCC_541\Debug\cyfitter_cfg.o
 .text.SetAnalogRoutingPumps
                0x00001340       0x40 .\CortexM0\ARM_GCC_541\Debug\cyfitter_cfg.o
                0x00001340                SetAnalogRoutingPumps
 .text.AnalogSetDefault
                0x00001380        0xc .\CortexM0\ARM_GCC_541\Debug\cyfitter_cfg.o
 .text.AMux_1_Set
                0x0000138c       0x2c .\CortexM0\ARM_GCC_541\Debug\cyfitter_cfg.o
                0x0000138c                AMux_1_Set
 .text.AMux_1_Unset
                0x000013b8       0x30 .\CortexM0\ARM_GCC_541\Debug\cyfitter_cfg.o
                0x000013b8                AMux_1_Unset
 .text.IntDefaultHandler
                0x000013e8       0x10 .\CortexM0\ARM_GCC_541\Debug\Cm0Start.o
                0x000013e8                IntDefaultHandler
 .text.Start_c  0x000013f8       0x48 .\CortexM0\ARM_GCC_541\Debug\Cm0Start.o
                0x000013f8                Start_c
 .text.initialize_psoc
                0x00001440       0x50 .\CortexM0\ARM_GCC_541\Debug\Cm0Start.o
                0x00001440                initialize_psoc
 .text.IDAC_1_Init
                0x00001490       0x54 .\CortexM0\ARM_GCC_541\Debug\prueba IDAC+AMux.a(IDAC_1.o)
                0x00001490                IDAC_1_Init
 .text.IDAC_1_Enable
                0x000014e4       0x2c .\CortexM0\ARM_GCC_541\Debug\prueba IDAC+AMux.a(IDAC_1.o)
                0x000014e4                IDAC_1_Enable
 .text.IDAC_1_Start
                0x00001510       0x20 .\CortexM0\ARM_GCC_541\Debug\prueba IDAC+AMux.a(IDAC_1.o)
                0x00001510                IDAC_1_Start
 .text.CyIntEnable
                0x00001530       0x14 .\CortexM0\ARM_GCC_541\Debug\prueba IDAC+AMux.a(CyLib.o)
                0x00001530                CyIntEnable
 .text.CyHalt   0x00001544        0x4 .\CortexM0\ARM_GCC_541\Debug\prueba IDAC+AMux.a(CyLib.o)
                0x00001544                CyHalt
 .text.CyIntSetVector
                0x00001548       0x24 .\CortexM0\ARM_GCC_541\Debug\prueba IDAC+AMux.a(CyLib.o)
                0x00001548                CyIntSetVector
 .text.CyDelayUs
                0x0000156c       0x14 .\CortexM0\ARM_GCC_541\Debug\prueba IDAC+AMux.a(CyLib.o)
                0x0000156c                CyDelayUs
 .text.CySysClkWriteImoFreq
                0x00001580      0x164 .\CortexM0\ARM_GCC_541\Debug\prueba IDAC+AMux.a(CyLib.o)
                0x00001580                CySysClkWriteImoFreq
 .text.CySysWdtLocked
                0x000016e4       0x14 .\CortexM0\ARM_GCC_541\Debug\prueba IDAC+AMux.a(CyLFClk.o)
 .text.CySysWdtLock
                0x000016f8       0x1c .\CortexM0\ARM_GCC_541\Debug\prueba IDAC+AMux.a(CyLFClk.o)
                0x000016f8                CySysWdtLock
 .text.CySysWdtUnlock
                0x00001714       0x30 .\CortexM0\ARM_GCC_541\Debug\prueba IDAC+AMux.a(CyLFClk.o)
                0x00001714                CySysWdtUnlock
 .text.CySysWdtClearInterrupt
                0x00001744       0x4c .\CortexM0\ARM_GCC_541\Debug\prueba IDAC+AMux.a(CyLFClk.o)
                0x00001744                CySysWdtClearInterrupt
 .text.CySysWdtIsr
                0x00001790       0xa4 .\CortexM0\ARM_GCC_541\Debug\prueba IDAC+AMux.a(CyLFClk.o)
                0x00001790                CySysWdtIsr
 .text.SW1_AMux_ClearInterrupt
                0x00001834       0x14 .\CortexM0\ARM_GCC_541\Debug\prueba IDAC+AMux.a(SW1_AMux.o)
                0x00001834                SW1_AMux_ClearInterrupt
 .text.VAR_AMux_SetVector
                0x00001848        0xc .\CortexM0\ARM_GCC_541\Debug\prueba IDAC+AMux.a(VAR_AMux.o)
                0x00001848                VAR_AMux_SetVector
 .text.VAR_AMux_SetPriority
                0x00001854       0x20 .\CortexM0\ARM_GCC_541\Debug\prueba IDAC+AMux.a(VAR_AMux.o)
                0x00001854                VAR_AMux_SetPriority
 .text.VAR_AMux_Enable
                0x00001874        0xc .\CortexM0\ARM_GCC_541\Debug\prueba IDAC+AMux.a(VAR_AMux.o)
                0x00001874                VAR_AMux_Enable
 .text.VAR_AMux_Disable
                0x00001880        0xc .\CortexM0\ARM_GCC_541\Debug\prueba IDAC+AMux.a(VAR_AMux.o)
                0x00001880                VAR_AMux_Disable
 .text.VAR_AMux_StartEx
                0x0000188c       0x1c .\CortexM0\ARM_GCC_541\Debug\prueba IDAC+AMux.a(VAR_AMux.o)
                0x0000188c                VAR_AMux_StartEx
 .text.AMux_1_Start
                0x000018a8       0x20 .\CortexM0\ARM_GCC_541\Debug\prueba IDAC+AMux.a(AMux_1.o)
                0x000018a8                AMux_1_Start
 .text.AMux_1_FastSelect
                0x000018c8       0x20 .\CortexM0\ARM_GCC_541\Debug\prueba IDAC+AMux.a(AMux_1.o)
                0x000018c8                AMux_1_FastSelect
 .text.AMux_1_DisconnectAll
                0x000018e8       0x1c .\CortexM0\ARM_GCC_541\Debug\prueba IDAC+AMux.a(AMux_1.o)
                0x000018e8                AMux_1_DisconnectAll
 *fill*         0x00001904        0x4 
 .text          0x00001908       0x24 .\CortexM0\ARM_GCC_541\Debug\prueba IDAC+AMux.a(CyBootAsmGnu.o)
                0x00001908                CyDelayCycles
                0x0000191c                CyEnterCriticalSection
                0x00001924                CyExitCriticalSection
 .text.__errno  0x0000192c        0xc c:/program files (x86)/cypress/psoc creator/4.4/psoc creator/import/gnu/arm/5.4.1/bin/../lib/gcc/arm-none-eabi/5.4.1/../../../../arm-none-eabi/lib/armv6-m\libg_nano.a(lib_a-errno.o)
                0x0000192c                __errno
 .text.__libc_init_array
                0x00001938       0x4c c:/program files (x86)/cypress/psoc creator/4.4/psoc creator/import/gnu/arm/5.4.1/bin/../lib/gcc/arm-none-eabi/5.4.1/../../../../arm-none-eabi/lib/armv6-m\libg_nano.a(lib_a-init.o)
                0x00001938                __libc_init_array
 .text.memset   0x00001984       0x10 c:/program files (x86)/cypress/psoc creator/4.4/psoc creator/import/gnu/arm/5.4.1/bin/../lib/gcc/arm-none-eabi/5.4.1/../../../../arm-none-eabi/lib/armv6-m\libg_nano.a(lib_a-memset.o)
                0x00001984                memset
 *(.plt)
 *(.gnu.warning)
 *(.glue_7t)
 .glue_7t       0x00001994        0x0 linker stubs
 *(.glue_7)
 .glue_7        0x00001994        0x0 linker stubs
 *(.vfp11_veneer)
 .vfp11_veneer  0x00001994        0x0 linker stubs
 *(.bootloader)
 *(.ARM.extab* .gnu.linkonce.armextab.*)
 *(.gcc_except_table)

.v4_bx          0x00001994        0x0
 .v4_bx         0x00001994        0x0 linker stubs

.iplt           0x00001994        0x0
 .iplt          0x00001994        0x0 c:/program files (x86)/cypress/psoc creator/4.4/psoc creator/import/gnu/arm/5.4.1/bin/../lib/gcc/arm-none-eabi/5.4.1/armv6-m/crtbegin.o

.eh_frame_hdr
 *(.eh_frame_hdr)

.eh_frame       0x00001994        0x4
 *(.eh_frame)
 .eh_frame      0x00001994        0x0 c:/program files (x86)/cypress/psoc creator/4.4/psoc creator/import/gnu/arm/5.4.1/bin/../lib/gcc/arm-none-eabi/5.4.1/armv6-m/crtbegin.o
 .eh_frame      0x00001994        0x4 c:/program files (x86)/cypress/psoc creator/4.4/psoc creator/import/gnu/arm/5.4.1/bin/../lib/gcc/arm-none-eabi/5.4.1/armv6-m/crtend.o
                [!provide]                PROVIDE (__exidx_start, .)

.ARM.exidx
 *(.ARM.exidx* .gnu.linkonce.armexidx.*)
                0x00001998                __exidx_end = .

.rodata         0x00001998       0xb8
 *(.rodata .rodata.* .gnu.linkonce.r.*)
 .rodata        0x00001998       0x54 .\CortexM0\ARM_GCC_541\Debug\cyfitter_cfg.o
 .rodata        0x000019ec       0x2e .\CortexM0\ARM_GCC_541\Debug\prueba IDAC+AMux.a(CyLib.o)
                0x000019ec                cyImoFreqMhz2Reg
 .rodata.str1.1
                0x00001a1a        0x2 c:/program files (x86)/cypress/psoc creator/4.4/psoc creator/import/gnu/arm/5.4.1/bin/../lib/gcc/arm-none-eabi/5.4.1/../../../../arm-none-eabi/lib/armv6-m\libg_nano.a(lib_a-impure.o)
                0x00001a1c                . = ALIGN (0x4)
 *(.init)
 .init          0x00001a1c        0x4 c:/program files (x86)/cypress/psoc creator/4.4/psoc creator/import/gnu/arm/5.4.1/bin/../lib/gcc/arm-none-eabi/5.4.1/armv6-m/crti.o
                0x00001a1c                _init
 .init          0x00001a20        0x8 c:/program files (x86)/cypress/psoc creator/4.4/psoc creator/import/gnu/arm/5.4.1/bin/../lib/gcc/arm-none-eabi/5.4.1/armv6-m/crtn.o
                0x00001a28                . = ALIGN (0x4)
                0x00001a28                __preinit_array_start = .
 *(.preinit_array)
                0x00001a28                __preinit_array_end = .
                0x00001a28                . = ALIGN (0x4)
                0x00001a28                __init_array_start = .
 *(SORT(.init_array.*))
 *(.init_array)
 .init_array    0x00001a28        0x4 c:/program files (x86)/cypress/psoc creator/4.4/psoc creator/import/gnu/arm/5.4.1/bin/../lib/gcc/arm-none-eabi/5.4.1/armv6-m/crtbegin.o
 .init_array    0x00001a2c        0x4 .\CortexM0\ARM_GCC_541\Debug\Cm0Start.o
                0x00001a30                __init_array_end = .
                0x00001a30                . = ALIGN (0x4)
 *(.fini)
 .fini          0x00001a30        0x4 c:/program files (x86)/cypress/psoc creator/4.4/psoc creator/import/gnu/arm/5.4.1/bin/../lib/gcc/arm-none-eabi/5.4.1/armv6-m/crti.o
                0x00001a30                _fini
 .fini          0x00001a34        0x8 c:/program files (x86)/cypress/psoc creator/4.4/psoc creator/import/gnu/arm/5.4.1/bin/../lib/gcc/arm-none-eabi/5.4.1/armv6-m/crtn.o
                0x00001a3c                . = ALIGN (0x4)
                0x00001a3c                __fini_array_start = .
 *(.fini_array)
 .fini_array    0x00001a3c        0x4 c:/program files (x86)/cypress/psoc creator/4.4/psoc creator/import/gnu/arm/5.4.1/bin/../lib/gcc/arm-none-eabi/5.4.1/armv6-m/crtbegin.o
 *(SORT(.fini_array.*))
                0x00001a40                __fini_array_end = .
                0x00001a40                . = ALIGN (0x4)
 *crtbegin.o(.ctors)
 *(EXCLUDE_FILE(*crtend.o) .ctors)
 *(SORT(.ctors.*))
 *crtend.o(.ctors)
                0x00001a40                . = ALIGN (0x4)
 *crtbegin.o(.dtors)
 *(EXCLUDE_FILE(*crtend.o) .dtors)
 *(SORT(.dtors.*))
 *crtend.o(.dtors)
                0x00001a40                . = ALIGN (0x4)
                0x00001a40                __cy_regions = .
                0x00001a40        0x4 LONG 0x1a50 __cy_region_init_ram
                0x00001a44        0x4 LONG 0x200000c8 __cy_region_start_data
                0x00001a48        0x4 LONG 0x88 __cy_region_init_size_ram
                0x00001a4c        0x4 LONG 0x48 __cy_region_zero_size_ram
                0x00001a50                __cy_regions_end = .
                0x00001a50                . = ALIGN (0x8)
                0x00001a50                _etext = .

.ramvectors     0x20000000       0xc0
                0x20000000                __cy_region_start_ram = .
 *(.ramvectors)
 .ramvectors    0x20000000       0xc0 .\CortexM0\ARM_GCC_541\Debug\Cm0Start.o
                0x20000000                CyRamVectors

.btldr_run      0x200000c0        0x4
 *(.bootloaderruntype)
 .bootloaderruntype
                0x200000c0        0x4 .\CortexM0\ARM_GCC_541\Debug\Cm0Start.o
                0x200000c0                cyBtldrRunType

.noinit
 *(.noinit)

.data           0x200000c8       0x88 load address 0x00001a50
                0x200000c8                __cy_region_start_data = .
 *(.jcr)
 .jcr           0x200000c8        0x0 c:/program files (x86)/cypress/psoc creator/4.4/psoc creator/import/gnu/arm/5.4.1/bin/../lib/gcc/arm-none-eabi/5.4.1/armv6-m/crtbegin.o
 .jcr           0x200000c8        0x4 c:/program files (x86)/cypress/psoc creator/4.4/psoc creator/import/gnu/arm/5.4.1/bin/../lib/gcc/arm-none-eabi/5.4.1/armv6-m/crtend.o
 *(.got.plt)
 *(.got)
 *(.shdata)
 *(.data .data.* .gnu.linkonce.d.*)
 .data          0x200000cc       0x14 .\CortexM0\ARM_GCC_541\Debug\prueba IDAC+AMux.a(CyLib.o)
                0x200000cc                CySysClkPumpConfig
                0x200000d0                cydelay32kMs
                0x200000d4                cydelayFreqKhz
                0x200000d8                cydelayFreqMhz
                0x200000dc                cydelayFreqHz
 .data          0x200000e0        0x4 .\CortexM0\ARM_GCC_541\Debug\prueba IDAC+AMux.a(CyLFClk.o)
 .data          0x200000e4        0x1 .\CortexM0\ARM_GCC_541\Debug\prueba IDAC+AMux.a(AMux_1.o)
 *fill*         0x200000e5        0x3 
 .data.impure_data
                0x200000e8       0x60 c:/program files (x86)/cypress/psoc creator/4.4/psoc creator/import/gnu/arm/5.4.1/bin/../lib/gcc/arm-none-eabi/5.4.1/../../../../arm-none-eabi/lib/armv6-m\libg_nano.a(lib_a-impure.o)
 .data._impure_ptr
                0x20000148        0x4 c:/program files (x86)/cypress/psoc creator/4.4/psoc creator/import/gnu/arm/5.4.1/bin/../lib/gcc/arm-none-eabi/5.4.1/../../../../arm-none-eabi/lib/armv6-m\libg_nano.a(lib_a-impure.o)
                0x20000148                _impure_ptr
                0x20000150                . = ALIGN (0x8)
 *fill*         0x2000014c        0x4 
 *(.ram)
                0x20000150                _edata = .

.igot.plt       0x20000150        0x0 load address 0x00001ad8
 .igot.plt      0x20000150        0x0 c:/program files (x86)/cypress/psoc creator/4.4/psoc creator/import/gnu/arm/5.4.1/bin/../lib/gcc/arm-none-eabi/5.4.1/armv6-m/crtbegin.o

.bss            0x20000150       0x48 load address 0x00001ad8
                0x20000150                PROVIDE (__bss_start__, .)
 *(.shbss)
 *(.bss .bss.* .gnu.linkonce.b.*)
 .bss           0x20000150       0x1c c:/program files (x86)/cypress/psoc creator/4.4/psoc creator/import/gnu/arm/5.4.1/bin/../lib/gcc/arm-none-eabi/5.4.1/armv6-m/crtbegin.o
 .bss           0x2000016c        0x1 .\CortexM0\ARM_GCC_541\Debug\mainIDAC+AMux.o
                0x2000016c                Estado
 *fill*         0x2000016d        0x3 
 .bss           0x20000170        0x4 .\CortexM0\ARM_GCC_541\Debug\prueba IDAC+AMux.a(IDAC_1.o)
                0x20000170                IDAC_1_initVar
 .bss           0x20000174       0x20 .\CortexM0\ARM_GCC_541\Debug\prueba IDAC+AMux.a(CyLFClk.o)
 *(COMMON)
                0x20000198                . = ALIGN (0x8)
 *fill*         0x20000194        0x4 
 *(.ram.b)
                0x20000198                _end = .
                0x20000198                __end = .
                0x20000198                PROVIDE (end, .)
                0x20000198                PROVIDE (__bss_end__, .)
                0x00001a50                __cy_region_init_ram = LOADADDR (.data)
                0x00000088                __cy_region_init_size_ram = (_edata - ADDR (.data))
                0x00000048                __cy_region_zero_size_ram = (_end - _edata)

.heap           0x20000198       0x80 load address 0x00001ad8
                0x20000198                . = _end
                0x20000218                . = (. + 0x80)
 *fill*         0x20000198       0x80 
                0x20000218                __cy_heap_limit = .

.stack          0x20000c00      0x400
                0x20000c00                __cy_stack_limit = .
                0x20001000                . = (. + 0x400)
 *fill*         0x20000c00      0x400 
                0x00000001                ASSERT ((__cy_stack_limit >= __cy_heap_limit), region RAM overflowed with stack)

.cy_checksum_exclude
                0x00007f80        0x0
 *(.cy_checksum_exclude)
                0x00000000                cy_checksum_exclude_size = (CY_APPL_LOADABLE == 0x1)?SIZEOF (.cy_checksum_exclude):0x0
                0x00000001                ASSERT ((cy_checksum_exclude_size <= CY_CHECKSUM_EXCLUDE_SIZE), CY_BOOT: Section .cy_checksum_exclude size exceedes specified limit.)
                0xf0000000                cyloadermeta_start = (cy_project_type_bootloader || cy_project_type_app_for_stack_and_copier)?(LENGTH (rom) - CY_METADATA_SIZE):0xf0000000

.cyloadermeta   0xf0000000       0x40
 *(.cyloadermeta)
 .cyloadermeta  0xf0000000       0x40 .\CortexM0\ARM_GCC_541\Debug\cybootloader.o
                0xf0000000                cy_meta_loader
                0x00007fc0                cyloadablemeta_start = cy_project_type_app_for_stack_and_copier?((LENGTH (rom) - CY_FLASH_ROW_SIZE) - CY_METADATA_SIZE):((LENGTH (rom) - (CY_FLASH_ROW_SIZE * (CY_APPL_NUM - 0x1))) - CY_METADATA_SIZE)

.cyloadablemeta
                0x00007fc0       0x40
 *(.cyloadablemeta)
 .cyloadablemeta
                0x00007fc0       0x40 .\CortexM0\ARM_GCC_541\Debug\cymetadata.o
                0x00007fc0                cy_meta_loadable

.cyflashprotect
                0x90400000       0x20
 *(.cyflashprotect)
 .cyflashprotect
                0x90400000       0x20 .\CortexM0\ARM_GCC_541\Debug\cybootloader.o
                0x90400000                cy_meta_flashprotect

.cymeta         0x90500000        0xc
 *(.cymeta)
 .cymeta        0x90500000        0xc .\CortexM0\ARM_GCC_541\Debug\cybootloader.o
                0x90500000                cy_metadata

.cychipprotect  0x90600000        0x1
 *(.cychipprotect)
 .cychipprotect
                0x90600000        0x1 .\CortexM0\ARM_GCC_541\Debug\cybootloader.o
                0x90600000                cy_meta_chipprotect

.rel.dyn        0x00008000        0x0 load address 0x90600004
 .rel.iplt      0x00008000        0x0 c:/program files (x86)/cypress/psoc creator/4.4/psoc creator/import/gnu/arm/5.4.1/bin/../lib/gcc/arm-none-eabi/5.4.1/armv6-m/crtbegin.o

.stab
 *(.stab)

.stabstr
 *(.stabstr)

.debug
 *(.debug)

.line
 *(.line)

.debug_srcinfo
 *(.debug_srcinfo)

.debug_sfnames
 *(.debug_sfnames)

.debug_aranges  0x00000000      0x508
 *(.debug_aranges)
 .debug_aranges
                0x00000000       0x28 .\CortexM0\ARM_GCC_541\Debug\mainIDAC+AMux.o
 .debug_aranges
                0x00000028       0x58 .\CortexM0\ARM_GCC_541\Debug\cyfitter_cfg.o
 .debug_aranges
                0x00000080       0x18 .\CortexM0\ARM_GCC_541\Debug\cybootloader.o
 .debug_aranges
                0x00000098       0x18 .\CortexM0\ARM_GCC_541\Debug\cymetadata.o
 .debug_aranges
                0x000000b0       0x48 .\CortexM0\ARM_GCC_541\Debug\Cm0Start.o
 .debug_aranges
                0x000000f8       0x40 .\CortexM0\ARM_GCC_541\Debug\prueba IDAC+AMux.a(IDAC_1.o)
 .debug_aranges
                0x00000138      0x180 .\CortexM0\ARM_GCC_541\Debug\prueba IDAC+AMux.a(CyLib.o)
 .debug_aranges
                0x000002b8      0x138 .\CortexM0\ARM_GCC_541\Debug\prueba IDAC+AMux.a(CyLFClk.o)
 .debug_aranges
                0x000003f0       0x48 .\CortexM0\ARM_GCC_541\Debug\prueba IDAC+AMux.a(SW1_AMux.o)
 .debug_aranges
                0x00000438       0x80 .\CortexM0\ARM_GCC_541\Debug\prueba IDAC+AMux.a(VAR_AMux.o)
 .debug_aranges
                0x000004b8       0x30 .\CortexM0\ARM_GCC_541\Debug\prueba IDAC+AMux.a(AMux_1.o)
 .debug_aranges
                0x000004e8       0x20 .\CortexM0\ARM_GCC_541\Debug\prueba IDAC+AMux.a(CyBootAsmGnu.o)

.debug_pubnames
 *(.debug_pubnames)

.debug_info     0x00000000     0x2c44
 *(.debug_info .gnu.linkonce.wi.*)
 .debug_info    0x00000000      0x17b .\CortexM0\ARM_GCC_541\Debug\mainIDAC+AMux.o
 .debug_info    0x0000017b      0x44e .\CortexM0\ARM_GCC_541\Debug\cyfitter_cfg.o
 .debug_info    0x000005c9      0x153 .\CortexM0\ARM_GCC_541\Debug\cybootloader.o
 .debug_info    0x0000071c       0xac .\CortexM0\ARM_GCC_541\Debug\cymetadata.o
 .debug_info    0x000007c8      0x3b3 .\CortexM0\ARM_GCC_541\Debug\Cm0Start.o
 .debug_info    0x00000b7b      0x221 .\CortexM0\ARM_GCC_541\Debug\prueba IDAC+AMux.a(IDAC_1.o)
 .debug_info    0x00000d9c      0xaed .\CortexM0\ARM_GCC_541\Debug\prueba IDAC+AMux.a(CyLib.o)
 .debug_info    0x00001889      0xcfe .\CortexM0\ARM_GCC_541\Debug\prueba IDAC+AMux.a(CyLFClk.o)
 .debug_info    0x00002587      0x19d .\CortexM0\ARM_GCC_541\Debug\prueba IDAC+AMux.a(SW1_AMux.o)
 .debug_info    0x00002724      0x305 .\CortexM0\ARM_GCC_541\Debug\prueba IDAC+AMux.a(VAR_AMux.o)
 .debug_info    0x00002a29      0x146 .\CortexM0\ARM_GCC_541\Debug\prueba IDAC+AMux.a(AMux_1.o)
 .debug_info    0x00002b6f       0xd5 .\CortexM0\ARM_GCC_541\Debug\prueba IDAC+AMux.a(CyBootAsmGnu.o)

.debug_abbrev   0x00000000      0xcdf
 *(.debug_abbrev)
 .debug_abbrev  0x00000000       0xbf .\CortexM0\ARM_GCC_541\Debug\mainIDAC+AMux.o
 .debug_abbrev  0x000000bf      0x1b7 .\CortexM0\ARM_GCC_541\Debug\cyfitter_cfg.o
 .debug_abbrev  0x00000276       0x77 .\CortexM0\ARM_GCC_541\Debug\cybootloader.o
 .debug_abbrev  0x000002ed       0x5d .\CortexM0\ARM_GCC_541\Debug\cymetadata.o
 .debug_abbrev  0x0000034a      0x1e8 .\CortexM0\ARM_GCC_541\Debug\Cm0Start.o
 .debug_abbrev  0x00000532       0xa3 .\CortexM0\ARM_GCC_541\Debug\prueba IDAC+AMux.a(IDAC_1.o)
 .debug_abbrev  0x000005d5      0x1d3 .\CortexM0\ARM_GCC_541\Debug\prueba IDAC+AMux.a(CyLib.o)
 .debug_abbrev  0x000007a8      0x210 .\CortexM0\ARM_GCC_541\Debug\prueba IDAC+AMux.a(CyLFClk.o)
 .debug_abbrev  0x000009b8       0xc8 .\CortexM0\ARM_GCC_541\Debug\prueba IDAC+AMux.a(SW1_AMux.o)
 .debug_abbrev  0x00000a80      0x19a .\CortexM0\ARM_GCC_541\Debug\prueba IDAC+AMux.a(VAR_AMux.o)
 .debug_abbrev  0x00000c1a       0xb1 .\CortexM0\ARM_GCC_541\Debug\prueba IDAC+AMux.a(AMux_1.o)
 .debug_abbrev  0x00000ccb       0x14 .\CortexM0\ARM_GCC_541\Debug\prueba IDAC+AMux.a(CyBootAsmGnu.o)

.debug_line     0x00000000     0x12e5
 *(.debug_line)
 .debug_line    0x00000000       0xb5 .\CortexM0\ARM_GCC_541\Debug\mainIDAC+AMux.o
 .debug_line    0x000000b5      0x1b4 .\CortexM0\ARM_GCC_541\Debug\cyfitter_cfg.o
 .debug_line    0x00000269       0x53 .\CortexM0\ARM_GCC_541\Debug\cybootloader.o
 .debug_line    0x000002bc      0x141 .\CortexM0\ARM_GCC_541\Debug\cymetadata.o
 .debug_line    0x000003fd      0x238 .\CortexM0\ARM_GCC_541\Debug\Cm0Start.o
 .debug_line    0x00000635       0xc4 .\CortexM0\ARM_GCC_541\Debug\prueba IDAC+AMux.a(IDAC_1.o)
 .debug_line    0x000006f9      0x460 .\CortexM0\ARM_GCC_541\Debug\prueba IDAC+AMux.a(CyLib.o)
 .debug_line    0x00000b59      0x466 .\CortexM0\ARM_GCC_541\Debug\prueba IDAC+AMux.a(CyLFClk.o)
 .debug_line    0x00000fbf       0xc0 .\CortexM0\ARM_GCC_541\Debug\prueba IDAC+AMux.a(SW1_AMux.o)
 .debug_line    0x0000107f      0x150 .\CortexM0\ARM_GCC_541\Debug\prueba IDAC+AMux.a(VAR_AMux.o)
 .debug_line    0x000011cf       0xad .\CortexM0\ARM_GCC_541\Debug\prueba IDAC+AMux.a(AMux_1.o)
 .debug_line    0x0000127c       0x69 .\CortexM0\ARM_GCC_541\Debug\prueba IDAC+AMux.a(CyBootAsmGnu.o)

.debug_frame    0x00000000      0xc98
 *(.debug_frame)
 .debug_frame   0x00000000       0x48 .\CortexM0\ARM_GCC_541\Debug\mainIDAC+AMux.o
 .debug_frame   0x00000048       0xd8 .\CortexM0\ARM_GCC_541\Debug\cyfitter_cfg.o
 .debug_frame   0x00000120       0xbc .\CortexM0\ARM_GCC_541\Debug\Cm0Start.o
 .debug_frame   0x000001dc       0x9c .\CortexM0\ARM_GCC_541\Debug\prueba IDAC+AMux.a(IDAC_1.o)
 .debug_frame   0x00000278      0x3e0 .\CortexM0\ARM_GCC_541\Debug\prueba IDAC+AMux.a(CyLib.o)
 .debug_frame   0x00000658      0x3a8 .\CortexM0\ARM_GCC_541\Debug\prueba IDAC+AMux.a(CyLFClk.o)
 .debug_frame   0x00000a00       0x70 .\CortexM0\ARM_GCC_541\Debug\prueba IDAC+AMux.a(SW1_AMux.o)
 .debug_frame   0x00000a70      0x110 .\CortexM0\ARM_GCC_541\Debug\prueba IDAC+AMux.a(VAR_AMux.o)
 .debug_frame   0x00000b80       0x64 .\CortexM0\ARM_GCC_541\Debug\prueba IDAC+AMux.a(AMux_1.o)
 .debug_frame   0x00000be4       0x20 c:/program files (x86)/cypress/psoc creator/4.4/psoc creator/import/gnu/arm/5.4.1/bin/../lib/gcc/arm-none-eabi/5.4.1/armv6-m\libgcc.a(_udivsi3.o)
 .debug_frame   0x00000c04       0x20 c:/program files (x86)/cypress/psoc creator/4.4/psoc creator/import/gnu/arm/5.4.1/bin/../lib/gcc/arm-none-eabi/5.4.1/../../../../arm-none-eabi/lib/armv6-m\libg_nano.a(lib_a-errno.o)
 .debug_frame   0x00000c24       0x28 c:/program files (x86)/cypress/psoc creator/4.4/psoc creator/import/gnu/arm/5.4.1/bin/../lib/gcc/arm-none-eabi/5.4.1/../../../../arm-none-eabi/lib/armv6-m\libg_nano.a(lib_a-exit.o)
 .debug_frame   0x00000c4c       0x2c c:/program files (x86)/cypress/psoc creator/4.4/psoc creator/import/gnu/arm/5.4.1/bin/../lib/gcc/arm-none-eabi/5.4.1/../../../../arm-none-eabi/lib/armv6-m\libg_nano.a(lib_a-init.o)
 .debug_frame   0x00000c78       0x20 c:/program files (x86)/cypress/psoc creator/4.4/psoc creator/import/gnu/arm/5.4.1/bin/../lib/gcc/arm-none-eabi/5.4.1/../../../../arm-none-eabi/lib/armv6-m\libg_nano.a(lib_a-memset.o)

.debug_str      0x00000000     0x1203
 *(.debug_str)
 .debug_str     0x00000000      0x21d .\CortexM0\ARM_GCC_541\Debug\mainIDAC+AMux.o
                                0x25d (size before relaxing)
 .debug_str     0x0000021d      0x179 .\CortexM0\ARM_GCC_541\Debug\cyfitter_cfg.o
                                0x362 (size before relaxing)
 .debug_str     0x00000396       0x78 .\CortexM0\ARM_GCC_541\Debug\cybootloader.o
                                0x232 (size before relaxing)
 .debug_str     0x0000040e       0x3f .\CortexM0\ARM_GCC_541\Debug\cymetadata.o
                                0x1e9 (size before relaxing)
 .debug_str     0x0000044d      0x149 .\CortexM0\ARM_GCC_541\Debug\Cm0Start.o
                                0x355 (size before relaxing)
 .debug_str     0x00000596       0xbb .\CortexM0\ARM_GCC_541\Debug\prueba IDAC+AMux.a(IDAC_1.o)
                                0x2a6 (size before relaxing)
 .debug_str     0x00000651      0x49d .\CortexM0\ARM_GCC_541\Debug\prueba IDAC+AMux.a(CyLib.o)
                                0x6fb (size before relaxing)
 .debug_str     0x00000aee      0x527 .\CortexM0\ARM_GCC_541\Debug\prueba IDAC+AMux.a(CyLFClk.o)
                                0x782 (size before relaxing)
 .debug_str     0x00001015       0xa8 .\CortexM0\ARM_GCC_541\Debug\prueba IDAC+AMux.a(SW1_AMux.o)
                                0x290 (size before relaxing)
 .debug_str     0x000010bd      0x10e .\CortexM0\ARM_GCC_541\Debug\prueba IDAC+AMux.a(VAR_AMux.o)
                                0x359 (size before relaxing)
 .debug_str     0x000011cb       0x38 .\CortexM0\ARM_GCC_541\Debug\prueba IDAC+AMux.a(AMux_1.o)
                                0x23d (size before relaxing)

.debug_loc      0x00000000     0x140e
 *(.debug_loc)
 .debug_loc     0x00000000      0x14d .\CortexM0\ARM_GCC_541\Debug\cyfitter_cfg.o
 .debug_loc     0x0000014d      0x14f .\CortexM0\ARM_GCC_541\Debug\Cm0Start.o
 .debug_loc     0x0000029c       0xb5 .\CortexM0\ARM_GCC_541\Debug\prueba IDAC+AMux.a(IDAC_1.o)
 .debug_loc     0x00000351      0x599 .\CortexM0\ARM_GCC_541\Debug\prueba IDAC+AMux.a(CyLib.o)
 .debug_loc     0x000008ea      0x9b5 .\CortexM0\ARM_GCC_541\Debug\prueba IDAC+AMux.a(CyLFClk.o)
 .debug_loc     0x0000129f       0xa2 .\CortexM0\ARM_GCC_541\Debug\prueba IDAC+AMux.a(SW1_AMux.o)
 .debug_loc     0x00001341       0x82 .\CortexM0\ARM_GCC_541\Debug\prueba IDAC+AMux.a(VAR_AMux.o)
 .debug_loc     0x000013c3       0x4b .\CortexM0\ARM_GCC_541\Debug\prueba IDAC+AMux.a(AMux_1.o)

.debug_macinfo
 *(.debug_macinfo)

.debug_ranges   0x00000000      0x428
 *(.debug_ranges)
 .debug_ranges  0x00000000       0x18 .\CortexM0\ARM_GCC_541\Debug\mainIDAC+AMux.o
 .debug_ranges  0x00000018       0x48 .\CortexM0\ARM_GCC_541\Debug\cyfitter_cfg.o
 .debug_ranges  0x00000060       0x38 .\CortexM0\ARM_GCC_541\Debug\Cm0Start.o
 .debug_ranges  0x00000098       0x30 .\CortexM0\ARM_GCC_541\Debug\prueba IDAC+AMux.a(IDAC_1.o)
 .debug_ranges  0x000000c8      0x170 .\CortexM0\ARM_GCC_541\Debug\prueba IDAC+AMux.a(CyLib.o)
 .debug_ranges  0x00000238      0x128 .\CortexM0\ARM_GCC_541\Debug\prueba IDAC+AMux.a(CyLFClk.o)
 .debug_ranges  0x00000360       0x38 .\CortexM0\ARM_GCC_541\Debug\prueba IDAC+AMux.a(SW1_AMux.o)
 .debug_ranges  0x00000398       0x70 .\CortexM0\ARM_GCC_541\Debug\prueba IDAC+AMux.a(VAR_AMux.o)
 .debug_ranges  0x00000408       0x20 .\CortexM0\ARM_GCC_541\Debug\prueba IDAC+AMux.a(AMux_1.o)

.comment        0x00000000       0x6e
 .comment       0x00000000       0x6e .\CortexM0\ARM_GCC_541\Debug\mainIDAC+AMux.o
                                 0x6f (size before relaxing)
 .comment       0x0000006e       0x6f .\CortexM0\ARM_GCC_541\Debug\cyfitter_cfg.o
 .comment       0x0000006e       0x6f .\CortexM0\ARM_GCC_541\Debug\cybootloader.o
 .comment       0x0000006e       0x6f .\CortexM0\ARM_GCC_541\Debug\cymetadata.o
 .comment       0x0000006e       0x6f .\CortexM0\ARM_GCC_541\Debug\Cm0Start.o
 .comment       0x0000006e       0x6f .\CortexM0\ARM_GCC_541\Debug\prueba IDAC+AMux.a(IDAC_1.o)
 .comment       0x0000006e       0x6f .\CortexM0\ARM_GCC_541\Debug\prueba IDAC+AMux.a(CyLib.o)
 .comment       0x0000006e       0x6f .\CortexM0\ARM_GCC_541\Debug\prueba IDAC+AMux.a(CyLFClk.o)
 .comment       0x0000006e       0x6f .\CortexM0\ARM_GCC_541\Debug\prueba IDAC+AMux.a(SW1_AMux.o)
 .comment       0x0000006e       0x6f .\CortexM0\ARM_GCC_541\Debug\prueba IDAC+AMux.a(VAR_AMux.o)
 .comment       0x0000006e       0x6f .\CortexM0\ARM_GCC_541\Debug\prueba IDAC+AMux.a(AMux_1.o)

.debug_weaknames
 *(.debug_weaknames)

.debug_funcnames
 *(.debug_funcnames)

.debug_typenames
 *(.debug_typenames)

.debug_varnames
 *(.debug_varnames)

.note.gnu.arm.ident
 *(.note.gnu.arm.ident)

.ARM.attributes
                0x00000000       0x28
 *(.ARM.attributes)
 .ARM.attributes
                0x00000000       0x1e c:/program files (x86)/cypress/psoc creator/4.4/psoc creator/import/gnu/arm/5.4.1/bin/../lib/gcc/arm-none-eabi/5.4.1/armv6-m/crti.o
 .ARM.attributes
                0x0000001e       0x2c c:/program files (x86)/cypress/psoc creator/4.4/psoc creator/import/gnu/arm/5.4.1/bin/../lib/gcc/arm-none-eabi/5.4.1/armv6-m/crtbegin.o
 .ARM.attributes
                0x0000004a       0x1b c:/program files (x86)/cypress/psoc creator/4.4/psoc creator/import/gnu/arm/5.4.1/bin/../lib/gcc/arm-none-eabi/5.4.1/../../../../arm-none-eabi/lib/armv6-m/crt0.o
 .ARM.attributes
                0x00000065       0x31 .\CortexM0\ARM_GCC_541\Debug\mainIDAC+AMux.o
 .ARM.attributes
                0x00000096       0x31 .\CortexM0\ARM_GCC_541\Debug\cyfitter_cfg.o
 .ARM.attributes
                0x000000c7       0x31 .\CortexM0\ARM_GCC_541\Debug\cybootloader.o
 .ARM.attributes
                0x000000f8       0x31 .\CortexM0\ARM_GCC_541\Debug\cymetadata.o
 .ARM.attributes
                0x00000129       0x31 .\CortexM0\ARM_GCC_541\Debug\Cm0Start.o
 .ARM.attributes
                0x0000015a       0x31 .\CortexM0\ARM_GCC_541\Debug\prueba IDAC+AMux.a(IDAC_1.o)
 .ARM.attributes
                0x0000018b       0x31 .\CortexM0\ARM_GCC_541\Debug\prueba IDAC+AMux.a(CyLib.o)
 .ARM.attributes
                0x000001bc       0x31 .\CortexM0\ARM_GCC_541\Debug\prueba IDAC+AMux.a(CyLFClk.o)
 .ARM.attributes
                0x000001ed       0x31 .\CortexM0\ARM_GCC_541\Debug\prueba IDAC+AMux.a(SW1_AMux.o)
 .ARM.attributes
                0x0000021e       0x31 .\CortexM0\ARM_GCC_541\Debug\prueba IDAC+AMux.a(VAR_AMux.o)
 .ARM.attributes
                0x0000024f       0x31 .\CortexM0\ARM_GCC_541\Debug\prueba IDAC+AMux.a(AMux_1.o)
 .ARM.attributes
                0x00000280       0x21 .\CortexM0\ARM_GCC_541\Debug\prueba IDAC+AMux.a(CyBootAsmGnu.o)
 .ARM.attributes
                0x000002a1       0x1e c:/program files (x86)/cypress/psoc creator/4.4/psoc creator/import/gnu/arm/5.4.1/bin/../lib/gcc/arm-none-eabi/5.4.1/armv6-m\libgcc.a(_udivsi3.o)
 .ARM.attributes
                0x000002bf       0x1e c:/program files (x86)/cypress/psoc creator/4.4/psoc creator/import/gnu/arm/5.4.1/bin/../lib/gcc/arm-none-eabi/5.4.1/armv6-m\libgcc.a(_dvmd_tls.o)
 .ARM.attributes
                0x000002dd       0x2c c:/program files (x86)/cypress/psoc creator/4.4/psoc creator/import/gnu/arm/5.4.1/bin/../lib/gcc/arm-none-eabi/5.4.1/../../../../arm-none-eabi/lib/armv6-m\libg_nano.a(lib_a-errno.o)
 .ARM.attributes
                0x00000309       0x2c c:/program files (x86)/cypress/psoc creator/4.4/psoc creator/import/gnu/arm/5.4.1/bin/../lib/gcc/arm-none-eabi/5.4.1/../../../../arm-none-eabi/lib/armv6-m\libg_nano.a(lib_a-exit.o)
 .ARM.attributes
                0x00000335       0x2c c:/program files (x86)/cypress/psoc creator/4.4/psoc creator/import/gnu/arm/5.4.1/bin/../lib/gcc/arm-none-eabi/5.4.1/../../../../arm-none-eabi/lib/armv6-m\libg_nano.a(lib_a-impure.o)
 .ARM.attributes
                0x00000361       0x2c c:/program files (x86)/cypress/psoc creator/4.4/psoc creator/import/gnu/arm/5.4.1/bin/../lib/gcc/arm-none-eabi/5.4.1/../../../../arm-none-eabi/lib/armv6-m\libg_nano.a(lib_a-init.o)
 .ARM.attributes
                0x0000038d       0x2c c:/program files (x86)/cypress/psoc creator/4.4/psoc creator/import/gnu/arm/5.4.1/bin/../lib/gcc/arm-none-eabi/5.4.1/../../../../arm-none-eabi/lib/armv6-m\libg_nano.a(lib_a-memset.o)
 .ARM.attributes
                0x000003b9       0x2c c:/program files (x86)/cypress/psoc creator/4.4/psoc creator/import/gnu/arm/5.4.1/bin/../lib/gcc/arm-none-eabi/5.4.1/armv6-m/crtend.o
 .ARM.attributes
                0x000003e5       0x1e c:/program files (x86)/cypress/psoc creator/4.4/psoc creator/import/gnu/arm/5.4.1/bin/../lib/gcc/arm-none-eabi/5.4.1/armv6-m/crtn.o

/DISCARD/
 *(.note.GNU-stack)
OUTPUT(D:\ESCRITORIO\Tesis MIB\Proyecto de Tesis\electroestimulador\PSoC\electroestimulador\Pruebas electroestimulador\prueba IDAC+AMux.cydsn\CortexM0\ARM_GCC_541\Debug\prueba IDAC+AMux.elf elf32-littlearm)
